2026-09-21 06:39:47,409 - __main__ - INFO - Applied 5.0% systematic error floor in quadrature. Mean floor contribution: 1.951e-30 erg/s/cm2/Hz
2026-09-21 06:40:03,878 - __main__ - INFO - Galaxy 14099 (z=1.093): 15 detected bands
2026-09-21 06:40:03,878 - __main__ - INFO - Config V: 6 free parameters
2026-09-21 06:40:03,878 - __main__ - INFO - Attempt 1/3: target_accept 0.85, warmup 150, diagonal mass
2026-09-21 06:45:38,842 - tengri.inference.backends.mcmc.nuts - INFO - NUTS: 5 parameters, 150 warmup, 300 samples, target_accept=0.85
2026-09-21 07:33:49,954 - tengri.inference.backends.mcmc.nuts - INFO -   Warmup complete (2891.1s). Step size: 0.0165. Divergent in the final warmup window: 0%
2026-09-21 08:31:12,564 - tengri.inference.backends.mcmc.nuts - INFO -   NUTS complete in 6333.1s. Divergences: 5/1200 (0.4%). Tree depth: mean 8.4, at cap on 2% of iterations (max_num_doublings=10)
2026-09-21 08:33:17,744 - __main__ - WARNING - ✗ Fit failed adoption bar: divergences=5, rhat_max=1.0074
2026-09-21 08:33:36,288 - __main__ - INFO - Saved results to analysis/paper1/results/fits/14099_V.npz
2026-09-21 08:33:36,289 - __main__ - INFO - Saved diagnostics to analysis/paper1/results/fits/14099_V.json
2026-09-21 08:33:36,292 - __main__ - INFO - Saved the best attempt so far (attempt 1 of 1, divergences=5) before retuning
2026-09-21 08:33:36,292 - __main__ - INFO - Attempt 2/3: target_accept 0.95, warmup 150, diagonal mass
2026-09-21 08:33:38,393 - tengri.inference.backends.mcmc.nuts - INFO - NUTS: 5 parameters, 150 warmup, 300 samples, target_accept=0.95
2026-09-21 09:14:52,495 - tengri.inference.backends.mcmc.nuts - INFO -   Warmup complete (2474.1s). Step size: 0.0011. Divergent in the final warmup window: 0%
src/tengri/inference/_registration.py:291: NUTSTreeDepthWarning: NUTS hit its tree-depth cap on 97% of post-burnin iterations at max_num_doublings=10; each such iteration paid up to 1023 gradient evaluations on a trajectory the U-turn criterion never terminated. On SED posteriors this is the signature of heavy-tailed priors or strong parameter correlations (the nonparametric-SFH StudentT ratio priors are the measured case). Check the model before the sampler: a nonparametric SFH whose bin edges run past the age of the universe at the fit redshift leaves bins with no likelihood, sampling a heavy-tailed prior that nothing constrains. Fixing that on a D=9 continuity fit at z=1.5 cut the wall from 174 s to 69 s on its own. After that, trajectory LENGTH is the lever: mcmc_hmc with n_leapfrog_steps=150 measured a median min-ESS of 118 over six seeds against 119 for this sampler, and never fell below 64 where 80 steps returned 31 and 60 steps 23 on their worst seed. dense_mass_matrix=True is not a safe default here: it measured 12 divergences per run on that fit (77 per 400 draws before the bins were fixed) against 2 for the diagonal, so check n_divergent before trusting its higher speed. Lowering max_num_doublings bounds the wall instead, at a real ESS cost (cap 6 measured min-ESS 5 on the same fit); quick looks only. See posterior.diagnostics['tree_depth_mean'/'frac_max_depth'].
  return _ctx_run_nuts(
2026-09-21 14:13:56,539 - tengri.inference.backends.mcmc.nuts - INFO -   NUTS complete in 20418.0s. Divergences: 0/1200 (0.0%). Tree depth: mean 10.0, at cap on 97% of iterations (max_num_doublings=10)
2026-09-21 14:15:58,184 - __main__ - INFO - ✓ Fit passed adoption bar: divergences=0, rhat_max=1.0089
2026-09-21 14:16:41,650 - __main__ - INFO - Saved results to analysis/paper1/results/fits/14099_V.npz
2026-09-21 14:16:41,656 - __main__ - INFO - Saved diagnostics to analysis/paper1/results/fits/14099_V.json
2026-09-21 14:16:41,663 - __main__ - INFO - ✓ Fit complete for galaxy 14099 config V
  MAP initialization (1000 steps)...
  MAP init done (loss=16.81)
  MAP initialization: reusing cached MAP point
