2026-09-21 02:31:36,789 - __main__ - INFO - Applied 5.0% systematic error floor in quadrature. Mean floor contribution: 6.157e-30 erg/s/cm2/Hz
2026-09-21 02:32:04,629 - __main__ - INFO - Galaxy 7837 (z=1.095): 15 detected bands
2026-09-21 02:32:04,632 - __main__ - INFO - Config V: 6 free parameters
2026-09-21 02:32:04,632 - __main__ - INFO - Attempt 1/3: target_accept 0.85, warmup 150, diagonal mass
E0921 02:32:21.761021 3521726 slow_operation_alarm.cc:73] Constant folding an instruction is taking > 1s:

  %sort.154 = f64[9384]{0} sort(%constant.7480), dimensions={0}, is_stable=true, to_apply=%region_77.285.clone, metadata={op_name="jit(_impl)/jit(lnu_filter_integral)/jit(sort)/sort" stack_frame_id=1580}

This isn't necessarily a bug; constant-folding is inherently a trade-off between compilation time and speed at runtime. XLA has some guards that attempt to keep constant folding from taking too long, but fundamentally you'll always be able to come up with an input program that takes a long time.

If you'd like to file a bug, run with envvar XLA_FLAGS=--xla_dump_to=/tmp/foo and attach the results.
E0921 02:32:21.813261 3521631 slow_operation_alarm.cc:140] The operation took 1.052555955s
Constant folding an instruction is taking > 1s:

  %sort.154 = f64[9384]{0} sort(%constant.7480), dimensions={0}, is_stable=true, to_apply=%region_77.285.clone, metadata={op_name="jit(_impl)/jit(lnu_filter_integral)/jit(sort)/sort" stack_frame_id=1580}

This isn't necessarily a bug; constant-folding is inherently a trade-off between compilation time and speed at runtime. XLA has some guards that attempt to keep constant folding from taking too long, but fundamentally you'll always be able to come up with an input program that takes a long time.

If you'd like to file a bug, run with envvar XLA_FLAGS=--xla_dump_to=/tmp/foo and attach the results.
2026-09-21 02:37:20,135 - tengri.inference.backends.mcmc.nuts - INFO - NUTS: 5 parameters, 150 warmup, 300 samples, target_accept=0.85
2026-09-21 03:00:30,664 - tengri.inference.backends.mcmc.nuts - INFO -   Warmup complete (1390.5s). Step size: 0.0134. Divergent in the final warmup window: 0%
2026-09-21 04:20:22,834 - tengri.inference.backends.mcmc.nuts - INFO -   NUTS complete in 6181.2s. Divergences: 5/1200 (0.4%). Tree depth: mean 8.5, at cap on 4% of iterations (max_num_doublings=10)
2026-09-21 04:23:41,267 - __main__ - WARNING - ✗ Fit failed adoption bar: divergences=5, rhat_max=1.0045
2026-09-21 04:24:06,977 - __main__ - INFO - Saved results to analysis/paper1/results/fits/7837_V.npz
2026-09-21 04:24:06,979 - __main__ - INFO - Saved diagnostics to analysis/paper1/results/fits/7837_V.json
2026-09-21 04:24:06,983 - __main__ - INFO - Saved the best attempt so far (attempt 1 of 1, divergences=5) before retuning
2026-09-21 04:24:06,984 - __main__ - INFO - Attempt 2/3: target_accept 0.95, warmup 150, diagonal mass
2026-09-21 04:24:09,604 - tengri.inference.backends.mcmc.nuts - INFO - NUTS: 5 parameters, 150 warmup, 300 samples, target_accept=0.95
2026-09-21 05:12:36,281 - tengri.inference.backends.mcmc.nuts - INFO -   Warmup complete (2906.7s). Step size: 0.0003. Divergent in the final warmup window: 0%
src/tengri/inference/_registration.py:291: NUTSTreeDepthWarning: NUTS hit its tree-depth cap on 100% of post-burnin iterations at max_num_doublings=10; each such iteration paid up to 1023 gradient evaluations on a trajectory the U-turn criterion never terminated. On SED posteriors this is the signature of heavy-tailed priors or strong parameter correlations (the nonparametric-SFH StudentT ratio priors are the measured case). Check the model before the sampler: a nonparametric SFH whose bin edges run past the age of the universe at the fit redshift leaves bins with no likelihood, sampling a heavy-tailed prior that nothing constrains. Fixing that on a D=9 continuity fit at z=1.5 cut the wall from 174 s to 69 s on its own. After that, trajectory LENGTH is the lever: mcmc_hmc with n_leapfrog_steps=150 measured a median min-ESS of 118 over six seeds against 119 for this sampler, and never fell below 64 where 80 steps returned 31 and 60 steps 23 on their worst seed. dense_mass_matrix=True is not a safe default here: it measured 12 divergences per run on that fit (77 per 400 draws before the bins were fixed) against 2 for the diagonal, so check n_divergent before trusting its higher speed. Lowering max_num_doublings bounds the wall instead, at a real ESS cost (cap 6 measured min-ESS 5 on the same fit); quick looks only. See posterior.diagnostics['tree_depth_mean'/'frac_max_depth'].
  return _ctx_run_nuts(
2026-09-21 08:07:21,850 - tengri.inference.backends.mcmc.nuts - INFO -   NUTS complete in 13392.1s. Divergences: 0/1200 (0.0%). Tree depth: mean 10.0, at cap on 100% of iterations (max_num_doublings=10)
2026-09-21 08:10:23,207 - __main__ - WARNING - ✗ Fit failed adoption bar: divergences=0, rhat_max=1.0438
2026-09-21 08:10:48,965 - __main__ - INFO - Saved results to analysis/paper1/results/fits/7837_V.npz
2026-09-21 08:10:48,966 - __main__ - INFO - Saved diagnostics to analysis/paper1/results/fits/7837_V.json
2026-09-21 08:10:48,968 - __main__ - INFO - Saved the best attempt so far (attempt 1 of 2, divergences=5) before retuning
2026-09-21 08:10:48,969 - __main__ - INFO - Attempt 3/3: target_accept 0.99, warmup 150, diagonal mass
2026-09-21 08:10:52,154 - tengri.inference.backends.mcmc.nuts - INFO - NUTS: 5 parameters, 150 warmup, 300 samples, target_accept=0.99
2026-09-21 09:13:03,489 - tengri.inference.backends.mcmc.nuts - INFO -   Warmup complete (3731.3s). Step size: 0.0002. Divergent in the final warmup window: 0%
src/tengri/inference/_registration.py:291: NUTSTreeDepthWarning: NUTS hit its tree-depth cap on 100% of post-burnin iterations at max_num_doublings=10; each such iteration paid up to 1023 gradient evaluations on a trajectory the U-turn criterion never terminated. On SED posteriors this is the signature of heavy-tailed priors or strong parameter correlations (the nonparametric-SFH StudentT ratio priors are the measured case). Check the model before the sampler: a nonparametric SFH whose bin edges run past the age of the universe at the fit redshift leaves bins with no likelihood, sampling a heavy-tailed prior that nothing constrains. Fixing that on a D=9 continuity fit at z=1.5 cut the wall from 174 s to 69 s on its own. After that, trajectory LENGTH is the lever: mcmc_hmc with n_leapfrog_steps=150 measured a median min-ESS of 118 over six seeds against 119 for this sampler, and never fell below 64 where 80 steps returned 31 and 60 steps 23 on their worst seed. dense_mass_matrix=True is not a safe default here: it measured 12 divergences per run on that fit (77 per 400 draws before the bins were fixed) against 2 for the diagonal, so check n_divergent before trusting its higher speed. Lowering max_num_doublings bounds the wall instead, at a real ESS cost (cap 6 measured min-ESS 5 on the same fit); quick looks only. See posterior.diagnostics['tree_depth_mean'/'frac_max_depth'].
  return _ctx_run_nuts(
2026-09-21 14:14:44,382 - tengri.inference.backends.mcmc.nuts - INFO -   NUTS complete in 21831.9s. Divergences: 0/1200 (0.0%). Tree depth: mean 10.0, at cap on 100% of iterations (max_num_doublings=10)
