2026-09-21 04:09:22,862 - __main__ - INFO - Applied 5.0% systematic error floor in quadrature. Mean floor contribution: 2.178e-30 erg/s/cm2/Hz
2026-09-21 04:09:46,001 - __main__ - INFO - Galaxy 9884 (z=1.048): 15 detected bands
2026-09-21 04:09:46,002 - __main__ - INFO - Config V: 6 free parameters
2026-09-21 04:09:46,002 - __main__ - INFO - Attempt 1/3: target_accept 0.85, warmup 150, diagonal mass
E0921 04:10:00.774633 3815914 slow_operation_alarm.cc:73] Constant folding an instruction is taking > 1s:

  %sort.153 = f64[5565]{0} sort(%constant.7404), dimensions={0}, is_stable=true, to_apply=%region_71.259.clone, metadata={op_name="jit(_impl)/jit(lnu_filter_integral)/jit(sort)/sort" stack_frame_id=1580}

This isn't necessarily a bug; constant-folding is inherently a trade-off between compilation time and speed at runtime. XLA has some guards that attempt to keep constant folding from taking too long, but fundamentally you'll always be able to come up with an input program that takes a long time.

If you'd like to file a bug, run with envvar XLA_FLAGS=--xla_dump_to=/tmp/foo and attach the results.
E0921 04:10:00.792522 3815819 slow_operation_alarm.cc:140] The operation took 1.019282922s
Constant folding an instruction is taking > 1s:

  %sort.153 = f64[5565]{0} sort(%constant.7404), dimensions={0}, is_stable=true, to_apply=%region_71.259.clone, metadata={op_name="jit(_impl)/jit(lnu_filter_integral)/jit(sort)/sort" stack_frame_id=1580}

This isn't necessarily a bug; constant-folding is inherently a trade-off between compilation time and speed at runtime. XLA has some guards that attempt to keep constant folding from taking too long, but fundamentally you'll always be able to come up with an input program that takes a long time.

If you'd like to file a bug, run with envvar XLA_FLAGS=--xla_dump_to=/tmp/foo and attach the results.
2026-09-21 04:16:14,342 - tengri.inference.backends.mcmc.nuts - INFO - NUTS: 5 parameters, 150 warmup, 300 samples, target_accept=0.85
2026-09-21 04:21:18,371 - tengri.inference.backends.mcmc.nuts - INFO -   Warmup complete (304.0s). Step size: 0.0835. Divergent in the final warmup window: 0%
2026-09-21 04:29:18,767 - tengri.inference.backends.mcmc.nuts - INFO -   NUTS complete in 783.6s. Divergences: 6/1200 (0.5%). Tree depth: mean 5.6, at cap on 0% of iterations (max_num_doublings=10)
2026-09-21 04:32:51,271 - __main__ - WARNING - ✗ Fit failed adoption bar: divergences=6, rhat_max=1.0010
2026-09-21 04:33:08,907 - __main__ - INFO - Saved results to analysis/paper1/results/fits/9884_V.npz
2026-09-21 04:33:08,910 - __main__ - INFO - Saved diagnostics to analysis/paper1/results/fits/9884_V.json
2026-09-21 04:33:08,912 - __main__ - INFO - Saved the best attempt so far (attempt 1 of 1, divergences=6) before retuning
2026-09-21 04:33:08,912 - __main__ - INFO - Attempt 2/3: target_accept 0.95, warmup 150, diagonal mass
2026-09-21 04:33:10,986 - tengri.inference.backends.mcmc.nuts - INFO - NUTS: 5 parameters, 150 warmup, 300 samples, target_accept=0.95
2026-09-21 04:42:42,887 - tengri.inference.backends.mcmc.nuts - INFO -   Warmup complete (571.9s). Step size: 0.0487. Divergent in the final warmup window: 0%
2026-09-21 04:51:23,977 - tengri.inference.backends.mcmc.nuts - INFO -   NUTS complete in 1092.9s. Divergences: 0/1200 (0.0%). Tree depth: mean 5.8, at cap on 0% of iterations (max_num_doublings=10)
2026-09-21 04:53:43,773 - __main__ - INFO - ✓ Fit passed adoption bar: divergences=0, rhat_max=1.0037
2026-09-21 04:53:59,723 - __main__ - INFO - Saved results to analysis/paper1/results/fits/9884_V.npz
2026-09-21 04:53:59,724 - __main__ - INFO - Saved diagnostics to analysis/paper1/results/fits/9884_V.json
2026-09-21 04:53:59,732 - __main__ - INFO - ✓ Fit complete for galaxy 9884 config V
  MAP initialization (1000 steps)...
  MAP init done (loss=22.51)
  MAP initialization: reusing cached MAP point
