2026-09-14 16:08:18,588 - __main__ - INFO - Applied 5.0% systematic error floor in quadrature. Mean floor contribution: 1.257e-29 erg/s/cm2/Hz
<repo>/src/tengri/components/stellar/sps/dsps_wrapper.py:384: UserWarning: 'ssp_prsc_miles_chabrier_wNE_logGasU-3.0_logGasZ0.0.h5' is a wNE (with-Nebular-Emission) SSP: nebular continuum and lines are already baked into the templates at fixed logU/logZ_gas. Pair it with the default baked-in nebular backend only: adding neb={'type': 'cue'} or a CLOUDY grid on top double-counts nebular emission.
  return load_ssp_data(str(candidate))
2026-09-14 16:08:27,964 - __main__ - INFO - Galaxy 79 (z=1.012): 11 detected bands
2026-09-14 16:08:27,964 - __main__ - INFO - Config II: 8 free parameters
2026-09-14 16:08:27,964 - __main__ - INFO - Attempt 1/3: target_accept 0.85, warmup 600, diagonal mass
2026-09-14 16:08:33,935 - tengri.inference._registration - INFO - mcmc_nuts_fast: 1 JAX device(s) for 4 chains, so the chains run under vmap; export TENGRI_HOST_DEVICES=4 before importing tengri to pmap them.
2026-09-14 16:08:37,438 - tengri.inference.backends.mcmc.nuts - INFO - NUTS: 8 parameters, 600 warmup, 600 samples, target_accept=0.85
2026-09-14 16:09:35,557 - tengri.inference.backends.mcmc.nuts - INFO -   Warmup complete (58.1s). Step size: 0.0286. Divergent in the final warmup window: 3%
2026-09-14 16:11:56,063 - tengri.inference.backends.mcmc.nuts - INFO -   NUTS complete in 198.5s. Divergences: 44/2400 (1.8%). Tree depth: mean 6.8, at cap on 0% of iterations (max_num_doublings=10)
2026-09-14 16:11:56,075 - __main__ - WARNING - ✗ Fit failed adoption bar: divergences=44, rhat_max=1.0085
2026-09-14 16:12:38,524 - __main__ - INFO - Saved results to <repo>/analysis/paper1/results/fits/79_II.npz
2026-09-14 16:12:38,525 - __main__ - INFO - Saved diagnostics to <repo>/analysis/paper1/results/fits/79_II.json
2026-09-14 16:12:38,526 - __main__ - INFO - Saved the best attempt so far (attempt 1 of 1, divergences=44) before retuning
2026-09-14 16:12:38,526 - __main__ - INFO - Attempt 2/3: target_accept 0.95, warmup 600, diagonal mass
2026-09-14 16:12:38,677 - tengri.inference._registration - INFO - mcmc_nuts_fast: 1 JAX device(s) for 4 chains, so the chains run under vmap; export TENGRI_HOST_DEVICES=4 before importing tengri to pmap them.
2026-09-14 16:12:38,680 - tengri.inference.backends.mcmc.nuts - INFO - NUTS: 8 parameters, 600 warmup, 600 samples, target_accept=0.95
2026-09-14 16:14:54,302 - tengri.inference.backends.mcmc.nuts - INFO -   Warmup complete (135.6s). Step size: 0.0039. Divergent in the final warmup window: 0%
<repo>/src/tengri/inference/_registration.py:291: NUTSTreeDepthWarning: NUTS hit its tree-depth cap on 81% of post-burnin iterations at max_num_doublings=10; each such iteration paid up to 1023 gradient evaluations on a trajectory the U-turn criterion never terminated. On SED posteriors this is the signature of heavy-tailed priors or strong parameter correlations (the nonparametric-SFH StudentT ratio priors are the measured case). Check the model before the sampler: a nonparametric SFH whose bin edges run past the age of the universe at the fit redshift leaves bins with no likelihood, sampling a heavy-tailed prior that nothing constrains. Fixing that on a D=9 continuity fit at z=1.5 cut the wall from 174 s to 69 s on its own. After that, trajectory LENGTH is the lever: mcmc_hmc with n_leapfrog_steps=150 measured a median min-ESS of 118 over six seeds against 119 for this sampler, and never fell below 64 where 80 steps returned 31 and 60 steps 23 on their worst seed. dense_mass_matrix=True is not a safe default here: it measured 12 divergences per run on that fit (77 per 400 draws before the bins were fixed) against 2 for the diagonal, so check n_divergent before trusting its higher speed. Lowering max_num_doublings bounds the wall instead, at a real ESS cost (cap 6 measured min-ESS 5 on the same fit); quick looks only. See posterior.diagnostics['tree_depth_mean'/'frac_max_depth'].
  return _ctx_run_nuts(
2026-09-14 16:29:27,347 - tengri.inference.backends.mcmc.nuts - INFO -   NUTS complete in 1008.6s. Divergences: 0/2400 (0.0%). Tree depth: mean 9.7, at cap on 81% of iterations (max_num_doublings=10)
2026-09-14 16:29:27,353 - __main__ - INFO - ✓ Fit passed adoption bar: divergences=0, rhat_max=1.0078
2026-09-14 16:30:05,285 - __main__ - INFO - Saved results to <repo>/analysis/paper1/results/fits/79_II.npz
2026-09-14 16:30:05,287 - __main__ - INFO - Saved diagnostics to <repo>/analysis/paper1/results/fits/79_II.json
2026-09-14 16:30:05,288 - __main__ - INFO - ✓ Fit complete for galaxy 79 config II
  MAP initialization (1000 steps)...
  MAP init done (loss=6.61)
  MAP initialization: reusing cached MAP point
