2026-09-24 05:20:01,159 - __main__ - INFO - IGM node fold adequate: sample z_max=1.0970, bluest band ctio_u would admit the Lyman break at z=1.503
2026-09-24 05:20:01,159 - __main__ - INFO - Running 20 cells: 20 galaxies x 1 configurations ['II'] at --jobs 1
2026-09-24 05:20:01,167 - __main__ - INFO - Started job 1/1: galaxy 79 config II (cells: 0/20 completed)
2026-09-24 11:10:03,565 - __main__ - INFO - ✓ SUCCESS: galaxy 79 config II (21002.4s)
2026-09-24 11:10:03,567 - __main__ - INFO - Completed: 1/20 (running: 0/1)
2026-09-24 11:10:03,583 - __main__ - INFO - Started job 1/1: galaxy 267 config II (cells: 1/20 completed)
2026-09-24 12:52:58,659 - __main__ - ERROR - fit_one.py exited with code -9 for 267_II (wall time: 6175.1s)
2026-09-24 12:52:58,661 - __main__ - ERROR - See log: analysis/paper1/results/fits/267_II.log
2026-09-24 12:52:58,661 - __main__ - INFO - Completed: 2/20 (running: 0/1)
2026-09-24 12:52:58,668 - __main__ - INFO - Started job 1/1: galaxy 1826 config II (cells: 2/20 completed)
2026-09-24 13:00:49,507 - __main__ - INFO - ✓ SUCCESS: galaxy 1826 config II (470.8s)
2026-09-24 13:00:49,508 - __main__ - INFO - Completed: 3/20 (running: 0/1)
2026-09-24 13:00:49,513 - __main__ - INFO - Started job 1/1: galaxy 4056 config II (cells: 3/20 completed)
2026-09-24 15:03:49,624 - __main__ - INFO - ✓ SUCCESS: galaxy 4056 config II (7380.1s)
2026-09-24 15:03:49,626 - __main__ - INFO - Completed: 4/20 (running: 0/1)
2026-09-24 15:03:49,663 - __main__ - INFO - Started job 1/1: galaxy 4171 config II (cells: 4/20 completed)
2026-09-24 16:04:40,273 - __main__ - INFO - ✓ SUCCESS: galaxy 4171 config II (3650.6s)
2026-09-24 16:04:40,274 - __main__ - INFO - Completed: 5/20 (running: 0/1)
2026-09-24 16:04:40,286 - __main__ - INFO - Started job 1/1: galaxy 7837 config II (cells: 5/20 completed)
2026-09-24 18:17:19,754 - __main__ - INFO - ✓ SUCCESS: galaxy 7837 config II (7959.5s)
2026-09-24 18:17:19,754 - __main__ - INFO - Completed: 6/20 (running: 0/1)
2026-09-24 18:17:19,772 - __main__ - INFO - Started job 1/1: galaxy 9884 config II (cells: 6/20 completed)
2026-09-24 18:56:03,255 - __main__ - INFO - ✓ SUCCESS: galaxy 9884 config II (2323.5s)
2026-09-24 18:56:03,256 - __main__ - INFO - Completed: 7/20 (running: 0/1)
2026-09-24 18:56:03,275 - __main__ - INFO - Started job 1/1: galaxy 13097 config II (cells: 7/20 completed)
2026-09-25 00:24:32,334 - __main__ - INFO - ✓ SUCCESS: galaxy 13097 config II (19709.0s)
2026-09-25 00:24:32,335 - __main__ - INFO - Completed: 8/20 (running: 0/1)
2026-09-25 00:24:32,350 - __main__ - INFO - skipping 14099/II: adopted
2026-09-25 00:24:32,353 - __main__ - INFO - Completed: 9/20 (running: 0/1)
2026-09-25 00:24:32,431 - __main__ - INFO - Started job 1/1: galaxy 15336 config II (cells: 9/20 completed)
2026-09-25 00:59:05,108 - __main__ - ERROR - fit_one.py exited with code -15 for 15336_II (wall time: 2072.7s)
2026-09-25 00:59:05,109 - __main__ - ERROR - See log: analysis/paper1/results/fits/15336_II.log
2026-09-25 00:59:05,109 - __main__ - INFO - Completed: 10/20 (running: 0/1)
2026-09-25 00:59:05,111 - __main__ - INFO - skipping 15775/II: adopted
2026-09-25 00:59:05,111 - __main__ - INFO - Completed: 11/20 (running: 0/1)
2026-09-25 00:59:05,114 - __main__ - INFO - skipping 16049/II: adopted
2026-09-25 00:59:05,114 - __main__ - INFO - Completed: 12/20 (running: 0/1)
2026-09-25 00:59:05,125 - __main__ - INFO - Started job 1/1: galaxy 16455 config II (cells: 12/20 completed)
2026-09-28 03:07:34,995 - __main__ - INFO - ✓ SUCCESS: galaxy 16455 config II (266909.9s)
2026-09-28 03:07:34,998 - __main__ - INFO - Completed: 13/20 (running: 0/1)
2026-09-28 03:07:35,039 - __main__ - INFO - Started job 1/1: galaxy 17376 config II (cells: 13/20 completed)
2026-09-28 06:29:49,181 - __main__ - INFO - ✓ SUCCESS: galaxy 17376 config II (12134.1s)
2026-09-28 06:29:49,182 - __main__ - INFO - Completed: 14/20 (running: 0/1)
2026-09-28 06:29:49,187 - __main__ - INFO - skipping 18160/II: adopted
2026-09-28 06:29:49,189 - __main__ - INFO - Completed: 15/20 (running: 0/1)
2026-09-28 06:29:49,191 - __main__ - INFO - skipping 22173/II: adopted
2026-09-28 06:29:49,191 - __main__ - INFO - Completed: 16/20 (running: 0/1)
2026-09-28 06:29:49,195 - __main__ - INFO - skipping 24786/II: adopted
2026-09-28 06:29:49,195 - __main__ - INFO - Completed: 17/20 (running: 0/1)
2026-09-28 06:29:49,197 - __main__ - INFO - skipping 25206/II: adopted
2026-09-28 06:29:49,198 - __main__ - INFO - Completed: 18/20 (running: 0/1)
2026-09-28 06:29:49,198 - __main__ - INFO - skipping 25489/II: adopted
2026-09-28 06:29:49,199 - __main__ - INFO - Completed: 19/20 (running: 0/1)
2026-09-28 06:29:49,199 - __main__ - INFO - skipping 26398/II: adopted
2026-09-28 06:29:49,199 - __main__ - INFO - Completed: 20/20 (running: 0/1)
2026-09-28 06:29:49,219 - __main__ - INFO - 
Summary saved to analysis/paper1/results/fit_summary.json
2026-09-28 06:29:49,220 - __main__ - ERROR - 
2 FITS FAILED:
2026-09-28 06:29:49,220 - __main__ - ERROR -   - Galaxy 267 Config II
2026-09-28 06:29:49,220 - __main__ - ERROR -   - Galaxy 15336 Config II

============================================================================================================================================
3×3 CANDELS FITS SUMMARY
============================================================================================================================================
Galaxy     Cfg D   Div  Rhat_max   ESS_min   Wall(s)   s/ESS    Adopted        log M* (50)  log SFR (50)
--------------------------------------------------------------------------------------------------------------------------------------------
red        II  7   0    1.0023     4         15477.3   3830.36  ✗ best att 3   -999.000     -999.000    
  → Retune 1: Rhat_max=1.1017, div=0, wall=2472.4s
  → Retune 2: Rhat_max=1.0297, div=0, wall=2979.0s
  → Retune 3: Rhat_max=1.0023, div=0, wall=15477.3s
unknown    II  7   0    1.0001     375       455.7     1.21     ✓              -999.000     -999.000    
unknown    II  7   0    1.0063     308       4991.7    16.23    ✓              -999.000     -999.000    
  → Retune 1: Rhat_max=1.0151, div=0, wall=1086.2s
  → Retune 2: Rhat_max=1.0028, div=1, wall=1260.8s
red        II  7   0    1.0083     131       3597.8    27.52    ✓              -999.000     -999.000    
blue       II  7   0    1.0027     101       6091.0    60.57    ✓              -999.000     -999.000    
  → Retune 1: Rhat_max=1.0050, div=3, wall=1816.5s
blue       II  7   0    1.0030     283       1138.3    4.03     ✓              -999.000     -999.000    
  → Retune 1: Rhat_max=1.0076, div=5, wall=1132.3s
blue       II  7   0    1.0068     35        13101.8   369.10   ✗ best att 3   -999.000     -999.000    
  → Retune 1: Rhat_max=1.0099, div=1, wall=2437.9s
  → Retune 2: Rhat_max=1.0119, div=0, wall=4102.7s
  → Retune 3: Rhat_max=1.0068, div=0, wall=13101.8s
blue       II  7   0    1.0030     302       8980.3    29.78    ✓              -999.000     -999.000    
  → Retune 1: Rhat_max=1.0157, div=0, wall=2326.9s
intermediate II  7   0    1.0035     340       5479.3    16.12    ✓              -999.000     -999.000    
  → Retune 1: Rhat_max=1.0107, div=0, wall=3207.4s
intermediate II  7   0    1.0018     417       2181.2    5.24     ✓              -999.000     -999.000    
blue       II  7   0    1.0219     1         2971.6    2002.47  ✗ best att 1   -999.000     -999.000    
  → Retune 1: Rhat_max=1.0219, div=0, wall=2971.6s
  → Retune 2: Rhat_max=1.0958, div=0, wall=6463.8s
  → Retune 3: Rhat_max=1.0255, div=0, wall=24216.3s
blue       II  7   0    1.0026     57        4700.0    83.05    ✗ best att 3   -999.000     -999.000    
  → Retune 1: Rhat_max=1.0162, div=1, wall=3153.4s
  → Retune 2: Rhat_max=1.0304, div=0, wall=4204.2s
  → Retune 3: Rhat_max=1.0026, div=0, wall=4700.0s
intermediate II  7   0    1.0004     163       4523.0    27.83    ✓              -999.000     -999.000    
blue       II  7   0    0.9999     432       2626.9    6.08     ✓              -999.000     -999.000    
unknown    II  7   0    1.0045     551       2416.4    4.39     ✓              -999.000     -999.000    
red        II  7   0    1.0071     139       10288.5   73.87    ✓              -999.000     -999.000    
red        II  7   0    0.9996     232       10075.6   43.51    ✓              -999.000     -999.000    
red        II  7   0    1.0048     341       2204.9    6.46     ✓              -999.000     -999.000    
============================================================================================================================================
