2026-09-24 01:51:41,578 - __main__ - INFO - IGM node fold adequate: sample z_max=1.0970, bluest band ctio_u would admit the Lyman break at z=1.503
2026-09-24 01:51:41,579 - __main__ - INFO - Running 20 cells: 20 galaxies x 1 configurations ['IV'] at --jobs 1
2026-09-24 01:51:41,580 - __main__ - INFO - skipping 79/IV: adopted
2026-09-24 01:51:41,580 - __main__ - INFO - skipping 267/IV: adopted
2026-09-24 01:51:41,581 - __main__ - INFO - Completed: 2/20 (running: 0/1)
2026-09-24 01:51:41,581 - __main__ - INFO - skipping 1826/IV: adopted
2026-09-24 01:51:41,582 - __main__ - INFO - Completed: 3/20 (running: 0/1)
2026-09-24 01:51:41,582 - __main__ - INFO - skipping 4056/IV: adopted
2026-09-24 01:51:41,582 - __main__ - INFO - Completed: 4/20 (running: 0/1)
2026-09-24 01:51:41,583 - __main__ - INFO - skipping 4171/IV: adopted
2026-09-24 01:51:41,583 - __main__ - INFO - Completed: 5/20 (running: 0/1)
2026-09-24 01:51:41,584 - __main__ - INFO - skipping 7837/IV: adopted
2026-09-24 01:51:41,584 - __main__ - INFO - Completed: 6/20 (running: 0/1)
2026-09-24 01:51:41,602 - __main__ - INFO - Started job 1/1: galaxy 9884 config IV (cells: 6/20 completed)
2026-09-24 01:59:01,990 - __main__ - INFO - ✓ SUCCESS: galaxy 9884 config IV (440.4s)
2026-09-24 01:59:01,990 - __main__ - INFO - Completed: 7/20 (running: 0/1)
2026-09-24 01:59:01,998 - __main__ - INFO - Started job 1/1: galaxy 13097 config IV (cells: 7/20 completed)
2026-09-24 02:14:07,868 - __main__ - INFO - ✓ SUCCESS: galaxy 13097 config IV (905.9s)
2026-09-24 02:14:07,869 - __main__ - INFO - Completed: 8/20 (running: 0/1)
2026-09-24 02:14:07,881 - __main__ - INFO - Started job 1/1: galaxy 14099 config IV (cells: 8/20 completed)
2026-09-24 02:28:38,782 - __main__ - INFO - ✓ SUCCESS: galaxy 14099 config IV (870.9s)
2026-09-24 02:28:38,783 - __main__ - INFO - Completed: 9/20 (running: 0/1)
2026-09-24 02:28:38,795 - __main__ - INFO - Started job 1/1: galaxy 15336 config IV (cells: 9/20 completed)
2026-09-24 02:39:24,640 - __main__ - INFO - ✓ SUCCESS: galaxy 15336 config IV (645.8s)
2026-09-24 02:39:24,643 - __main__ - INFO - Completed: 10/20 (running: 0/1)
2026-09-24 02:39:24,650 - __main__ - INFO - Started job 1/1: galaxy 15775 config IV (cells: 10/20 completed)
2026-09-24 02:54:15,422 - __main__ - INFO - ✓ SUCCESS: galaxy 15775 config IV (890.8s)
2026-09-24 02:54:15,423 - __main__ - INFO - Completed: 11/20 (running: 0/1)
2026-09-24 02:54:15,433 - __main__ - INFO - Started job 1/1: galaxy 16049 config IV (cells: 11/20 completed)
2026-09-24 03:18:51,732 - __main__ - INFO - ✓ SUCCESS: galaxy 16049 config IV (1476.3s)
2026-09-24 03:18:51,737 - __main__ - INFO - Completed: 12/20 (running: 0/1)
2026-09-24 03:18:51,758 - __main__ - INFO - Started job 1/1: galaxy 16455 config IV (cells: 12/20 completed)
2026-09-24 03:38:57,794 - __main__ - INFO - ✓ SUCCESS: galaxy 16455 config IV (1206.0s)
2026-09-24 03:38:57,794 - __main__ - INFO - Completed: 13/20 (running: 0/1)
2026-09-24 03:38:57,805 - __main__ - INFO - Started job 1/1: galaxy 17376 config IV (cells: 13/20 completed)
2026-09-24 04:18:40,002 - __main__ - INFO - ✓ SUCCESS: galaxy 17376 config IV (2382.2s)
2026-09-24 04:18:40,004 - __main__ - INFO - Completed: 14/20 (running: 0/1)
2026-09-24 04:18:40,011 - __main__ - INFO - Started job 1/1: galaxy 18160 config IV (cells: 14/20 completed)
