2026-09-23 23:52:17,301 - __main__ - INFO - IGM node fold adequate: sample z_max=1.0970, bluest band ctio_u would admit the Lyman break at z=1.503
2026-09-23 23:52:17,301 - __main__ - INFO - Running 20 cells: 20 galaxies x 1 configurations ['IV'] at --jobs 1
2026-09-23 23:52:17,313 - __main__ - INFO - Started job 1/1: galaxy 79 config IV (cells: 0/20 completed)
2026-09-24 00:27:25,011 - __main__ - INFO - ✓ SUCCESS: galaxy 79 config IV (2107.7s)
2026-09-24 00:27:25,012 - __main__ - INFO - Completed: 1/20 (running: 0/1)
2026-09-24 00:27:25,029 - __main__ - INFO - Started job 1/1: galaxy 267 config IV (cells: 1/20 completed)
2026-09-24 00:39:56,209 - __main__ - INFO - ✓ SUCCESS: galaxy 267 config IV (751.2s)
2026-09-24 00:39:56,209 - __main__ - INFO - Completed: 2/20 (running: 0/1)
2026-09-24 00:39:56,219 - __main__ - INFO - Started job 1/1: galaxy 1826 config IV (cells: 2/20 completed)
2026-09-24 00:47:11,663 - __main__ - INFO - ✓ SUCCESS: galaxy 1826 config IV (435.4s)
2026-09-24 00:47:11,663 - __main__ - INFO - Completed: 3/20 (running: 0/1)
2026-09-24 00:47:11,672 - __main__ - INFO - Started job 1/1: galaxy 4056 config IV (cells: 3/20 completed)
2026-09-24 00:56:52,400 - __main__ - INFO - ✓ SUCCESS: galaxy 4056 config IV (580.7s)
2026-09-24 00:56:52,401 - __main__ - INFO - Completed: 4/20 (running: 0/1)
2026-09-24 00:56:52,412 - __main__ - INFO - Started job 1/1: galaxy 4171 config IV (cells: 4/20 completed)
2026-09-24 01:20:33,668 - __main__ - INFO - ✓ SUCCESS: galaxy 4171 config IV (1421.3s)
2026-09-24 01:20:33,669 - __main__ - INFO - Completed: 5/20 (running: 0/1)
2026-09-24 01:20:33,685 - __main__ - INFO - Started job 1/1: galaxy 7837 config IV (cells: 5/20 completed)
2026-09-24 01:44:15,115 - __main__ - INFO - ✓ SUCCESS: galaxy 7837 config IV (1421.4s)
2026-09-24 01:44:15,116 - __main__ - INFO - Completed: 6/20 (running: 0/1)
2026-09-24 01:44:15,128 - __main__ - INFO - Started job 1/1: galaxy 9884 config IV (cells: 6/20 completed)
