[NbConvertApp] Converting notebook notebooks/00_quickstart.ipynb to notebook
W0409 16:51:29.414600  140660 cpp_gen_intrinsics.cc:74] Empty bitcode string provided for eigen. Optimizations relying on this IR will be disabled.
W0409 16:51:30.629861  140492 pjrt_executable.cc:638] Assume version compatibility. PjRt-IFRT does not track XLA executable versions.
W0409 16:51:40.615857  140778 pjrt_executable.cc:638] Assume version compatibility. PjRt-IFRT does not track XLA executable versions.
W0409 16:51:52.525338  140778 pjrt_executable.cc:638] Assume version compatibility. PjRt-IFRT does not track XLA executable versions.
W0409 16:52:07.572475  140778 pjrt_executable.cc:638] Assume version compatibility. PjRt-IFRT does not track XLA executable versions.
W0409 16:52:10.785272  140492 pjrt_executable.cc:638] Assume version compatibility. PjRt-IFRT does not track XLA executable versions.
E0409 16:53:08.164979  140651 slow_operation_alarm.cc:73] Constant folding an instruction is taking > 1s:

  %reshape.30507 = f64[15,557442]{1,0} reshape(%constant.93537), metadata={op_name="jit(run_evi_geovi)/while/body/while/body/while/body/vmap(jvp(jit(interpolate_metallicity_smooth)))"}

This isn't necessarily a bug; constant-folding is inherently a trade-off between compilation time and speed at runtime. XLA has some guards that attempt to keep constant folding from taking too long, but fundamentally you'll always be able to come up with an input program that takes a long time.

If you'd like to file a bug, run with envvar XLA_FLAGS=--xla_dump_to=/tmp/foo and attach the results.
E0409 16:53:08.188380  140648 slow_operation_alarm.cc:140] The operation took 1.027537s
Constant folding an instruction is taking > 1s:

  %reshape.30507 = f64[15,557442]{1,0} reshape(%constant.93537), metadata={op_name="jit(run_evi_geovi)/while/body/while/body/while/body/vmap(jvp(jit(interpolate_metallicity_smooth)))"}

This isn't necessarily a bug; constant-folding is inherently a trade-off between compilation time and speed at runtime. XLA has some guards that attempt to keep constant folding from taking too long, but fundamentally you'll always be able to come up with an input program that takes a long time.

If you'd like to file a bug, run with envvar XLA_FLAGS=--xla_dump_to=/tmp/foo and attach the results.
E0409 16:53:34.243744  140651 slow_operation_alarm.cc:73] Constant folding an instruction is taking > 2s:

  %reshape.35716 = f64[93,5994,15]{2,1,0} reshape(%constant.130177), metadata={op_name="jit(run_evi_geovi)/vmap(transpose(jvp(jit(interpolate_metallicity_smooth))))/m,maw->aw/dot_general" stack_frame_id=69}

This isn't necessarily a bug; constant-folding is inherently a trade-off between compilation time and speed at runtime. XLA has some guards that attempt to keep constant folding from taking too long, but fundamentally you'll always be able to come up with an input program that takes a long time.

If you'd like to file a bug, run with envvar XLA_FLAGS=--xla_dump_to=/tmp/foo and attach the results.
