=== Running 10_real_data (timeout 600s) ===
[NbConvertApp] Converting notebook notebooks/10_real_data.ipynb to notebook
W0409 14:18:14.936051 3273705 cpp_gen_intrinsics.cc:74] Empty bitcode string provided for eigen. Optimizations relying on this IR will be disabled.
W0409 14:18:15.261308 3273522 pjrt_executable.cc:638] Assume version compatibility. PjRt-IFRT does not track XLA executable versions.
W0409 14:18:20.498210 3273755 pjrt_executable.cc:638] Assume version compatibility. PjRt-IFRT does not track XLA executable versions.
W0409 14:18:27.730200 3273755 pjrt_executable.cc:638] Assume version compatibility. PjRt-IFRT does not track XLA executable versions.
W0409 14:18:36.464809 3273755 pjrt_executable.cc:638] Assume version compatibility. PjRt-IFRT does not track XLA executable versions.
E0409 14:19:49.692770 3273755 message_lite.cc:592] xla.cpu.CompilationResultProto exceeded maximum protobuf size of 2GB: 2712681061
Traceback (most recent call last):
  File "./.venv/bin/jupyter-nbconvert", line 8, in <module>
    sys.exit(main())
             ^^^^^^
  File "./.venv/lib/python3.12/site-packages/jupyter_core/application.py", line 284, in launch_instance
    super().launch_instance(argv=argv, **kwargs)
  File "./.venv/lib/python3.12/site-packages/traitlets/config/application.py", line 1075, in launch_instance
    app.start()
  File "./.venv/lib/python3.12/site-packages/nbconvert/nbconvertapp.py", line 420, in start
    self.convert_notebooks()
  File "./.venv/lib/python3.12/site-packages/nbconvert/nbconvertapp.py", line 597, in convert_notebooks
    self.convert_single_notebook(notebook_filename)
  File "./.venv/lib/python3.12/site-packages/nbconvert/nbconvertapp.py", line 563, in convert_single_notebook
    output, resources = self.export_single_notebook(
                        ^^^^^^^^^^^^^^^^^^^^^^^^^^^^
  File "./.venv/lib/python3.12/site-packages/nbconvert/nbconvertapp.py", line 487, in export_single_notebook
    output, resources = self.exporter.from_filename(
                        ^^^^^^^^^^^^^^^^^^^^^^^^^^^^
  File "./.venv/lib/python3.12/site-packages/nbconvert/exporters/exporter.py", line 201, in from_filename
    return self.from_file(f, resources=resources, **kw)
           ^^^^^^^^^^^^^^^^^^^^^^^^^^^^^^^^^^^^^^^^^^^^
  File "./.venv/lib/python3.12/site-packages/nbconvert/exporters/exporter.py", line 220, in from_file
    return self.from_notebook_node(
           ^^^^^^^^^^^^^^^^^^^^^^^^
  File "./.venv/lib/python3.12/site-packages/nbconvert/exporters/notebook.py", line 36, in from_notebook_node
    nb_copy, resources = super().from_notebook_node(nb, resources, **kw)
                         ^^^^^^^^^^^^^^^^^^^^^^^^^^^^^^^^^^^^^^^^^^^^^^^
  File "./.venv/lib/python3.12/site-packages/nbconvert/exporters/exporter.py", line 154, in from_notebook_node
    nb_copy, resources = self._preprocess(nb_copy, resources)
                         ^^^^^^^^^^^^^^^^^^^^^^^^^^^^^^^^^^^^
  File "./.venv/lib/python3.12/site-packages/nbconvert/exporters/exporter.py", line 353, in _preprocess
    nbc, resc = preprocessor(nbc, resc)
                ^^^^^^^^^^^^^^^^^^^^^^^
  File "./.venv/lib/python3.12/site-packages/nbconvert/preprocessors/base.py", line 48, in __call__
    return self.preprocess(nb, resources)
           ^^^^^^^^^^^^^^^^^^^^^^^^^^^^^^
  File "./.venv/lib/python3.12/site-packages/nbconvert/preprocessors/execute.py", line 103, in preprocess
    self.preprocess_cell(cell, resources, index)
  File "./.venv/lib/python3.12/site-packages/nbconvert/preprocessors/execute.py", line 124, in preprocess_cell
    cell = self.execute_cell(cell, index, store_history=True)
           ^^^^^^^^^^^^^^^^^^^^^^^^^^^^^^^^^^^^^^^^^^^^^^^^^^
  File "./.venv/lib/python3.12/site-packages/jupyter_core/utils/__init__.py", line 165, in wrapped
    return loop.run_until_complete(inner)
           ^^^^^^^^^^^^^^^^^^^^^^^^^^^^^^
  File "/opt/anaconda3/lib/python3.12/asyncio/base_events.py", line 685, in run_until_complete
    return future.result()
           ^^^^^^^^^^^^^^^
  File "./.venv/lib/python3.12/site-packages/nbclient/client.py", line 1062, in async_execute_cell
    await self._check_raise_for_error(cell, cell_index, exec_reply)
  File "./.venv/lib/python3.12/site-packages/nbclient/client.py", line 918, in _check_raise_for_error
    raise CellExecutionError.from_cell_and_msg(cell, exec_reply_content)
nbclient.exceptions.CellExecutionError: An error occurred while executing the following cell:
------------------
fitter = Fitter(model, flux_obs, noise, data_type="spectroscopy")

# MAP initialization
result_map = fitter.run("map", n_steps=500, verbose=False)

# Compile + run vi (geoVI) with timing separation
t0_c = time.perf_counter()
fitter.compile(verbose=False)
t_compile = time.perf_counter() - t0_c
t0 = time.perf_counter()
result = fitter.run(
    "vi",
    n_iterations=15,
    n_samples=6,
    n_seeds=5,
    n_posterior_samples=5000,
    verbose=False,
)
t_run = time.perf_counter() - t0
print(f"XLA compile: {t_compile:.1f}s (one-time, cached)")
print(f"vi (geoVI): {t_run:.1f}s <- runtime per galaxy")
------------------

----- stderr -----
assuming the specified inverse covariance is diagonal
----- stderr -----
assuming a diagonal covariance matrix;
setting `std_inv` to `cov_inv(ones_like(data))**0.5`
----- stderr -----
./.venv/lib/python3.12/site-packages/nifty8/re/model.py:164: UserWarning: drawing white parameters;
to silence this warning, overload the `init` method
  warn(msg)
----- stderr -----
W0409 14:18:20.498210 3273755 pjrt_executable.cc:638] Assume version compatibility. PjRt-IFRT does not track XLA executable versions.
----- stderr -----
W0409 14:18:27.730200 3273755 pjrt_executable.cc:638] Assume version compatibility. PjRt-IFRT does not track XLA executable versions.
----- stderr -----
W0409 14:18:36.464809 3273755 pjrt_executable.cc:638] Assume version compatibility. PjRt-IFRT does not track XLA executable versions.
----- stderr -----
E0409 14:19:49.692770 3273755 message_lite.cc:592] xla.cpu.CompilationResultProto exceeded maximum protobuf size of 2GB: 2712681061
./.venv/lib/python3.12/site-packages/jax/_src/compiler.py:834: UserWarning: Error writing persistent compilation cache entry for 'jit_run_evi_geovi': JaxRuntimeError: INTERNAL: PjRtCpuClient::SerializeExecutable proto serialization failed
  warnings.warn(
------------------

[31m---------------------------------------------------------------------------[39m
[31mTypeError[39m                                 Traceback (most recent call last)
[36mCell[39m[36m [39m[32mIn[5][39m[32m, line 11[39m
[32m      9[39m t_compile = time.perf_counter() - t0_c
[32m     10[39m t0 = time.perf_counter()
[32m---> [39m[32m11[39m result = [43mfitter[49m[43m.[49m[43mrun[49m[43m([49m
[32m     12[39m [43m    [49m[33;43m"[39;49m[33;43mvi[39;49m[33;43m"[39;49m[43m,[49m
[32m     13[39m [43m    [49m[43mn_iterations[49m[43m=[49m[32;43m15[39;49m[43m,[49m
[32m     14[39m [43m    [49m[43mn_samples[49m[43m=[49m[32;43m6[39;49m[43m,[49m
[32m     15[39m [43m    [49m[43mn_seeds[49m[43m=[49m[32;43m5[39;49m[43m,[49m
[32m     16[39m [43m    [49m[43mn_posterior_samples[49m[43m=[49m[32;43m5000[39;49m[43m,[49m
[32m     17[39m [43m    [49m[43mverbose[49m[43m=[49m[38;5;28;43;01mFalse[39;49;00m[43m,[49m
[32m     18[39m [43m)[49m
[32m     19[39m t_run = time.perf_counter() - t0
[32m     20[39m [38;5;28mprint[39m([33mf[39m[33m"[39m[33mXLA compile: [39m[38;5;132;01m{[39;00mt_compile[38;5;132;01m:[39;00m[33m.1f[39m[38;5;132;01m}[39;00m[33ms (one-time, cached)[39m[33m"[39m)

[36mFile [39m[32m~/Projects/tengri/src/tengri/inference/fitter.py:1037[39m, in [36mFitter.run[39m[34m(self, method, init_from, key, **kwargs)[39m
[32m   1033[39m     result = [38;5;28mself[39m._run_map(key=key, init_from=init_from, **kwargs)
[32m   1035[39m [38;5;28;01melif[39;00m method == [33m"[39m[33mvi[39m[33m"[39m:
[32m   1036[39m     [38;5;66;03m# geoVI via NIFTy optimize_kl (default)[39;00m
[32m-> [39m[32m1037[39m     result = [38;5;28;43mself[39;49m[43m.[49m[43m_run_vi[49m[43m([49m[43mkey[49m[43m=[49m[43mkey[49m[43m,[49m[43m [49m[43minit_from[49m[43m=[49m[43minit_from[49m[43m,[49m[43m [49m[43m*[49m[43m*[49m[43mkwargs[49m[43m)[49m
[32m   1039[39m [38;5;28;01melif[39;00m method == [33m"[39m[33mvi_linear[39m[33m"[39m:
[32m   1040[39m     [38;5;66;03m# MGVI via NIFTy optimize_kl[39;00m
[32m   1041[39m     result = [38;5;28mself[39m._run_vi_linear(key=key, init_from=init_from, **kwargs)

[36mFile [39m[32m~/Projects/tengri/src/tengri/inference/fitter.py:1108[39m, in [36mFitter._run_vi[39m[34m(self, key, init_from, **kwargs)[39m
[32m   1105[39m [38;5;28;01mfrom[39;00m[38;5;250m [39m[34;01mtengri[39;00m[34;01m.[39;00m[34;01minference[39;00m[34;01m.[39;00m[34;01mvi[39;00m[38;5;250m [39m[38;5;28;01mimport[39;00m run_nifty_vi
[32m   1107[39m kwargs.setdefault([33m"[39m[33msample_mode[39m[33m"[39m, [33m"[39m[33mnonlinear_resample[39m[33m"[39m)
[32m-> [39m[32m1108[39m [38;5;28;01mreturn[39;00m [43mrun_nifty_vi[49m[43m([49m[38;5;28;43mself[39;49m[43m,[49m[43m [49m[43mkey[49m[43m=[49m[43mkey[49m[43m,[49m[43m [49m[43minit_from[49m[43m=[49m[43minit_from[49m[43m,[49m[43m [49m[43m*[49m[43m*[49m[43mkwargs[49m[43m)[49m

[31mTypeError[39m: run_nifty_vi() got an unexpected keyword argument 'n_seeds'

=== 10_real_data exit=1 ===
