[NbConvertApp] Converting notebook notebooks/11_population.ipynb to notebook
W0409 16:39:05.335564  125284 cpp_gen_intrinsics.cc:74] Empty bitcode string provided for eigen. Optimizations relying on this IR will be disabled.
W0409 16:39:06.880952  125182 pjrt_executable.cc:638] Assume version compatibility. PjRt-IFRT does not track XLA executable versions.
W0409 16:39:11.622021  125182 pjrt_executable.cc:638] Assume version compatibility. PjRt-IFRT does not track XLA executable versions.
W0409 16:39:13.516570  125412 pjrt_executable.cc:638] Assume version compatibility. PjRt-IFRT does not track XLA executable versions.
W0409 16:39:23.954717  125412 pjrt_executable.cc:638] Assume version compatibility. PjRt-IFRT does not track XLA executable versions.
W0409 16:39:36.332428  125412 pjrt_executable.cc:638] Assume version compatibility. PjRt-IFRT does not track XLA executable versions.
E0409 16:41:30.222528  125412 message_lite.cc:592] xla.cpu.CompilationResultProto exceeded maximum protobuf size of 2GB: 2719706161
W0409 16:43:53.449735  125182 pjrt_executable.cc:638] Assume version compatibility. PjRt-IFRT does not track XLA executable versions.
W0409 16:45:23.615840  125182 pjrt_executable.cc:638] Assume version compatibility. PjRt-IFRT does not track XLA executable versions.
Traceback (most recent call last):
  File "./.venv/bin/jupyter-nbconvert", line 8, in <module>
    sys.exit(main())
             ^^^^^^
  File "./.venv/lib/python3.12/site-packages/jupyter_core/application.py", line 284, in launch_instance
    super().launch_instance(argv=argv, **kwargs)
  File "./.venv/lib/python3.12/site-packages/traitlets/config/application.py", line 1075, in launch_instance
    app.start()
  File "./.venv/lib/python3.12/site-packages/nbconvert/nbconvertapp.py", line 420, in start
    self.convert_notebooks()
  File "./.venv/lib/python3.12/site-packages/nbconvert/nbconvertapp.py", line 597, in convert_notebooks
    self.convert_single_notebook(notebook_filename)
  File "./.venv/lib/python3.12/site-packages/nbconvert/nbconvertapp.py", line 563, in convert_single_notebook
    output, resources = self.export_single_notebook(
                        ^^^^^^^^^^^^^^^^^^^^^^^^^^^^
  File "./.venv/lib/python3.12/site-packages/nbconvert/nbconvertapp.py", line 487, in export_single_notebook
    output, resources = self.exporter.from_filename(
                        ^^^^^^^^^^^^^^^^^^^^^^^^^^^^
  File "./.venv/lib/python3.12/site-packages/nbconvert/exporters/exporter.py", line 201, in from_filename
    return self.from_file(f, resources=resources, **kw)
           ^^^^^^^^^^^^^^^^^^^^^^^^^^^^^^^^^^^^^^^^^^^^
  File "./.venv/lib/python3.12/site-packages/nbconvert/exporters/exporter.py", line 220, in from_file
    return self.from_notebook_node(
           ^^^^^^^^^^^^^^^^^^^^^^^^
  File "./.venv/lib/python3.12/site-packages/nbconvert/exporters/notebook.py", line 36, in from_notebook_node
    nb_copy, resources = super().from_notebook_node(nb, resources, **kw)
                         ^^^^^^^^^^^^^^^^^^^^^^^^^^^^^^^^^^^^^^^^^^^^^^^
  File "./.venv/lib/python3.12/site-packages/nbconvert/exporters/exporter.py", line 154, in from_notebook_node
    nb_copy, resources = self._preprocess(nb_copy, resources)
                         ^^^^^^^^^^^^^^^^^^^^^^^^^^^^^^^^^^^^
  File "./.venv/lib/python3.12/site-packages/nbconvert/exporters/exporter.py", line 353, in _preprocess
    nbc, resc = preprocessor(nbc, resc)
                ^^^^^^^^^^^^^^^^^^^^^^^
  File "./.venv/lib/python3.12/site-packages/nbconvert/preprocessors/base.py", line 48, in __call__
    return self.preprocess(nb, resources)
           ^^^^^^^^^^^^^^^^^^^^^^^^^^^^^^
  File "./.venv/lib/python3.12/site-packages/nbconvert/preprocessors/execute.py", line 103, in preprocess
    self.preprocess_cell(cell, resources, index)
  File "./.venv/lib/python3.12/site-packages/nbconvert/preprocessors/execute.py", line 124, in preprocess_cell
    cell = self.execute_cell(cell, index, store_history=True)
           ^^^^^^^^^^^^^^^^^^^^^^^^^^^^^^^^^^^^^^^^^^^^^^^^^^
  File "./.venv/lib/python3.12/site-packages/jupyter_core/utils/__init__.py", line 165, in wrapped
    return loop.run_until_complete(inner)
           ^^^^^^^^^^^^^^^^^^^^^^^^^^^^^^
  File "/opt/anaconda3/lib/python3.12/asyncio/base_events.py", line 685, in run_until_complete
    return future.result()
           ^^^^^^^^^^^^^^^
  File "./.venv/lib/python3.12/site-packages/nbclient/client.py", line 1062, in async_execute_cell
    await self._check_raise_for_error(cell, cell_index, exec_reply)
  File "./.venv/lib/python3.12/site-packages/nbclient/client.py", line 918, in _check_raise_for_error
    raise CellExecutionError.from_cell_and_msg(cell, exec_reply_content)
nbclient.exceptions.CellExecutionError: An error occurred while executing the following cell:
------------------
# Hierarchical vi (geoVI) on SPECTROSCOPIC data
print(f"\nHierarchical fit: {N_GAL} galaxies (spectroscopy)...")
t0 = time.perf_counter()
hfitter_spec = PopulationFitter(
    model_factory,
    galaxies_spec,
    psd_sigma_prior=(0.1, 4.0),
    psd_tau_prior=(1.0, 300.0),
    data_type="spectroscopy",
)
result_hier_spec = hfitter_spec.run(
    "vi_linear",
    n_iterations=10,
    n_samples=4,
    n_posterior_samples=500,
    verbose=False,
    key=jax.random.PRNGKey(0),
)
t_hier_spec = time.perf_counter() - t0

sig_spec = np.array(result_hier_spec.shared_samples["psd_sigma"])
tau_spec = np.array(result_hier_spec.shared_samples["psd_tau_myr"])
print(
    f"  σ_PS = {np.median(sig_spec):.2f} [{np.percentile(sig_spec, 16):.2f}, {np.percentile(sig_spec, 84):.2f}]"
)
print(
    f"  τ_PS = {np.median(tau_spec):.0f} [{np.percentile(tau_spec, 16):.0f}, {np.percentile(tau_spec, 84):.0f}] Myr"
)
print(f"  Wall time: {t_hier_spec:.1f}s")
------------------

----- stdout -----

Hierarchical fit: 10 galaxies (spectroscopy)...
----- stderr -----
/var/folders/km/_d_w3tds0hs4c5pbvflcdt480000gn/T/ipykernel_5180/3116308574.py:20: UserWarning: Fused kernel active with approximations: dust attenuation at filter effective wavelengths (<3% error for most laws, ~36% for SMC); IGM absorption precomputed at filter effective wavelengths. Set approx=False to disable.
  return SEDModel(spec, ssp_data, observation=obs)
------------------

[31m---------------------------------------------------------------------------[39m
[31mValueError[39m                                Traceback (most recent call last)
[36mCell[39m[36m [39m[32mIn[8][39m[32m, line 11[39m
[32m      3[39m t0 = time.perf_counter()
[32m      4[39m hfitter_spec = PopulationFitter(
[32m      5[39m     model_factory,
[32m      6[39m     galaxies_spec,
[32m   (...)[39m[32m      9[39m     data_type=[33m"[39m[33mspectroscopy[39m[33m"[39m,
[32m     10[39m )
[32m---> [39m[32m11[39m result_hier_spec = [43mhfitter_spec[49m[43m.[49m[43mrun[49m[43m([49m
[32m     12[39m [43m    [49m[33;43m"[39;49m[33;43mvi_linear[39;49m[33;43m"[39;49m[43m,[49m
[32m     13[39m [43m    [49m[43mn_iterations[49m[43m=[49m[32;43m10[39;49m[43m,[49m
[32m     14[39m [43m    [49m[43mn_samples[49m[43m=[49m[32;43m4[39;49m[43m,[49m
[32m     15[39m [43m    [49m[43mn_posterior_samples[49m[43m=[49m[32;43m500[39;49m[43m,[49m
[32m     16[39m [43m    [49m[43mverbose[49m[43m=[49m[38;5;28;43;01mFalse[39;49;00m[43m,[49m
[32m     17[39m [43m    [49m[43mkey[49m[43m=[49m[43mjax[49m[43m.[49m[43mrandom[49m[43m.[49m[43mPRNGKey[49m[43m([49m[32;43m0[39;49m[43m)[49m[43m,[49m
[32m     18[39m [43m)[49m
[32m     19[39m t_hier_spec = time.perf_counter() - t0
[32m     21[39m sig_spec = np.array(result_hier_spec.shared_samples[[33m"[39m[33mpsd_sigma[39m[33m"[39m])

[36mFile [39m[32m~/Projects/tengri/src/tengri/inference/hierarchical.py:215[39m, in [36mPopulationFitter.run[39m[34m(self, method, key, **kwargs)[39m
[32m    213[39m     [38;5;28;01mreturn[39;00m [38;5;28mself[39m._run_raytrace(key=key, **kwargs)
[32m    214[39m [38;5;28;01melse[39;00m:
[32m--> [39m[32m215[39m     [38;5;28;01mraise[39;00m [38;5;167;01mValueError[39;00m(
[32m    216[39m         [33mf[39m[33m"[39m[33mUnknown method: [39m[38;5;132;01m{[39;00mmethod[38;5;132;01m}[39;00m[33m. [39m[33m"[39m
[32m    217[39m         [33mf[39m[33m"[39m[33mUse [39m[33m'[39m[33mevi[39m[33m'[39m[33m, [39m[33m'[39m[33mevi_nifty[39m[33m'[39m[33m, [39m[33m'[39m[33mgeovi[39m[33m'[39m[33m, [39m[33m'[39m[33mmgvi[39m[33m'[39m[33m, [39m[33m"[39m
[32m    218[39m         [33mf[39m[33m"[39m[33m'[39m[33mgeovi_flat[39m[33m'[39m[33m, or [39m[33m'[39m[33mraytrace[39m[33m'[39m[33m.[39m[33m"[39m
[32m    219[39m     )

[31mValueError[39m: Unknown method: vi_linear. Use 'evi', 'evi_nifty', 'geovi', 'mgvi', 'geovi_flat', or 'raytrace'.

