[NbConvertApp] Converting notebook notebooks/11_population.ipynb to notebook
W0409 15:10:23.260944 3355937 cpp_gen_intrinsics.cc:74] Empty bitcode string provided for eigen. Optimizations relying on this IR will be disabled.
W0409 15:10:23.632115 3355826 pjrt_executable.cc:638] Assume version compatibility. PjRt-IFRT does not track XLA executable versions.
Traceback (most recent call last):
  File "/Users/suchethacooray/Projects/tengri/.venv/bin/jupyter-nbconvert", line 8, in <module>
    sys.exit(main())
             ^^^^^^
  File "/Users/suchethacooray/Projects/tengri/.venv/lib/python3.12/site-packages/jupyter_core/application.py", line 284, in launch_instance
    super().launch_instance(argv=argv, **kwargs)
  File "/Users/suchethacooray/Projects/tengri/.venv/lib/python3.12/site-packages/traitlets/config/application.py", line 1075, in launch_instance
    app.start()
  File "/Users/suchethacooray/Projects/tengri/.venv/lib/python3.12/site-packages/nbconvert/nbconvertapp.py", line 420, in start
    self.convert_notebooks()
  File "/Users/suchethacooray/Projects/tengri/.venv/lib/python3.12/site-packages/nbconvert/nbconvertapp.py", line 597, in convert_notebooks
    self.convert_single_notebook(notebook_filename)
  File "/Users/suchethacooray/Projects/tengri/.venv/lib/python3.12/site-packages/nbconvert/nbconvertapp.py", line 563, in convert_single_notebook
    output, resources = self.export_single_notebook(
                        ^^^^^^^^^^^^^^^^^^^^^^^^^^^^
  File "/Users/suchethacooray/Projects/tengri/.venv/lib/python3.12/site-packages/nbconvert/nbconvertapp.py", line 487, in export_single_notebook
    output, resources = self.exporter.from_filename(
                        ^^^^^^^^^^^^^^^^^^^^^^^^^^^^
  File "/Users/suchethacooray/Projects/tengri/.venv/lib/python3.12/site-packages/nbconvert/exporters/exporter.py", line 201, in from_filename
    return self.from_file(f, resources=resources, **kw)
           ^^^^^^^^^^^^^^^^^^^^^^^^^^^^^^^^^^^^^^^^^^^^
  File "/Users/suchethacooray/Projects/tengri/.venv/lib/python3.12/site-packages/nbconvert/exporters/exporter.py", line 220, in from_file
    return self.from_notebook_node(
           ^^^^^^^^^^^^^^^^^^^^^^^^
  File "/Users/suchethacooray/Projects/tengri/.venv/lib/python3.12/site-packages/nbconvert/exporters/notebook.py", line 36, in from_notebook_node
    nb_copy, resources = super().from_notebook_node(nb, resources, **kw)
                         ^^^^^^^^^^^^^^^^^^^^^^^^^^^^^^^^^^^^^^^^^^^^^^^
  File "/Users/suchethacooray/Projects/tengri/.venv/lib/python3.12/site-packages/nbconvert/exporters/exporter.py", line 154, in from_notebook_node
    nb_copy, resources = self._preprocess(nb_copy, resources)
                         ^^^^^^^^^^^^^^^^^^^^^^^^^^^^^^^^^^^^
  File "/Users/suchethacooray/Projects/tengri/.venv/lib/python3.12/site-packages/nbconvert/exporters/exporter.py", line 353, in _preprocess
    nbc, resc = preprocessor(nbc, resc)
                ^^^^^^^^^^^^^^^^^^^^^^^
  File "/Users/suchethacooray/Projects/tengri/.venv/lib/python3.12/site-packages/nbconvert/preprocessors/base.py", line 48, in __call__
    return self.preprocess(nb, resources)
           ^^^^^^^^^^^^^^^^^^^^^^^^^^^^^^
  File "/Users/suchethacooray/Projects/tengri/.venv/lib/python3.12/site-packages/nbconvert/preprocessors/execute.py", line 103, in preprocess
    self.preprocess_cell(cell, resources, index)
  File "/Users/suchethacooray/Projects/tengri/.venv/lib/python3.12/site-packages/nbconvert/preprocessors/execute.py", line 124, in preprocess_cell
    cell = self.execute_cell(cell, index, store_history=True)
           ^^^^^^^^^^^^^^^^^^^^^^^^^^^^^^^^^^^^^^^^^^^^^^^^^^
  File "/Users/suchethacooray/Projects/tengri/.venv/lib/python3.12/site-packages/jupyter_core/utils/__init__.py", line 165, in wrapped
    return loop.run_until_complete(inner)
           ^^^^^^^^^^^^^^^^^^^^^^^^^^^^^^
  File "/opt/anaconda3/lib/python3.12/asyncio/base_events.py", line 685, in run_until_complete
    return future.result()
           ^^^^^^^^^^^^^^^
  File "/Users/suchethacooray/Projects/tengri/.venv/lib/python3.12/site-packages/nbclient/client.py", line 1062, in async_execute_cell
    await self._check_raise_for_error(cell, cell_index, exec_reply)
  File "/Users/suchethacooray/Projects/tengri/.venv/lib/python3.12/site-packages/nbclient/client.py", line 918, in _check_raise_for_error
    raise CellExecutionError.from_cell_and_msg(cell, exec_reply_content)
nbclient.exceptions.CellExecutionError: An error occurred while executing the following cell:
------------------
# Individual vi (geoVI) fits with FREE PSD
spec_free = Parameters(
    sfh_tsnorm_log_peak_sfr=Uniform(-1.0, 2.5),
    sfh_tsnorm_peak_lbt_gyr=Uniform(0.5, 12.0),
    sfh_tsnorm_width_gyr=Uniform(0.3, 5.0),
    sfh_tsnorm_skew=Uniform(-3.0, 3.0),
    sfh_tsnorm_trunc=Uniform(1.0, 10.0),
    sfh_field_psd_sigma=Uniform(0.1, 4.0),
    sfh_field_psd_tau_myr=Uniform(1.0, 300.0),
    met_logzsol=Uniform(-2.0, 0.2),
    dust_tau_bc=Uniform(0.0, 2.0),
    dust_tau_diff=Uniform(0.0, 1.5),
    dust_slope=Fixed(-0.7),
    redshift=Fixed(0.1),
    mean_sfh_type=["tsnorm", "field"],
    n_grid=128,
)
model_free = SEDModel(spec_free, ssp_data, observation=obs)

individual_results = []
print("Fitting individual galaxies (PSD free)...")
for i in range(min(4, N_GAL)):
    fitter_i = Fitter(
        model_free,
        galaxies_spec[i]["flux_obs"],
        galaxies_spec[i]["noise"],
        data_type="spectroscopy",
    )
    t0_c = time.perf_counter()
    t_compile = time.perf_counter() - t0_c
    t0 = time.perf_counter()
    res_i = fitter_i.run(
        "vi",
        n_iterations=8,
        n_samples=6,
            n_posterior_samples=500,
        verbose=False,
    )
    t_run = time.perf_counter() - t0
    individual_results.append(res_i)
    sig_med = float(jnp.median(res_i.samples["sfh_field_psd_sigma"]))
    tau_med = float(jnp.median(res_i.samples["sfh_field_psd_tau_myr"]))
    print(f"  Galaxy {i}: σ = {sig_med:.2f}, τ = {tau_med:.0f} Myr")
    print(f"    XLA compile: {t_compile:.1f}s (one-time, cached)")
    print(f"    vi (geoVI): {t_run:.1f}s <- runtime per galaxy")
------------------

----- stderr -----
/var/folders/km/_d_w3tds0hs4c5pbvflcdt480000gn/T/ipykernel_26790/1263000888.py:18: UserWarning: Fused kernel active with approximations: dust attenuation at filter effective wavelengths (<3% error for most laws, ~36% for SMC); IGM absorption precomputed at filter effective wavelengths. Set approx=False to disable.
  model_free = SEDModel(spec_free, ssp_data, observation=obs)
----- stdout -----
Fitting individual galaxies (PSD free)...
----- stderr -----
assuming the specified inverse covariance is diagonal
----- stderr -----
assuming a diagonal covariance matrix;
setting `std_inv` to `cov_inv(ones_like(data))**0.5`
----- stderr -----
/Users/suchethacooray/Projects/tengri/.venv/lib/python3.12/site-packages/nifty8/re/model.py:164: UserWarning: drawing white parameters;
to silence this warning, overload the `init` method
  warn(msg)
------------------

[31m---------------------------------------------------------------------------[39m
[31m_DeadlockError[39m                            Traceback (most recent call last)
[36mCell[39m[36m [39m[32mIn[6][39m[32m, line 32[39m
[32m     30[39m t_compile = time.perf_counter() - t0_c
[32m     31[39m t0 = time.perf_counter()
[32m---> [39m[32m32[39m res_i = [43mfitter_i[49m[43m.[49m[43mrun[49m[43m([49m
[32m     33[39m [43m    [49m[33;43m"[39;49m[33;43mvi[39;49m[33;43m"[39;49m[43m,[49m
[32m     34[39m [43m    [49m[43mn_iterations[49m[43m=[49m[32;43m8[39;49m[43m,[49m
[32m     35[39m [43m    [49m[43mn_samples[49m[43m=[49m[32;43m6[39;49m[43m,[49m
[32m     36[39m [43m        [49m[43mn_posterior_samples[49m[43m=[49m[32;43m500[39;49m[43m,[49m
[32m     37[39m [43m    [49m[43mverbose[49m[43m=[49m[38;5;28;43;01mFalse[39;49;00m[43m,[49m
[32m     38[39m [43m[49m[43m)[49m
[32m     39[39m t_run = time.perf_counter() - t0
[32m     40[39m individual_results.append(res_i)

[36mFile [39m[32m~/Projects/tengri/src/tengri/inference/fitter.py:1037[39m, in [36mFitter.run[39m[34m(self, method, init_from, key, **kwargs)[39m
[32m   1033[39m     result = [38;5;28mself[39m._run_map(key=key, init_from=init_from, **kwargs)
[32m   1035[39m [38;5;28;01melif[39;00m method == [33m"[39m[33mvi[39m[33m"[39m:
[32m   1036[39m     [38;5;66;03m# geoVI via NIFTy optimize_kl (default)[39;00m
[32m-> [39m[32m1037[39m     result = [38;5;28;43mself[39;49m[43m.[49m[43m_run_vi[49m[43m([49m[43mkey[49m[43m=[49m[43mkey[49m[43m,[49m[43m [49m[43minit_from[49m[43m=[49m[43minit_from[49m[43m,[49m[43m [49m[43m*[49m[43m*[49m[43mkwargs[49m[43m)[49m
[32m   1039[39m [38;5;28;01melif[39;00m method == [33m"[39m[33mvi_linear[39m[33m"[39m:
[32m   1040[39m     [38;5;66;03m# MGVI via NIFTy optimize_kl[39;00m
[32m   1041[39m     result = [38;5;28mself[39m._run_vi_linear(key=key, init_from=init_from, **kwargs)

[36mFile [39m[32m~/Projects/tengri/src/tengri/inference/fitter.py:1108[39m, in [36mFitter._run_vi[39m[34m(self, key, init_from, **kwargs)[39m
[32m   1105[39m [38;5;28;01mfrom[39;00m[38;5;250m [39m[34;01mtengri[39;00m[34;01m.[39;00m[34;01minference[39;00m[34;01m.[39;00m[34;01mvi[39;00m[38;5;250m [39m[38;5;28;01mimport[39;00m run_nifty_vi
[32m   1107[39m kwargs.setdefault([33m"[39m[33msample_mode[39m[33m"[39m, [33m"[39m[33mnonlinear_resample[39m[33m"[39m)
[32m-> [39m[32m1108[39m [38;5;28;01mreturn[39;00m [43mrun_nifty_vi[49m[43m([49m[38;5;28;43mself[39;49m[43m,[49m[43m [49m[43mkey[49m[43m=[49m[43mkey[49m[43m,[49m[43m [49m[43minit_from[49m[43m=[49m[43minit_from[49m[43m,[49m[43m [49m[43m*[49m[43m*[49m[43mkwargs[49m[43m)[49m

[36mFile [39m[32m~/Projects/tengri/src/tengri/inference/vi.py:725[39m, in [36mrun_nifty_vi[39m[34m(fitter, key, init_from, n_iterations, n_samples, n_posterior_samples, sample_mode, vi_config, posterior_method, verbose)[39m
[32m    696[39m [38;5;250m[39m[33;03m"""Geometric variational inference via NIFTy.re.[39;00m
[32m    697[39m 
[32m    698[39m [33;03mgeoVI finds a coordinate transformation where the posterior is[39;00m
[32m   (...)[39m[32m    722[39m [33;03m    Print progress.[39;00m
[32m    723[39m [33;03m"""[39;00m
[32m    724[39m [38;5;28;01mtry[39;00m:
[32m--> [39m[32m725[39m     [38;5;28;01mimport[39;00m[38;5;250m [39m[34;01mnifty8[39;00m[34;01m.[39;00m[34;01mre[39;00m[38;5;250m [39m[38;5;28;01mas[39;00m[38;5;250m [39m[34;01mjft[39;00m
[32m    726[39m [38;5;28;01mexcept[39;00m [38;5;167;01mImportError[39;00m:
[32m    727[39m     [38;5;28;01mraise[39;00m [38;5;167;01mImportError[39;00m([33m"[39m[33mnifty8.re required for geoVI: pip install nifty8[re][39m[33m"[39m) [38;5;28;01mfrom[39;00m[38;5;250m [39m[38;5;28;01mNone[39;00m

[36mFile [39m[32m~/Projects/tengri/.venv/lib/python3.12/site-packages/nifty8/re/__init__.py:8[39m
[32m      6[39m [38;5;28;01mfrom[39;00m[38;5;250m [39m[34;01m.[39;00m[34;01mcorrelated_field[39;00m[38;5;250m [39m[38;5;28;01mimport[39;00m CorrelatedFieldMaker
[32m      7[39m [38;5;28;01mfrom[39;00m[38;5;250m [39m[34;01m.[39;00m[34;01mcustom_map[39;00m[38;5;250m [39m[38;5;28;01mimport[39;00m lmap, smap
[32m----> [39m[32m8[39m [38;5;28;01mfrom[39;00m[38;5;250m [39m[34;01m.[39;00m[34;01mevi[39;00m[38;5;250m [39m[38;5;28;01mimport[39;00m (
[32m      9[39m     Samples,
[32m     10[39m     draw_linear_residual,
[32m     11[39m     draw_residual,
[32m     12[39m     nonlinearly_update_residual,
[32m     13[39m     wiener_filter_posterior,
[32m     14[39m )
[32m     15[39m [38;5;28;01mfrom[39;00m[38;5;250m [39m[34;01m.[39;00m[34;01mevidence_lower_bound[39;00m[38;5;250m [39m[38;5;28;01mimport[39;00m estimate_evidence_lower_bound
[32m     16[39m [38;5;28;01mfrom[39;00m[38;5;250m [39m[34;01m.[39;00m[34;01mextra[39;00m[38;5;250m [39m[38;5;28;01mimport[39;00m SamplingCartesianGridLOS

[36mFile [39m[32m<frozen importlib._bootstrap>:1357[39m, in [36m_find_and_load[39m[34m(name, import_)[39m

[36mFile [39m[32m<frozen importlib._bootstrap>:418[39m, in [36m__enter__[39m[34m(self)[39m

[36mFile [39m[32m<frozen importlib._bootstrap>:346[39m, in [36macquire[39m[34m(self)[39m

[31m_DeadlockError[39m: deadlock detected by _ModuleLock('nifty8.re.evi') at 5709674400

