=== Running 14_joint_photometry_spectroscopy (timeout 600s) ===
[NbConvertApp] Converting notebook notebooks/14_joint_photometry_spectroscopy.ipynb to notebook
W0409 14:21:03.921279 3279179 cpp_gen_intrinsics.cc:74] Empty bitcode string provided for eigen. Optimizations relying on this IR will be disabled.
W0409 14:21:04.247115 3279020 pjrt_executable.cc:638] Assume version compatibility. PjRt-IFRT does not track XLA executable versions.
W0409 14:21:14.262428 3279608 pjrt_executable.cc:638] Assume version compatibility. PjRt-IFRT does not track XLA executable versions.
W0409 14:21:27.102704 3279608 pjrt_executable.cc:638] Assume version compatibility. PjRt-IFRT does not track XLA executable versions.
W0409 14:21:49.889586 3279608 pjrt_executable.cc:638] Assume version compatibility. PjRt-IFRT does not track XLA executable versions.
E0409 14:23:07.707290 3279173 slow_operation_alarm.cc:73] Constant folding an instruction is taking > 1s:

  %reshape.87231 = f64[15,557442]{1,0} reshape(%constant.321275), metadata={op_name="jit(run_evi_geovi)/vmap()/while/body/while/body/jvp(jit(interpolate_metallicity_smooth))"}

This isn't necessarily a bug; constant-folding is inherently a trade-off between compilation time and speed at runtime. XLA has some guards that attempt to keep constant folding from taking too long, but fundamentally you'll always be able to come up with an input program that takes a long time.

If you'd like to file a bug, run with envvar XLA_FLAGS=--xla_dump_to=/tmp/foo and attach the results.
E0409 14:23:07.708428 3279170 slow_operation_alarm.cc:140] The operation took 1.05574s
Constant folding an instruction is taking > 1s:

  %reshape.87231 = f64[15,557442]{1,0} reshape(%constant.321275), metadata={op_name="jit(run_evi_geovi)/vmap()/while/body/while/body/jvp(jit(interpolate_metallicity_smooth))"}

This isn't necessarily a bug; constant-folding is inherently a trade-off between compilation time and speed at runtime. XLA has some guards that attempt to keep constant folding from taking too long, but fundamentally you'll always be able to come up with an input program that takes a long time.

If you'd like to file a bug, run with envvar XLA_FLAGS=--xla_dump_to=/tmp/foo and attach the results.
[NbConvertApp] ERROR | Kernel died while waiting for execute reply.
Traceback (most recent call last):
  File "/Users/suchethacooray/Projects/tengri/.venv/bin/jupyter-nbconvert", line 8, in <module>
    sys.exit(main())
             ^^^^^^
  File "/Users/suchethacooray/Projects/tengri/.venv/lib/python3.12/site-packages/jupyter_core/application.py", line 284, in launch_instance
    super().launch_instance(argv=argv, **kwargs)
  File "/Users/suchethacooray/Projects/tengri/.venv/lib/python3.12/site-packages/traitlets/config/application.py", line 1075, in launch_instance
    app.start()
  File "/Users/suchethacooray/Projects/tengri/.venv/lib/python3.12/site-packages/nbconvert/nbconvertapp.py", line 420, in start
    self.convert_notebooks()
  File "/Users/suchethacooray/Projects/tengri/.venv/lib/python3.12/site-packages/nbconvert/nbconvertapp.py", line 597, in convert_notebooks
    self.convert_single_notebook(notebook_filename)
  File "/Users/suchethacooray/Projects/tengri/.venv/lib/python3.12/site-packages/nbconvert/nbconvertapp.py", line 563, in convert_single_notebook
    output, resources = self.export_single_notebook(
                        ^^^^^^^^^^^^^^^^^^^^^^^^^^^^
  File "/Users/suchethacooray/Projects/tengri/.venv/lib/python3.12/site-packages/nbconvert/nbconvertapp.py", line 487, in export_single_notebook
    output, resources = self.exporter.from_filename(
                        ^^^^^^^^^^^^^^^^^^^^^^^^^^^^
  File "/Users/suchethacooray/Projects/tengri/.venv/lib/python3.12/site-packages/nbconvert/exporters/exporter.py", line 201, in from_filename
    return self.from_file(f, resources=resources, **kw)
           ^^^^^^^^^^^^^^^^^^^^^^^^^^^^^^^^^^^^^^^^^^^^
  File "/Users/suchethacooray/Projects/tengri/.venv/lib/python3.12/site-packages/nbconvert/exporters/exporter.py", line 220, in from_file
    return self.from_notebook_node(
           ^^^^^^^^^^^^^^^^^^^^^^^^
  File "/Users/suchethacooray/Projects/tengri/.venv/lib/python3.12/site-packages/nbconvert/exporters/notebook.py", line 36, in from_notebook_node
    nb_copy, resources = super().from_notebook_node(nb, resources, **kw)
                         ^^^^^^^^^^^^^^^^^^^^^^^^^^^^^^^^^^^^^^^^^^^^^^^
  File "/Users/suchethacooray/Projects/tengri/.venv/lib/python3.12/site-packages/nbconvert/exporters/exporter.py", line 154, in from_notebook_node
    nb_copy, resources = self._preprocess(nb_copy, resources)
                         ^^^^^^^^^^^^^^^^^^^^^^^^^^^^^^^^^^^^
  File "/Users/suchethacooray/Projects/tengri/.venv/lib/python3.12/site-packages/nbconvert/exporters/exporter.py", line 353, in _preprocess
    nbc, resc = preprocessor(nbc, resc)
                ^^^^^^^^^^^^^^^^^^^^^^^
  File "/Users/suchethacooray/Projects/tengri/.venv/lib/python3.12/site-packages/nbconvert/preprocessors/base.py", line 48, in __call__
    return self.preprocess(nb, resources)
           ^^^^^^^^^^^^^^^^^^^^^^^^^^^^^^
  File "/Users/suchethacooray/Projects/tengri/.venv/lib/python3.12/site-packages/nbconvert/preprocessors/execute.py", line 103, in preprocess
    self.preprocess_cell(cell, resources, index)
  File "/Users/suchethacooray/Projects/tengri/.venv/lib/python3.12/site-packages/nbconvert/preprocessors/execute.py", line 124, in preprocess_cell
    cell = self.execute_cell(cell, index, store_history=True)
           ^^^^^^^^^^^^^^^^^^^^^^^^^^^^^^^^^^^^^^^^^^^^^^^^^^
  File "/Users/suchethacooray/Projects/tengri/.venv/lib/python3.12/site-packages/jupyter_core/utils/__init__.py", line 165, in wrapped
    return loop.run_until_complete(inner)
           ^^^^^^^^^^^^^^^^^^^^^^^^^^^^^^
  File "/opt/anaconda3/lib/python3.12/asyncio/base_events.py", line 685, in run_until_complete
    return future.result()
           ^^^^^^^^^^^^^^^
  File "/Users/suchethacooray/Projects/tengri/.venv/lib/python3.12/site-packages/nbclient/client.py", line 1009, in async_execute_cell
    raise DeadKernelError("Kernel died") from None
nbclient.exceptions.DeadKernelError: Kernel died
=== 14_joint_photometry_spectroscopy exit=1 ===
