2026-09-14 05:47:22,328 - __main__ - INFO - Applied 5.0% systematic error floor in quadrature. Mean floor contribution: 7.532e-30 erg/s/cm2/Hz
<repo>/src/tengri/components/stellar/sps/dsps_wrapper.py:384: UserWarning: 'ssp_prsc_miles_chabrier_wNE_logGasU-3.0_logGasZ0.0.h5' is a wNE (with-Nebular-Emission) SSP: nebular continuum and lines are already baked into the templates at fixed logU/logZ_gas. Pair it with the default baked-in nebular backend only: adding neb={'type': 'cue'} or a CLOUDY grid on top double-counts nebular emission.
  return load_ssp_data(str(candidate))
2026-09-14 05:47:28,826 - __main__ - INFO - Galaxy 4171 (z=1.032): 11 detected bands
2026-09-14 05:47:28,826 - __main__ - INFO - Config II: 8 free parameters
2026-09-14 05:47:28,826 - __main__ - INFO - Attempt 1/3: target_accept 0.85, warmup 600, diagonal mass
2026-09-14 05:47:31,579 - tengri.inference._registration - INFO - mcmc_nuts_fast: 1 JAX device(s) for 4 chains, so the chains run under vmap; export TENGRI_HOST_DEVICES=4 before importing tengri to pmap them.
2026-09-14 05:47:32,618 - tengri.inference.backends.mcmc.nuts - INFO - NUTS: 7 parameters, 600 warmup, 600 samples, target_accept=0.85
2026-09-14 05:47:46,711 - tengri.inference.backends.mcmc.nuts - INFO -   Warmup complete (14.1s). Step size: 0.0690. Divergent in the final warmup window: 3%
2026-09-14 05:48:24,133 - tengri.inference.backends.mcmc.nuts - INFO -   NUTS complete in 51.4s. Divergences: 1/2400 (0.0%). Tree depth: mean 5.6, at cap on 0% of iterations (max_num_doublings=10)
2026-09-14 05:48:25,011 - __main__ - WARNING - ✗ Fit failed adoption bar: divergences=1, rhat_max=1.0019
2026-09-14 05:48:48,053 - __main__ - INFO - Saved results to <repo>/analysis/paper1/results/fits/4171_II.npz
2026-09-14 05:48:48,053 - __main__ - INFO - Saved diagnostics to <repo>/analysis/paper1/results/fits/4171_II.json
2026-09-14 05:48:48,054 - __main__ - INFO - Saved the best attempt so far (attempt 1 of 1, divergences=1) before retuning
2026-09-14 05:48:48,054 - __main__ - INFO - Attempt 2/3: target_accept 0.95, warmup 600, diagonal mass
2026-09-14 05:48:48,138 - tengri.inference._registration - INFO - mcmc_nuts_fast: 1 JAX device(s) for 4 chains, so the chains run under vmap; export TENGRI_HOST_DEVICES=4 before importing tengri to pmap them.
2026-09-14 05:48:48,139 - tengri.inference.backends.mcmc.nuts - INFO - NUTS: 7 parameters, 600 warmup, 600 samples, target_accept=0.95
2026-09-14 05:49:11,417 - tengri.inference.backends.mcmc.nuts - INFO -   Warmup complete (23.3s). Step size: 0.0715. Divergent in the final warmup window: 0%
2026-09-14 05:49:46,180 - tengri.inference.backends.mcmc.nuts - INFO -   NUTS complete in 58.0s. Divergences: 0/2400 (0.0%). Tree depth: mean 5.5, at cap on 0% of iterations (max_num_doublings=10)
2026-09-14 05:49:46,251 - __main__ - INFO - ✓ Fit passed adoption bar: divergences=0, rhat_max=1.0078
2026-09-14 05:50:08,017 - __main__ - INFO - Saved results to <repo>/analysis/paper1/results/fits/4171_II.npz
2026-09-14 05:50:08,017 - __main__ - INFO - Saved diagnostics to <repo>/analysis/paper1/results/fits/4171_II.json
2026-09-14 05:50:08,018 - __main__ - INFO - ✓ Fit complete for galaxy 4171 config II
  MAP initialization (1000 steps)...
  MAP init done (loss=12.83)
  MAP initialization: reusing cached MAP point
