2026-09-22 20:26:06,320 - __main__ - INFO - Applied 5.0% systematic error floor in quadrature. Mean floor contribution: 4.562e-30 erg/s/cm2/Hz
2026-09-22 20:26:29,703 - __main__ - INFO - Galaxy 13097 (z=1.097): 15 detected bands
2026-09-22 20:26:29,704 - __main__ - INFO - Config V: 6 free parameters
2026-09-22 20:26:29,705 - __main__ - INFO - Attempt 1/3: target_accept 0.85, warmup 150, diagonal mass
E0922 20:26:52.146877 2491150 slow_operation_alarm.cc:73] Constant folding an instruction is taking > 1s:

  %sort.151 = f64[4755]{0} sort(%constant.7260), dimensions={0}, is_stable=true, to_apply=%region_59.209.clone, metadata={op_name="jit(_impl)/jit(lnu_filter_integral)/jit(sort)/sort" stack_frame_id=1588}

This isn't necessarily a bug; constant-folding is inherently a trade-off between compilation time and speed at runtime. XLA has some guards that attempt to keep constant folding from taking too long, but fundamentally you'll always be able to come up with an input program that takes a long time.

If you'd like to file a bug, run with envvar XLA_FLAGS=--xla_dump_to=/tmp/foo and attach the results.
E0922 20:26:52.213827 2491052 slow_operation_alarm.cc:140] The operation took 1.069032698s
Constant folding an instruction is taking > 1s:

  %sort.151 = f64[4755]{0} sort(%constant.7260), dimensions={0}, is_stable=true, to_apply=%region_59.209.clone, metadata={op_name="jit(_impl)/jit(lnu_filter_integral)/jit(sort)/sort" stack_frame_id=1588}

This isn't necessarily a bug; constant-folding is inherently a trade-off between compilation time and speed at runtime. XLA has some guards that attempt to keep constant folding from taking too long, but fundamentally you'll always be able to come up with an input program that takes a long time.

If you'd like to file a bug, run with envvar XLA_FLAGS=--xla_dump_to=/tmp/foo and attach the results.
2026-09-22 20:32:47,899 - tengri.inference.backends.mcmc.nuts - INFO - NUTS: 5 parameters, 150 warmup, 300 samples, target_accept=0.85
2026-09-22 20:52:19,357 - tengri.inference.backends.mcmc.nuts - INFO -   Warmup complete (1171.5s). Step size: 0.1361. Divergent in the final warmup window: 0%
2026-09-22 21:04:45,508 - tengri.inference.backends.mcmc.nuts - INFO -   NUTS complete in 1917.3s. Divergences: 3/1200 (0.2%). Tree depth: mean 4.9, at cap on 0% of iterations (max_num_doublings=10)
2026-09-22 21:04:46,253 - tengri.inference.mass_profile - INFO - profile_mass reinsertion: waiting for lock analysis/paper1/results/fits/.reinsert.lock
2026-09-22 21:04:46,254 - tengri.inference.mass_profile - INFO - profile_mass reinsertion: lock acquired
2026-09-22 21:09:01,121 - __main__ - WARNING - ✗ Fit failed adoption bar: divergences=3, rhat_max=1.0072, ess_min=352
2026-09-22 21:09:49,204 - __main__ - INFO - Saved results to analysis/paper1/results/fits/13097_V.npz
2026-09-22 21:09:49,207 - __main__ - INFO - Saved diagnostics to analysis/paper1/results/fits/13097_V.json
2026-09-22 21:09:49,210 - __main__ - INFO - Saved the best attempt so far (attempt 1 of 1, divergences=3) before retuning
2026-09-22 21:09:49,211 - __main__ - INFO - Attempt 2/3: target_accept 0.95, warmup 150, diagonal mass
2026-09-22 21:09:53,157 - tengri.inference.backends.mcmc.nuts - INFO - NUTS: 5 parameters, 150 warmup, 300 samples, target_accept=0.95
2026-09-22 21:34:50,293 - tengri.inference.backends.mcmc.nuts - INFO -   Warmup complete (1497.1s). Step size: 0.0211. Divergent in the final warmup window: 0%
2026-09-22 22:29:36,252 - tengri.inference.backends.mcmc.nuts - INFO -   NUTS complete in 4782.9s. Divergences: 0/1200 (0.0%). Tree depth: mean 7.3, at cap on 0% of iterations (max_num_doublings=10)
2026-09-22 22:29:36,265 - tengri.inference.mass_profile - INFO - profile_mass reinsertion: waiting for lock analysis/paper1/results/fits/.reinsert.lock
2026-09-22 22:29:36,267 - tengri.inference.mass_profile - INFO - profile_mass reinsertion: lock acquired
2026-09-22 22:32:40,203 - __main__ - INFO - ✓ Fit passed adoption bar: divergences=0, rhat_max=1.0049, ess_min=343
2026-09-22 22:33:48,097 - __main__ - INFO - Saved results to analysis/paper1/results/fits/13097_V.npz
2026-09-22 22:33:48,105 - __main__ - INFO - Saved diagnostics to analysis/paper1/results/fits/13097_V.json
2026-09-22 22:33:48,120 - __main__ - INFO - ✓ Fit complete for galaxy 13097 config V
  MAP initialization (1000 steps)...
  MAP init done (loss=43.74)
  MAP initialization: reusing cached MAP point
