2026-09-21 04:54:13,745 - __main__ - INFO - Applied 5.0% systematic error floor in quadrature. Mean floor contribution: 1.951e-30 erg/s/cm2/Hz
2026-09-21 04:55:15,669 - __main__ - INFO - Galaxy 14099 (z=1.093): 15 detected bands
2026-09-21 04:55:15,669 - __main__ - INFO - Config III: 6 free parameters
2026-09-21 04:55:15,669 - __main__ - INFO - Attempt 1/3: target_accept 0.85, warmup 150, diagonal mass
2026-09-21 04:57:38,443 - tengri.inference.backends.mcmc.nuts - INFO - NUTS: 5 parameters, 150 warmup, 300 samples, target_accept=0.85
E0921 04:57:55.073531 3965468 slow_operation_alarm.cc:73] Constant folding an instruction is taking > 1s:

  %sort.292 = f64[12844]{0} sort(%constant.22980), dimensions={0}, is_stable=true, to_apply=%region_80.325, metadata={op_name="jit(_nuts_warmup_only)/jvp(jit(logdensity))/jit(loss_fn)/jit(_impl)/jit(lnu_filter_integral)/jit(sort)/sort" stack_frame_id=7573}

This isn't necessarily a bug; constant-folding is inherently a trade-off between compilation time and speed at runtime. XLA has some guards that attempt to keep constant folding from taking too long, but fundamentally you'll always be able to come up with an input program that takes a long time.

If you'd like to file a bug, run with envvar XLA_FLAGS=--xla_dump_to=/tmp/foo and attach the results.
E0921 04:57:55.160873 3964334 slow_operation_alarm.cc:140] The operation took 1.087524201s
Constant folding an instruction is taking > 1s:

  %sort.292 = f64[12844]{0} sort(%constant.22980), dimensions={0}, is_stable=true, to_apply=%region_80.325, metadata={op_name="jit(_nuts_warmup_only)/jvp(jit(logdensity))/jit(loss_fn)/jit(_impl)/jit(lnu_filter_integral)/jit(sort)/sort" stack_frame_id=7573}

This isn't necessarily a bug; constant-folding is inherently a trade-off between compilation time and speed at runtime. XLA has some guards that attempt to keep constant folding from taking too long, but fundamentally you'll always be able to come up with an input program that takes a long time.

If you'd like to file a bug, run with envvar XLA_FLAGS=--xla_dump_to=/tmp/foo and attach the results.
2026-09-21 05:00:43,126 - tengri.inference.backends.mcmc.nuts - INFO -   Warmup complete (184.7s). Step size: 0.3664. Divergent in the final warmup window: 0%
2026-09-21 05:05:14,448 - tengri.inference.backends.mcmc.nuts - INFO -   NUTS complete in 455.3s. Divergences: 24/1200 (2.0%). Tree depth: mean 3.9, at cap on 0% of iterations (max_num_doublings=10)
2026-09-21 05:08:33,582 - __main__ - WARNING - ✗ Fit failed adoption bar: divergences=24, rhat_max=1.0177
2026-09-21 05:09:08,989 - __main__ - INFO - Saved results to analysis/paper1/results/fits/14099_III.npz
2026-09-21 05:09:08,990 - __main__ - INFO - Saved diagnostics to analysis/paper1/results/fits/14099_III.json
2026-09-21 05:09:08,993 - __main__ - INFO - Saved the best attempt so far (attempt 1 of 1, divergences=24) before retuning
2026-09-21 05:09:08,994 - __main__ - INFO - Attempt 2/3: target_accept 0.95, warmup 150, diagonal mass
2026-09-21 05:09:11,399 - tengri.inference.backends.mcmc.nuts - INFO - NUTS: 5 parameters, 150 warmup, 300 samples, target_accept=0.95
2026-09-21 05:16:11,147 - tengri.inference.backends.mcmc.nuts - INFO -   Warmup complete (419.7s). Step size: 0.0825. Divergent in the final warmup window: 0%
2026-09-21 05:30:43,312 - tengri.inference.backends.mcmc.nuts - INFO -   NUTS complete in 1291.8s. Divergences: 6/1200 (0.5%). Tree depth: mean 5.4, at cap on 0% of iterations (max_num_doublings=10)
2026-09-21 05:34:22,012 - __main__ - WARNING - ✗ Fit failed adoption bar: divergences=6, rhat_max=1.0297
2026-09-21 05:35:23,077 - __main__ - INFO - Saved results to analysis/paper1/results/fits/14099_III.npz
2026-09-21 05:35:23,079 - __main__ - INFO - Saved diagnostics to analysis/paper1/results/fits/14099_III.json
2026-09-21 05:35:23,082 - __main__ - INFO - Saved the best attempt so far (attempt 1 of 2, divergences=24) before retuning
2026-09-21 05:35:23,083 - __main__ - INFO - Attempt 3/3: target_accept 0.99, warmup 150, diagonal mass
2026-09-21 05:35:26,820 - tengri.inference.backends.mcmc.nuts - INFO - NUTS: 5 parameters, 150 warmup, 300 samples, target_accept=0.99
2026-09-21 05:55:46,793 - tengri.inference.backends.mcmc.nuts - INFO -   Warmup complete (1220.0s). Step size: 0.0325. Divergent in the final warmup window: 0%
2026-09-21 06:34:14,467 - tengri.inference.backends.mcmc.nuts - INFO -   NUTS complete in 3527.5s. Divergences: 0/1200 (0.0%). Tree depth: mean 6.6, at cap on 0% of iterations (max_num_doublings=10)
2026-09-21 06:38:10,117 - __main__ - WARNING - ✗ Fit failed adoption bar: divergences=0, rhat_max=1.0110
2026-09-21 06:39:17,537 - __main__ - INFO - Saved results to analysis/paper1/results/fits/14099_III.npz
2026-09-21 06:39:17,542 - __main__ - INFO - Saved diagnostics to analysis/paper1/results/fits/14099_III.json
2026-09-21 06:39:17,547 - __main__ - WARNING - No attempt cleared the adoption bar for galaxy 14099 config III; keeping attempt 3 of 3 (divergences=0, rhat_max=1.0110) with adoption_pass=False
2026-09-21 06:39:17,552 - __main__ - INFO - ✓ Fit complete for galaxy 14099 config III
  MAP initialization (1000 steps)...
  MAP init done (loss=61.00)
  MAP initialization: reusing cached MAP point
  MAP initialization: reusing cached MAP point
