2026-09-21 14:15:26,928 - __main__ - INFO - Applied 5.0% systematic error floor in quadrature. Mean floor contribution: 4.860e-30 erg/s/cm2/Hz
2026-09-21 14:17:42,803 - __main__ - INFO - Galaxy 15336 (z=1.036): 14 detected bands
2026-09-21 14:17:42,804 - __main__ - INFO - Config III: 6 free parameters
2026-09-21 14:17:42,804 - __main__ - INFO - Attempt 1/3: target_accept 0.85, warmup 150, diagonal mass
E0921 14:17:55.405934 1544160 slow_operation_alarm.cc:73] Constant folding an instruction is taking > 1s:

  %sort.152 = f64[9476]{0} sort(%constant.6982), dimensions={0}, is_stable=true, to_apply=%region_56.200.clone, metadata={op_name="jit(_impl)/jit(lnu_filter_integral)/jit(sort)/sort" stack_frame_id=1684}

This isn't necessarily a bug; constant-folding is inherently a trade-off between compilation time and speed at runtime. XLA has some guards that attempt to keep constant folding from taking too long, but fundamentally you'll always be able to come up with an input program that takes a long time.

If you'd like to file a bug, run with envvar XLA_FLAGS=--xla_dump_to=/tmp/foo and attach the results.
E0921 14:17:55.531651 1544061 slow_operation_alarm.cc:140] The operation took 1.125972986s
Constant folding an instruction is taking > 1s:

  %sort.152 = f64[9476]{0} sort(%constant.6982), dimensions={0}, is_stable=true, to_apply=%region_56.200.clone, metadata={op_name="jit(_impl)/jit(lnu_filter_integral)/jit(sort)/sort" stack_frame_id=1684}

This isn't necessarily a bug; constant-folding is inherently a trade-off between compilation time and speed at runtime. XLA has some guards that attempt to keep constant folding from taking too long, but fundamentally you'll always be able to come up with an input program that takes a long time.

If you'd like to file a bug, run with envvar XLA_FLAGS=--xla_dump_to=/tmp/foo and attach the results.
2026-09-21 14:22:48,345 - tengri.inference.backends.mcmc.nuts - INFO - NUTS: 5 parameters, 150 warmup, 300 samples, target_accept=0.85
2026-09-21 14:33:35,082 - tengri.inference.backends.mcmc.nuts - INFO -   Warmup complete (646.7s). Step size: 0.1209. Divergent in the final warmup window: 0%
E0921 14:35:13.197220 1544160 slow_operation_alarm.cc:73] Constant folding an instruction is taking > 2s:

  %sort.287 = f64[12844]{0} sort(%constant.9694), dimensions={0}, is_stable=true, to_apply=%region_109.107, metadata={op_name="jit(_fun)/shard_map/jit(_nuts_chain_scan)/while/body/closed_call/while/body/while/body/jvp(jit(logdensity))/jit(loss_fn)/jit(_impl)/jit(lnu_filter_integral)/jit(sort)/sort" stack_frame_id=2270}

This isn't necessarily a bug; constant-folding is inherently a trade-off between compilation time and speed at runtime. XLA has some guards that attempt to keep constant folding from taking too long, but fundamentally you'll always be able to come up with an input program that takes a long time.

If you'd like to file a bug, run with envvar XLA_FLAGS=--xla_dump_to=/tmp/foo and attach the results.
E0921 14:35:13.786641 1544061 slow_operation_alarm.cc:140] The operation took 2.589610958s
Constant folding an instruction is taking > 2s:

  %sort.287 = f64[12844]{0} sort(%constant.9694), dimensions={0}, is_stable=true, to_apply=%region_109.107, metadata={op_name="jit(_fun)/shard_map/jit(_nuts_chain_scan)/while/body/closed_call/while/body/while/body/jvp(jit(logdensity))/jit(loss_fn)/jit(_impl)/jit(lnu_filter_integral)/jit(sort)/sort" stack_frame_id=2270}

This isn't necessarily a bug; constant-folding is inherently a trade-off between compilation time and speed at runtime. XLA has some guards that attempt to keep constant folding from taking too long, but fundamentally you'll always be able to come up with an input program that takes a long time.

If you'd like to file a bug, run with envvar XLA_FLAGS=--xla_dump_to=/tmp/foo and attach the results.
2026-09-21 14:50:28,036 - tengri.inference.backends.mcmc.nuts - INFO -   NUTS complete in 1659.5s. Divergences: 0/1200 (0.0%). Tree depth: mean 4.9, at cap on 0% of iterations (max_num_doublings=10)
2026-09-21 14:50:28,417 - tengri.inference.mass_profile - INFO - profile_mass reinsertion: waiting for lock analysis/paper1/results/fits/.reinsert.lock
2026-09-21 14:50:28,417 - tengri.inference.mass_profile - INFO - profile_mass reinsertion: lock acquired
2026-09-21 14:57:01,239 - __main__ - INFO - ✓ Fit passed adoption bar: divergences=0, rhat_max=1.0042
2026-09-21 14:58:14,777 - __main__ - INFO - Saved results to analysis/paper1/results/fits/15336_III.npz
2026-09-21 14:58:14,780 - __main__ - INFO - Saved diagnostics to analysis/paper1/results/fits/15336_III.json
2026-09-21 14:58:14,793 - __main__ - INFO - ✓ Fit complete for galaxy 15336 config III
  MAP initialization (1000 steps)...
  MAP init done (loss=39.40)
