2026-09-22 22:34:31,339 - __main__ - INFO - Applied 5.0% systematic error floor in quadrature. Mean floor contribution: 3.842e-30 erg/s/cm2/Hz
2026-09-22 22:34:52,717 - __main__ - INFO - Galaxy 15775 (z=1.097): 15 detected bands
2026-09-22 22:34:52,718 - __main__ - INFO - Config V: 6 free parameters
2026-09-22 22:34:52,719 - __main__ - INFO - Attempt 1/3: target_accept 0.85, warmup 150, diagonal mass
2026-09-22 22:40:18,908 - tengri.inference.backends.mcmc.nuts - INFO - NUTS: 5 parameters, 150 warmup, 300 samples, target_accept=0.85
2026-09-22 22:59:39,484 - tengri.inference.backends.mcmc.nuts - INFO -   Warmup complete (1160.6s). Step size: 0.2167. Divergent in the final warmup window: 0%
E0922 23:00:13.255155 2811593 slow_operation_alarm.cc:73] Constant folding an instruction is taking > 1s:

  %sort.220 = (f64[1841]{0}, s64[1841]{0}) sort(%constant.6859.clone, %iota.82), dimensions={0}, is_stable=true, to_apply=%region_31.32, metadata={op_name="jit(_fun)/shard_map/jvp(jit(logdensity))/jit(loss_fn)/jit(_impl)/jit(argsort)/sort" stack_frame_id=1596}

This isn't necessarily a bug; constant-folding is inherently a trade-off between compilation time and speed at runtime. XLA has some guards that attempt to keep constant folding from taking too long, but fundamentally you'll always be able to come up with an input program that takes a long time.

If you'd like to file a bug, run with envvar XLA_FLAGS=--xla_dump_to=/tmp/foo and attach the results.
E0922 23:00:13.463002 2810705 slow_operation_alarm.cc:140] The operation took 1.208633801s
Constant folding an instruction is taking > 1s:

  %sort.220 = (f64[1841]{0}, s64[1841]{0}) sort(%constant.6859.clone, %iota.82), dimensions={0}, is_stable=true, to_apply=%region_31.32, metadata={op_name="jit(_fun)/shard_map/jvp(jit(logdensity))/jit(loss_fn)/jit(_impl)/jit(argsort)/sort" stack_frame_id=1596}

This isn't necessarily a bug; constant-folding is inherently a trade-off between compilation time and speed at runtime. XLA has some guards that attempt to keep constant folding from taking too long, but fundamentally you'll always be able to come up with an input program that takes a long time.

If you'd like to file a bug, run with envvar XLA_FLAGS=--xla_dump_to=/tmp/foo and attach the results.
2026-09-22 23:09:50,512 - tengri.inference.backends.mcmc.nuts - INFO -   NUTS complete in 1771.3s. Divergences: 8/1200 (0.7%). Tree depth: mean 4.4, at cap on 0% of iterations (max_num_doublings=10)
2026-09-22 23:09:51,173 - tengri.inference.mass_profile - INFO - profile_mass reinsertion: waiting for lock analysis/paper1/results/fits/.reinsert.lock
2026-09-22 23:09:51,174 - tengri.inference.mass_profile - INFO - profile_mass reinsertion: lock acquired
2026-09-22 23:13:33,964 - __main__ - WARNING - ✗ Fit failed adoption bar: divergences=8, rhat_max=1.0026, ess_min=202
2026-09-22 23:14:38,003 - __main__ - INFO - Saved results to analysis/paper1/results/fits/15775_V.npz
2026-09-22 23:14:38,006 - __main__ - INFO - Saved diagnostics to analysis/paper1/results/fits/15775_V.json
2026-09-22 23:14:38,012 - __main__ - INFO - Saved the best attempt so far (attempt 1 of 1, divergences=8) before retuning
2026-09-22 23:14:38,015 - __main__ - INFO - Attempt 2/3: target_accept 0.95, warmup 150, diagonal mass
2026-09-22 23:14:42,664 - tengri.inference.backends.mcmc.nuts - INFO - NUTS: 5 parameters, 150 warmup, 300 samples, target_accept=0.95
2026-09-22 23:30:28,215 - tengri.inference.backends.mcmc.nuts - INFO -   Warmup complete (945.5s). Step size: 0.0390. Divergent in the final warmup window: 0%
2026-09-22 23:46:09,768 - tengri.inference.backends.mcmc.nuts - INFO -   NUTS complete in 1887.0s. Divergences: 0/1200 (0.0%). Tree depth: mean 6.3, at cap on 0% of iterations (max_num_doublings=10)
2026-09-22 23:46:09,772 - tengri.inference.mass_profile - INFO - profile_mass reinsertion: waiting for lock analysis/paper1/results/fits/.reinsert.lock
2026-09-22 23:46:09,772 - tengri.inference.mass_profile - INFO - profile_mass reinsertion: lock acquired
2026-09-22 23:47:22,512 - __main__ - INFO - ✓ Fit passed adoption bar: divergences=0, rhat_max=1.0015, ess_min=386
2026-09-22 23:47:53,571 - __main__ - INFO - Saved results to analysis/paper1/results/fits/15775_V.npz
2026-09-22 23:47:53,577 - __main__ - INFO - Saved diagnostics to analysis/paper1/results/fits/15775_V.json
2026-09-22 23:47:53,591 - __main__ - INFO - ✓ Fit complete for galaxy 15775 config V
  MAP initialization (1000 steps)...
  MAP init done (loss=51.63)
  MAP initialization: reusing cached MAP point
