2026-09-21 14:58:33,795 - __main__ - INFO - Applied 5.0% systematic error floor in quadrature. Mean floor contribution: 3.842e-30 erg/s/cm2/Hz
2026-09-21 15:00:33,392 - __main__ - INFO - Galaxy 15775 (z=1.097): 15 detected bands
2026-09-21 15:00:33,393 - __main__ - INFO - Config III: 6 free parameters
2026-09-21 15:00:33,393 - __main__ - INFO - Attempt 1/3: target_accept 0.85, warmup 150, diagonal mass
2026-09-21 15:04:13,345 - tengri.inference.backends.mcmc.nuts - INFO - NUTS: 5 parameters, 150 warmup, 300 samples, target_accept=0.85
2026-09-21 15:24:44,865 - tengri.inference.backends.mcmc.nuts - INFO -   Warmup complete (1231.5s). Step size: 0.1074. Divergent in the final warmup window: 0%
E0921 15:25:09.861927 1687716 slow_operation_alarm.cc:73] Constant folding an instruction is taking > 1s:

  %sort.238 = f64[12844]{0} sort(%constant.7959), dimensions={0}, is_stable=true, to_apply=%region_101.102, metadata={op_name="jit(_fun)/shard_map/jvp(jit(logdensity))/jit(loss_fn)/jit(_impl)/jit(lnu_filter_integral)/jit(sort)/sort" stack_frame_id=2000}

This isn't necessarily a bug; constant-folding is inherently a trade-off between compilation time and speed at runtime. XLA has some guards that attempt to keep constant folding from taking too long, but fundamentally you'll always be able to come up with an input program that takes a long time.

If you'd like to file a bug, run with envvar XLA_FLAGS=--xla_dump_to=/tmp/foo and attach the results.
E0921 15:25:10.173398 1687585 slow_operation_alarm.cc:140] The operation took 1.311642144s
Constant folding an instruction is taking > 1s:

  %sort.238 = f64[12844]{0} sort(%constant.7959), dimensions={0}, is_stable=true, to_apply=%region_101.102, metadata={op_name="jit(_fun)/shard_map/jvp(jit(logdensity))/jit(loss_fn)/jit(_impl)/jit(lnu_filter_integral)/jit(sort)/sort" stack_frame_id=2000}

This isn't necessarily a bug; constant-folding is inherently a trade-off between compilation time and speed at runtime. XLA has some guards that attempt to keep constant folding from taking too long, but fundamentally you'll always be able to come up with an input program that takes a long time.

If you'd like to file a bug, run with envvar XLA_FLAGS=--xla_dump_to=/tmp/foo and attach the results.
2026-09-21 15:44:42,023 - tengri.inference.backends.mcmc.nuts - INFO -   NUTS complete in 2428.4s. Divergences: 0/1200 (0.0%). Tree depth: mean 5.4, at cap on 0% of iterations (max_num_doublings=10)
2026-09-21 15:44:42,444 - tengri.inference.mass_profile - INFO - profile_mass reinsertion: waiting for lock analysis/paper1/results/fits/.reinsert.lock
2026-09-21 15:44:42,445 - tengri.inference.mass_profile - INFO - profile_mass reinsertion: lock acquired
2026-09-21 15:50:39,584 - __main__ - INFO - ✓ Fit passed adoption bar: divergences=0, rhat_max=1.0021
2026-09-21 15:52:30,116 - __main__ - INFO - Saved results to analysis/paper1/results/fits/15775_III.npz
2026-09-21 15:52:30,121 - __main__ - INFO - Saved diagnostics to analysis/paper1/results/fits/15775_III.json
2026-09-21 15:52:30,130 - __main__ - INFO - ✓ Fit complete for galaxy 15775 config III
  MAP initialization (1000 steps)...
  MAP init done (loss=31.69)
