2026-09-21 17:24:58,794 - __main__ - INFO - Applied 5.0% systematic error floor in quadrature. Mean floor contribution: 4.646e-30 erg/s/cm2/Hz
2026-09-21 17:27:31,499 - __main__ - INFO - Galaxy 16049 (z=1.047): 15 detected bands
2026-09-21 17:27:31,500 - __main__ - INFO - Config III: 6 free parameters
2026-09-21 17:27:31,501 - __main__ - INFO - Attempt 1/3: target_accept 0.85, warmup 150, diagonal mass
E0921 17:27:49.272143 2135571 slow_operation_alarm.cc:73] Constant folding an instruction is taking > 1s:

  %sort.159 = f64[7127]{0} sort(%constant.7199), dimensions={0}, is_stable=true, to_apply=%region_44.148.clone, metadata={op_name="jit(_impl)/jit(lnu_filter_integral)/jit(sort)/sort" stack_frame_id=1684}

This isn't necessarily a bug; constant-folding is inherently a trade-off between compilation time and speed at runtime. XLA has some guards that attempt to keep constant folding from taking too long, but fundamentally you'll always be able to come up with an input program that takes a long time.

If you'd like to file a bug, run with envvar XLA_FLAGS=--xla_dump_to=/tmp/foo and attach the results.
E0921 17:27:49.283294 2135472 slow_operation_alarm.cc:140] The operation took 1.011368466s
Constant folding an instruction is taking > 1s:

  %sort.159 = f64[7127]{0} sort(%constant.7199), dimensions={0}, is_stable=true, to_apply=%region_44.148.clone, metadata={op_name="jit(_impl)/jit(lnu_filter_integral)/jit(sort)/sort" stack_frame_id=1684}

This isn't necessarily a bug; constant-folding is inherently a trade-off between compilation time and speed at runtime. XLA has some guards that attempt to keep constant folding from taking too long, but fundamentally you'll always be able to come up with an input program that takes a long time.

If you'd like to file a bug, run with envvar XLA_FLAGS=--xla_dump_to=/tmp/foo and attach the results.
E0921 17:27:56.293292 2135571 slow_operation_alarm.cc:73] Constant folding an instruction is taking > 2s:

  %sort.164 = f64[12844]{0} sort(%constant.7579), dimensions={0}, is_stable=true, to_apply=%region_74.278.clone, metadata={op_name="jit(_impl)/jit(lnu_filter_integral)/jit(sort)/sort" stack_frame_id=1684}

This isn't necessarily a bug; constant-folding is inherently a trade-off between compilation time and speed at runtime. XLA has some guards that attempt to keep constant folding from taking too long, but fundamentally you'll always be able to come up with an input program that takes a long time.

If you'd like to file a bug, run with envvar XLA_FLAGS=--xla_dump_to=/tmp/foo and attach the results.
E0921 17:27:56.604106 2135472 slow_operation_alarm.cc:140] The operation took 2.313758374s
Constant folding an instruction is taking > 2s:

  %sort.164 = f64[12844]{0} sort(%constant.7579), dimensions={0}, is_stable=true, to_apply=%region_74.278.clone, metadata={op_name="jit(_impl)/jit(lnu_filter_integral)/jit(sort)/sort" stack_frame_id=1684}

This isn't necessarily a bug; constant-folding is inherently a trade-off between compilation time and speed at runtime. XLA has some guards that attempt to keep constant folding from taking too long, but fundamentally you'll always be able to come up with an input program that takes a long time.

If you'd like to file a bug, run with envvar XLA_FLAGS=--xla_dump_to=/tmp/foo and attach the results.
2026-09-21 17:34:00,398 - tengri.inference.backends.mcmc.nuts - INFO - NUTS: 5 parameters, 150 warmup, 300 samples, target_accept=0.85
2026-09-21 17:43:49,718 - tengri.inference.backends.mcmc.nuts - INFO -   Warmup complete (589.3s). Step size: 0.2370. Divergent in the final warmup window: 0%
2026-09-21 17:58:38,474 - tengri.inference.backends.mcmc.nuts - INFO -   NUTS complete in 1477.0s. Divergences: 0/1200 (0.0%). Tree depth: mean 4.2, at cap on 0% of iterations (max_num_doublings=10)
2026-09-21 17:58:39,033 - tengri.inference.mass_profile - INFO - profile_mass reinsertion: waiting for lock analysis/paper1/results/fits/.reinsert.lock
2026-09-21 18:02:44,749 - tengri.inference.mass_profile - INFO - profile_mass reinsertion: lock acquired
2026-09-21 18:09:15,554 - __main__ - INFO - ✓ Fit passed adoption bar: divergences=0, rhat_max=1.0012, ess_min=245
2026-09-21 18:10:50,691 - __main__ - INFO - Saved results to analysis/paper1/results/fits/16049_III.npz
2026-09-21 18:10:50,694 - __main__ - INFO - Saved diagnostics to analysis/paper1/results/fits/16049_III.json
2026-09-21 18:10:50,701 - __main__ - INFO - ✓ Fit complete for galaxy 16049 config III
  MAP initialization (1000 steps)...
  MAP init done (loss=38.04)
