2026-09-22 23:29:38,180 - __main__ - INFO - Applied 5.0% systematic error floor in quadrature. Mean floor contribution: 4.646e-30 erg/s/cm2/Hz
2026-09-22 23:29:47,211 - __main__ - INFO - Galaxy 16049 (z=1.047): 15 detected bands
2026-09-22 23:29:47,211 - __main__ - INFO - Config V: 6 free parameters
2026-09-22 23:29:47,212 - __main__ - INFO - Attempt 1/3: target_accept 0.85, warmup 150, diagonal mass
2026-09-22 23:33:14,460 - tengri.inference.backends.mcmc.nuts - INFO - NUTS: 5 parameters, 150 warmup, 300 samples, target_accept=0.85
2026-09-22 23:46:04,486 - tengri.inference.backends.mcmc.nuts - INFO -   Warmup complete (770.0s). Step size: 0.1239. Divergent in the final warmup window: 0%
2026-09-22 23:54:33,680 - tengri.inference.backends.mcmc.nuts - INFO -   NUTS complete in 1279.1s. Divergences: 31/1200 (2.6%). Tree depth: mean 5.2, at cap on 0% of iterations (max_num_doublings=10)
2026-09-22 23:54:34,007 - tengri.inference.mass_profile - INFO - profile_mass reinsertion: waiting for lock analysis/paper1/results/fits/.reinsert.lock
2026-09-22 23:54:34,007 - tengri.inference.mass_profile - INFO - profile_mass reinsertion: lock acquired
2026-09-22 23:57:08,683 - __main__ - WARNING - ✗ Fit failed adoption bar: divergences=31, rhat_max=1.0296, ess_min=44
2026-09-22 23:57:37,309 - __main__ - INFO - Saved results to analysis/paper1/results/fits/16049_V.npz
2026-09-22 23:57:37,310 - __main__ - INFO - Saved diagnostics to analysis/paper1/results/fits/16049_V.json
2026-09-22 23:57:37,312 - __main__ - INFO - Saved the best attempt so far (attempt 1 of 1, divergences=31) before retuning
2026-09-22 23:57:37,312 - __main__ - INFO - Attempt 2/3: target_accept 0.95, warmup 150, diagonal mass
2026-09-22 23:57:40,118 - tengri.inference.backends.mcmc.nuts - INFO - NUTS: 5 parameters, 150 warmup, 300 samples, target_accept=0.95
2026-09-23 00:17:28,485 - tengri.inference.backends.mcmc.nuts - INFO -   Warmup complete (1188.4s). Step size: 0.0405. Divergent in the final warmup window: 0%
E0923 00:17:57.693982 2942584 slow_operation_alarm.cc:73] Constant folding an instruction is taking > 1s:

  %sort.289 = f64[6016]{0} sort(%constant.9950), dimensions={0}, is_stable=true, to_apply=%region_90.88, metadata={op_name="jit(_fun)/shard_map/jit(_nuts_chain_scan)/while/body/closed_call/while/body/while/body/jvp(jit(logdensity))/jit(loss_fn)/jit(_impl)/jit(lnu_filter_integral)/jit(sort)/sort" stack_frame_id=1856}

This isn't necessarily a bug; constant-folding is inherently a trade-off between compilation time and speed at runtime. XLA has some guards that attempt to keep constant folding from taking too long, but fundamentally you'll always be able to come up with an input program that takes a long time.

If you'd like to file a bug, run with envvar XLA_FLAGS=--xla_dump_to=/tmp/foo and attach the results.
E0923 00:17:57.697021 2942480 slow_operation_alarm.cc:140] The operation took 1.003893425s
Constant folding an instruction is taking > 1s:

  %sort.289 = f64[6016]{0} sort(%constant.9950), dimensions={0}, is_stable=true, to_apply=%region_90.88, metadata={op_name="jit(_fun)/shard_map/jit(_nuts_chain_scan)/while/body/closed_call/while/body/while/body/jvp(jit(logdensity))/jit(loss_fn)/jit(_impl)/jit(lnu_filter_integral)/jit(sort)/sort" stack_frame_id=1856}

This isn't necessarily a bug; constant-folding is inherently a trade-off between compilation time and speed at runtime. XLA has some guards that attempt to keep constant folding from taking too long, but fundamentally you'll always be able to come up with an input program that takes a long time.

If you'd like to file a bug, run with envvar XLA_FLAGS=--xla_dump_to=/tmp/foo and attach the results.
2026-09-23 00:46:12,976 - tengri.inference.backends.mcmc.nuts - INFO -   NUTS complete in 2912.7s. Divergences: 0/1200 (0.0%). Tree depth: mean 6.5, at cap on 0% of iterations (max_num_doublings=10)
2026-09-23 00:46:12,981 - tengri.inference.mass_profile - INFO - profile_mass reinsertion: waiting for lock analysis/paper1/results/fits/.reinsert.lock
2026-09-23 00:46:12,982 - tengri.inference.mass_profile - INFO - profile_mass reinsertion: lock acquired
2026-09-23 00:48:07,223 - __main__ - INFO - ✓ Fit passed adoption bar: divergences=0, rhat_max=1.0084, ess_min=234
2026-09-23 00:49:01,491 - __main__ - INFO - Saved results to analysis/paper1/results/fits/16049_V.npz
2026-09-23 00:49:01,494 - __main__ - INFO - Saved diagnostics to analysis/paper1/results/fits/16049_V.json
2026-09-23 00:49:01,508 - __main__ - INFO - ✓ Fit complete for galaxy 16049 config V
  MAP initialization (1000 steps)...
  MAP init done (loss=61.25)
  MAP initialization: reusing cached MAP point
