2026-09-25 00:59:09,109 - __main__ - INFO - Applied 5.0% systematic error floor in quadrature. Mean floor contribution: 6.361e-30 erg/s/cm2/Hz
2026-09-25 00:59:20,895 - __main__ - INFO - Galaxy 16455 (z=1.087): 15 detected bands
2026-09-25 00:59:20,895 - __main__ - INFO - Config II: 7 free parameters
2026-09-25 00:59:20,895 - __main__ - INFO - Attempt 1/3: target_accept 0.85, warmup 150, diagonal mass
2026-09-25 01:01:07,635 - tengri.inference.backends.mcmc.nuts - INFO - NUTS: 6 parameters, 150 warmup, 300 samples, target_accept=0.85
2026-09-25 01:11:53,626 - tengri.inference.backends.mcmc.nuts - INFO -   Warmup complete (646.0s). Step size: 0.0731. Divergent in the final warmup window: 0%
2026-09-25 01:48:04,402 - tengri.inference.backends.mcmc.nuts - INFO -   NUTS complete in 2816.7s. Divergences: 0/1200 (0.0%). Tree depth: mean 5.9, at cap on 0% of iterations (max_num_doublings=10)
2026-09-25 01:48:04,486 - tengri.inference.mass_profile - INFO - profile_mass reinsertion: waiting for lock analysis/paper1/results/fits/.reinsert.lock
2026-09-25 01:48:04,486 - tengri.inference.mass_profile - INFO - profile_mass reinsertion: lock acquired
2026-09-25 01:48:16,739 - tengri.inference.mass_profile - INFO - reinsertion chunk size derived: 201 draws (4.97 MB/draw, target=1.0 GB), ceiling 64
2026-09-25 01:48:16,828 - tengri.inference.mass_profile - INFO - profile_mass reinsertion: 1200 draws in 19 chunks of 64 (peak scratch is set by the chunk width, not the draw count)
2026-09-25 01:48:52,738 - __main__ - WARNING - ✗ Fit failed adoption bar: divergences=0, rhat_max=1.0219, ess_min=1
2026-09-25 01:49:13,467 - __main__ - INFO - Saved results to analysis/paper1/results/fits/16455_II.npz
2026-09-25 01:49:13,467 - __main__ - INFO - Saved diagnostics to analysis/paper1/results/fits/16455_II.json
2026-09-25 01:49:13,468 - __main__ - INFO - Saved the best attempt so far (attempt 1 of 1, divergences=0) before retuning
2026-09-25 01:49:13,468 - __main__ - INFO - Attempt 2/3: target_accept 0.95, warmup 150, diagonal mass
2026-09-25 01:49:17,088 - tengri.inference.backends.mcmc.nuts - INFO - NUTS: 6 parameters, 150 warmup, 300 samples, target_accept=0.95
2026-09-25 02:05:52,937 - tengri.inference.backends.mcmc.nuts - INFO -   Warmup complete (995.8s). Step size: 0.0235. Divergent in the final warmup window: 0%
2026-09-25 03:36:40,025 - tengri.inference.backends.mcmc.nuts - INFO -   NUTS complete in 6442.9s. Divergences: 0/1200 (0.0%). Tree depth: mean 6.9, at cap on 0% of iterations (max_num_doublings=10)
2026-09-25 03:36:40,039 - tengri.inference.mass_profile - INFO - profile_mass reinsertion: waiting for lock analysis/paper1/results/fits/.reinsert.lock
2026-09-25 03:36:40,039 - tengri.inference.mass_profile - INFO - profile_mass reinsertion: lock acquired
2026-09-25 03:36:57,449 - __main__ - WARNING - ✗ Fit failed adoption bar: divergences=0, rhat_max=1.0958, ess_min=4
2026-09-25 03:37:22,093 - __main__ - INFO - Saved results to analysis/paper1/results/fits/16455_II.npz
2026-09-25 03:37:22,094 - __main__ - INFO - Saved diagnostics to analysis/paper1/results/fits/16455_II.json
2026-09-25 03:37:22,095 - __main__ - INFO - Saved the best attempt so far (attempt 1 of 2, divergences=0) before retuning
2026-09-25 03:37:22,095 - __main__ - INFO - Attempt 3/3: target_accept 0.99, warmup 150, diagonal mass
2026-09-25 03:37:27,533 - tengri.inference.backends.mcmc.nuts - INFO - NUTS: 6 parameters, 150 warmup, 300 samples, target_accept=0.99
2026-09-25 05:14:55,756 - tengri.inference.backends.mcmc.nuts - INFO -   Warmup complete (5848.2s). Step size: 0.0101. Divergent in the final warmup window: 0%
2026-09-28 03:06:47,247 - tengri.inference.backends.mcmc.nuts - INFO -   NUTS complete in 257358.7s. Divergences: 0/1200 (0.0%). Tree depth: mean 8.2, at cap on 2% of iterations (max_num_doublings=10)
2026-09-28 03:06:47,265 - tengri.inference.mass_profile - INFO - profile_mass reinsertion: waiting for lock analysis/paper1/results/fits/.reinsert.lock
2026-09-28 03:06:47,265 - tengri.inference.mass_profile - INFO - profile_mass reinsertion: lock acquired
2026-09-28 03:07:03,521 - __main__ - WARNING - ✗ Fit failed adoption bar: divergences=0, rhat_max=1.0255, ess_min=3
2026-09-28 03:07:26,197 - __main__ - INFO - Saved results to analysis/paper1/results/fits/16455_II.npz
2026-09-28 03:07:26,199 - __main__ - INFO - Saved diagnostics to analysis/paper1/results/fits/16455_II.json
2026-09-28 03:07:26,200 - __main__ - WARNING - No attempt cleared the adoption bar for galaxy 16455 config II; keeping attempt 1 of 3 (divergences=0, rhat_max=1.0219) with adoption_pass=False
2026-09-28 03:07:26,202 - __main__ - INFO - ✓ Fit complete for galaxy 16455 config II
  MAP initialization (1000 steps)...
  MAP init done (loss=18.00)
  MAP initialization: reusing cached MAP point
  MAP initialization: reusing cached MAP point
