2026-09-21 16:42:19,093 - __main__ - INFO - Applied 5.0% systematic error floor in quadrature. Mean floor contribution: 6.361e-30 erg/s/cm2/Hz
2026-09-21 16:44:26,925 - __main__ - INFO - Galaxy 16455 (z=1.087): 15 detected bands
2026-09-21 16:44:26,926 - __main__ - INFO - Config III: 6 free parameters
2026-09-21 16:44:26,926 - __main__ - INFO - Attempt 1/3: target_accept 0.85, warmup 150, diagonal mass
E0921 16:44:41.061826 2003560 slow_operation_alarm.cc:73] Constant folding an instruction is taking > 1s:

  %sort.159 = f64[7127]{0} sort(%constant.7199), dimensions={0}, is_stable=true, to_apply=%region_44.148.clone, metadata={op_name="jit(_impl)/jit(lnu_filter_integral)/jit(sort)/sort" stack_frame_id=1684}

This isn't necessarily a bug; constant-folding is inherently a trade-off between compilation time and speed at runtime. XLA has some guards that attempt to keep constant folding from taking too long, but fundamentally you'll always be able to come up with an input program that takes a long time.

If you'd like to file a bug, run with envvar XLA_FLAGS=--xla_dump_to=/tmp/foo and attach the results.
E0921 16:44:41.185158 2003432 slow_operation_alarm.cc:140] The operation took 1.124310021s
Constant folding an instruction is taking > 1s:

  %sort.159 = f64[7127]{0} sort(%constant.7199), dimensions={0}, is_stable=true, to_apply=%region_44.148.clone, metadata={op_name="jit(_impl)/jit(lnu_filter_integral)/jit(sort)/sort" stack_frame_id=1684}

This isn't necessarily a bug; constant-folding is inherently a trade-off between compilation time and speed at runtime. XLA has some guards that attempt to keep constant folding from taking too long, but fundamentally you'll always be able to come up with an input program that takes a long time.

If you'd like to file a bug, run with envvar XLA_FLAGS=--xla_dump_to=/tmp/foo and attach the results.
2026-09-21 16:50:31,088 - tengri.inference.backends.mcmc.nuts - INFO - NUTS: 5 parameters, 150 warmup, 300 samples, target_accept=0.85
E0921 16:51:07.188184 2003560 slow_operation_alarm.cc:73] Constant folding an instruction is taking > 2s:

  %sort.292 = f64[12844]{0} sort(%constant.22980), dimensions={0}, is_stable=true, to_apply=%region_80.325, metadata={op_name="jit(_nuts_warmup_only)/jvp(jit(logdensity))/jit(loss_fn)/jit(_impl)/jit(lnu_filter_integral)/jit(sort)/sort" stack_frame_id=7573}

This isn't necessarily a bug; constant-folding is inherently a trade-off between compilation time and speed at runtime. XLA has some guards that attempt to keep constant folding from taking too long, but fundamentally you'll always be able to come up with an input program that takes a long time.

If you'd like to file a bug, run with envvar XLA_FLAGS=--xla_dump_to=/tmp/foo and attach the results.
E0921 16:51:07.995613 2003432 slow_operation_alarm.cc:140] The operation took 2.809193975s
Constant folding an instruction is taking > 2s:

  %sort.292 = f64[12844]{0} sort(%constant.22980), dimensions={0}, is_stable=true, to_apply=%region_80.325, metadata={op_name="jit(_nuts_warmup_only)/jvp(jit(logdensity))/jit(loss_fn)/jit(_impl)/jit(lnu_filter_integral)/jit(sort)/sort" stack_frame_id=7573}

This isn't necessarily a bug; constant-folding is inherently a trade-off between compilation time and speed at runtime. XLA has some guards that attempt to keep constant folding from taking too long, but fundamentally you'll always be able to come up with an input program that takes a long time.

If you'd like to file a bug, run with envvar XLA_FLAGS=--xla_dump_to=/tmp/foo and attach the results.
2026-09-21 17:03:33,014 - tengri.inference.backends.mcmc.nuts - INFO -   Warmup complete (781.9s). Step size: 0.2056. Divergent in the final warmup window: 0%
2026-09-21 17:19:10,794 - tengri.inference.backends.mcmc.nuts - INFO -   NUTS complete in 1718.8s. Divergences: 10/1200 (0.8%). Tree depth: mean 4.4, at cap on 0% of iterations (max_num_doublings=10)
2026-09-21 17:19:11,360 - tengri.inference.mass_profile - INFO - profile_mass reinsertion: waiting for lock analysis/paper1/results/fits/.reinsert.lock
2026-09-21 17:23:20,968 - tengri.inference.mass_profile - INFO - profile_mass reinsertion: lock acquired
2026-09-21 17:29:46,678 - __main__ - WARNING - ✗ Fit failed adoption bar: divergences=10, rhat_max=1.0138, ess_min=117
2026-09-21 17:31:13,834 - __main__ - INFO - Saved results to analysis/paper1/results/fits/16455_III.npz
2026-09-21 17:31:13,836 - __main__ - INFO - Saved diagnostics to analysis/paper1/results/fits/16455_III.json
2026-09-21 17:31:13,840 - __main__ - INFO - Saved the best attempt so far (attempt 1 of 1, divergences=10) before retuning
2026-09-21 17:31:13,841 - __main__ - INFO - Attempt 2/3: target_accept 0.95, warmup 150, diagonal mass
2026-09-21 17:31:18,244 - tengri.inference.backends.mcmc.nuts - INFO - NUTS: 5 parameters, 150 warmup, 300 samples, target_accept=0.95
2026-09-21 17:44:45,112 - tengri.inference.backends.mcmc.nuts - INFO -   Warmup complete (806.9s). Step size: 0.1973. Divergent in the final warmup window: 0%
2026-09-21 17:58:38,421 - tengri.inference.backends.mcmc.nuts - INFO -   NUTS complete in 1640.0s. Divergences: 1/1200 (0.1%). Tree depth: mean 4.3, at cap on 0% of iterations (max_num_doublings=10)
2026-09-21 17:58:38,433 - tengri.inference.mass_profile - INFO - profile_mass reinsertion: waiting for lock analysis/paper1/results/fits/.reinsert.lock
2026-09-21 17:58:38,434 - tengri.inference.mass_profile - INFO - profile_mass reinsertion: lock acquired
2026-09-21 18:02:44,818 - __main__ - WARNING - ✗ Fit failed adoption bar: divergences=1, rhat_max=1.0018, ess_min=113
2026-09-21 18:04:04,050 - __main__ - INFO - Saved results to analysis/paper1/results/fits/16455_III.npz
2026-09-21 18:04:04,051 - __main__ - INFO - Saved diagnostics to analysis/paper1/results/fits/16455_III.json
2026-09-21 18:04:04,054 - __main__ - INFO - Saved the best attempt so far (attempt 2 of 2, divergences=1) before retuning
2026-09-21 18:04:04,055 - __main__ - INFO - Attempt 3/3: target_accept 0.99, warmup 150, diagonal mass
2026-09-21 18:04:08,333 - tengri.inference.backends.mcmc.nuts - INFO - NUTS: 5 parameters, 150 warmup, 300 samples, target_accept=0.99
2026-09-21 18:35:22,890 - tengri.inference.backends.mcmc.nuts - INFO -   Warmup complete (1874.6s). Step size: 0.0520. Divergent in the final warmup window: 0%
2026-09-21 19:06:45,738 - tengri.inference.backends.mcmc.nuts - INFO -   NUTS complete in 3757.3s. Divergences: 0/1200 (0.0%). Tree depth: mean 5.9, at cap on 0% of iterations (max_num_doublings=10)
2026-09-21 19:06:45,744 - tengri.inference.mass_profile - INFO - profile_mass reinsertion: waiting for lock analysis/paper1/results/fits/.reinsert.lock
2026-09-21 19:06:45,745 - tengri.inference.mass_profile - INFO - profile_mass reinsertion: lock acquired
2026-09-21 19:10:34,578 - __main__ - INFO - ✓ Fit passed adoption bar: divergences=0, rhat_max=1.0012, ess_min=150
2026-09-21 19:11:43,575 - __main__ - INFO - Saved results to analysis/paper1/results/fits/16455_III.npz
2026-09-21 19:11:43,578 - __main__ - INFO - Saved diagnostics to analysis/paper1/results/fits/16455_III.json
2026-09-21 19:11:43,586 - __main__ - INFO - ✓ Fit complete for galaxy 16455 config III
  MAP initialization (1000 steps)...
  MAP init done (loss=68.55)
  MAP initialization: reusing cached MAP point
  MAP initialization: reusing cached MAP point
