2026-09-22 23:48:15,956 - __main__ - INFO - Applied 5.0% systematic error floor in quadrature. Mean floor contribution: 6.361e-30 erg/s/cm2/Hz
2026-09-22 23:48:29,256 - __main__ - INFO - Galaxy 16455 (z=1.087): 15 detected bands
2026-09-22 23:48:29,256 - __main__ - INFO - Config V: 6 free parameters
2026-09-22 23:48:29,256 - __main__ - INFO - Attempt 1/3: target_accept 0.85, warmup 150, diagonal mass
2026-09-22 23:53:11,276 - tengri.inference.backends.mcmc.nuts - INFO - NUTS: 5 parameters, 150 warmup, 300 samples, target_accept=0.85
2026-09-23 00:02:39,444 - tengri.inference.backends.mcmc.nuts - INFO -   Warmup complete (568.2s). Step size: 0.0844. Divergent in the final warmup window: 0%
2026-09-23 00:16:10,959 - tengri.inference.backends.mcmc.nuts - INFO -   NUTS complete in 1379.4s. Divergences: 3/1200 (0.2%). Tree depth: mean 5.8, at cap on 0% of iterations (max_num_doublings=10)
2026-09-23 00:16:11,468 - tengri.inference.mass_profile - INFO - profile_mass reinsertion: waiting for lock analysis/paper1/results/fits/.reinsert.lock
2026-09-23 00:16:11,469 - tengri.inference.mass_profile - INFO - profile_mass reinsertion: lock acquired
E0923 00:16:25.823270 2984412 slow_operation_alarm.cc:73] Constant folding an instruction is taking > 1s:

  %sort.84 = f64[6016]{0} sort(%constant.5518), dimensions={0}, is_stable=true, to_apply=%region_68.254, metadata={op_name="jit(_reference_chunk)/vmap(jit(_impl))/jit(lnu_filter_integral)/jit(sort)/sort" stack_frame_id=1882}

This isn't necessarily a bug; constant-folding is inherently a trade-off between compilation time and speed at runtime. XLA has some guards that attempt to keep constant folding from taking too long, but fundamentally you'll always be able to come up with an input program that takes a long time.

If you'd like to file a bug, run with envvar XLA_FLAGS=--xla_dump_to=/tmp/foo and attach the results.
E0923 00:16:25.943578 2984304 slow_operation_alarm.cc:140] The operation took 1.121032788s
Constant folding an instruction is taking > 1s:

  %sort.84 = f64[6016]{0} sort(%constant.5518), dimensions={0}, is_stable=true, to_apply=%region_68.254, metadata={op_name="jit(_reference_chunk)/vmap(jit(_impl))/jit(lnu_filter_integral)/jit(sort)/sort" stack_frame_id=1882}

This isn't necessarily a bug; constant-folding is inherently a trade-off between compilation time and speed at runtime. XLA has some guards that attempt to keep constant folding from taking too long, but fundamentally you'll always be able to come up with an input program that takes a long time.

If you'd like to file a bug, run with envvar XLA_FLAGS=--xla_dump_to=/tmp/foo and attach the results.
2026-09-23 00:20:12,577 - __main__ - WARNING - ✗ Fit failed adoption bar: divergences=3, rhat_max=1.0049, ess_min=192
2026-09-23 00:21:10,817 - __main__ - INFO - Saved results to analysis/paper1/results/fits/16455_V.npz
2026-09-23 00:21:10,819 - __main__ - INFO - Saved diagnostics to analysis/paper1/results/fits/16455_V.json
2026-09-23 00:21:10,824 - __main__ - INFO - Saved the best attempt so far (attempt 1 of 1, divergences=3) before retuning
2026-09-23 00:21:10,826 - __main__ - INFO - Attempt 2/3: target_accept 0.95, warmup 150, diagonal mass
2026-09-23 00:21:14,964 - tengri.inference.backends.mcmc.nuts - INFO - NUTS: 5 parameters, 150 warmup, 300 samples, target_accept=0.95
2026-09-23 00:46:11,830 - tengri.inference.backends.mcmc.nuts - INFO -   Warmup complete (1496.9s). Step size: 0.0398. Divergent in the final warmup window: 0%
2026-09-23 01:11:22,377 - tengri.inference.backends.mcmc.nuts - INFO -   NUTS complete in 3007.3s. Divergences: 0/1200 (0.0%). Tree depth: mean 6.4, at cap on 0% of iterations (max_num_doublings=10)
2026-09-23 01:11:22,384 - tengri.inference.mass_profile - INFO - profile_mass reinsertion: waiting for lock analysis/paper1/results/fits/.reinsert.lock
2026-09-23 01:11:22,384 - tengri.inference.mass_profile - INFO - profile_mass reinsertion: lock acquired
2026-09-23 01:13:07,503 - __main__ - INFO - ✓ Fit passed adoption bar: divergences=0, rhat_max=1.0015, ess_min=157
2026-09-23 01:13:48,399 - __main__ - INFO - Saved results to analysis/paper1/results/fits/16455_V.npz
2026-09-23 01:13:48,403 - __main__ - INFO - Saved diagnostics to analysis/paper1/results/fits/16455_V.json
2026-09-23 01:13:48,416 - __main__ - INFO - ✓ Fit complete for galaxy 16455 config V
  MAP initialization (1000 steps)...
  MAP init done (loss=15.93)
  MAP initialization: reusing cached MAP point
