2026-09-21 15:32:51,120 - __main__ - INFO - Applied 5.0% systematic error floor in quadrature. Mean floor contribution: 9.120e-30 erg/s/cm2/Hz
2026-09-21 15:35:18,013 - __main__ - INFO - Galaxy 18160 (z=1.095): 15 detected bands
2026-09-21 15:35:18,014 - __main__ - INFO - Config III: 6 free parameters
2026-09-21 15:35:18,014 - __main__ - INFO - Attempt 1/3: target_accept 0.85, warmup 150, diagonal mass
2026-09-21 15:40:29,800 - tengri.inference.backends.mcmc.nuts - INFO - NUTS: 5 parameters, 150 warmup, 300 samples, target_accept=0.85
2026-09-21 16:14:52,724 - tengri.inference.backends.mcmc.nuts - INFO -   Warmup complete (2062.9s). Step size: 0.0888. Divergent in the final warmup window: 0%
E0921 16:15:25.102427 1795910 slow_operation_alarm.cc:73] Constant folding an instruction is taking > 1s:

  %sort.232 = (f64[1841]{0}, s64[1841]{0}) sort(%constant.6860.clone, %iota.101), dimensions={0}, is_stable=true, to_apply=%region_28.29, metadata={op_name="jit(_fun)/shard_map/jvp(jit(logdensity))/jit(loss_fn)/jit(_impl)/jit(argsort)/sort" stack_frame_id=1664}

This isn't necessarily a bug; constant-folding is inherently a trade-off between compilation time and speed at runtime. XLA has some guards that attempt to keep constant folding from taking too long, but fundamentally you'll always be able to come up with an input program that takes a long time.

If you'd like to file a bug, run with envvar XLA_FLAGS=--xla_dump_to=/tmp/foo and attach the results.
E0921 16:15:25.144203 1795803 slow_operation_alarm.cc:140] The operation took 1.041976786s
Constant folding an instruction is taking > 1s:

  %sort.232 = (f64[1841]{0}, s64[1841]{0}) sort(%constant.6860.clone, %iota.101), dimensions={0}, is_stable=true, to_apply=%region_28.29, metadata={op_name="jit(_fun)/shard_map/jvp(jit(logdensity))/jit(loss_fn)/jit(_impl)/jit(argsort)/sort" stack_frame_id=1664}

This isn't necessarily a bug; constant-folding is inherently a trade-off between compilation time and speed at runtime. XLA has some guards that attempt to keep constant folding from taking too long, but fundamentally you'll always be able to come up with an input program that takes a long time.

If you'd like to file a bug, run with envvar XLA_FLAGS=--xla_dump_to=/tmp/foo and attach the results.
E0921 16:15:33.699194 1795910 slow_operation_alarm.cc:73] Constant folding an instruction is taking > 2s:

  %sort.238 = f64[12844]{0} sort(%constant.7959), dimensions={0}, is_stable=true, to_apply=%region_101.102, metadata={op_name="jit(_fun)/shard_map/jvp(jit(logdensity))/jit(loss_fn)/jit(_impl)/jit(lnu_filter_integral)/jit(sort)/sort" stack_frame_id=2000}

This isn't necessarily a bug; constant-folding is inherently a trade-off between compilation time and speed at runtime. XLA has some guards that attempt to keep constant folding from taking too long, but fundamentally you'll always be able to come up with an input program that takes a long time.

If you'd like to file a bug, run with envvar XLA_FLAGS=--xla_dump_to=/tmp/foo and attach the results.
E0921 16:15:33.893514 1795803 slow_operation_alarm.cc:140] The operation took 2.195644333s
Constant folding an instruction is taking > 2s:

  %sort.238 = f64[12844]{0} sort(%constant.7959), dimensions={0}, is_stable=true, to_apply=%region_101.102, metadata={op_name="jit(_fun)/shard_map/jvp(jit(logdensity))/jit(loss_fn)/jit(_impl)/jit(lnu_filter_integral)/jit(sort)/sort" stack_frame_id=2000}

This isn't necessarily a bug; constant-folding is inherently a trade-off between compilation time and speed at runtime. XLA has some guards that attempt to keep constant folding from taking too long, but fundamentally you'll always be able to come up with an input program that takes a long time.

If you'd like to file a bug, run with envvar XLA_FLAGS=--xla_dump_to=/tmp/foo and attach the results.
2026-09-21 16:36:13,319 - tengri.inference.backends.mcmc.nuts - INFO -   NUTS complete in 3343.4s. Divergences: 0/1200 (0.0%). Tree depth: mean 5.6, at cap on 0% of iterations (max_num_doublings=10)
2026-09-21 16:36:13,725 - tengri.inference.mass_profile - INFO - profile_mass reinsertion: waiting for lock analysis/paper1/results/fits/.reinsert.lock
2026-09-21 16:36:13,726 - tengri.inference.mass_profile - INFO - profile_mass reinsertion: lock acquired
2026-09-21 16:40:34,309 - __main__ - INFO - ✓ Fit passed adoption bar: divergences=0, rhat_max=1.0009
2026-09-21 16:41:59,031 - __main__ - INFO - Saved results to analysis/paper1/results/fits/18160_III.npz
2026-09-21 16:41:59,033 - __main__ - INFO - Saved diagnostics to analysis/paper1/results/fits/18160_III.json
2026-09-21 16:41:59,038 - __main__ - INFO - ✓ Fit complete for galaxy 18160 config III
  MAP initialization (1000 steps)...
  MAP init done (loss=27.63)
