2026-09-23 00:49:35,551 - __main__ - INFO - Applied 5.0% systematic error floor in quadrature. Mean floor contribution: 9.120e-30 erg/s/cm2/Hz
2026-09-23 00:49:55,633 - __main__ - INFO - Galaxy 18160 (z=1.095): 15 detected bands
2026-09-23 00:49:55,634 - __main__ - INFO - Config V: 6 free parameters
2026-09-23 00:49:55,634 - __main__ - INFO - Attempt 1/3: target_accept 0.85, warmup 150, diagonal mass
2026-09-23 00:57:05,689 - tengri.inference.backends.mcmc.nuts - INFO - NUTS: 5 parameters, 150 warmup, 300 samples, target_accept=0.85
2026-09-23 01:23:02,003 - tengri.inference.backends.mcmc.nuts - INFO -   Warmup complete (1556.3s). Step size: 0.0426. Divergent in the final warmup window: 7%
2026-09-23 01:47:16,615 - tengri.inference.backends.mcmc.nuts - INFO -   NUTS complete in 3010.8s. Divergences: 3/1200 (0.2%). Tree depth: mean 6.2, at cap on 0% of iterations (max_num_doublings=10)
2026-09-23 01:47:17,154 - tengri.inference.mass_profile - INFO - profile_mass reinsertion: waiting for lock analysis/paper1/results/fits/.reinsert.lock
2026-09-23 01:47:17,155 - tengri.inference.mass_profile - INFO - profile_mass reinsertion: lock acquired
2026-09-23 01:49:50,943 - __main__ - WARNING - ✗ Fit failed adoption bar: divergences=3, rhat_max=1.0463, ess_min=38
2026-09-23 01:50:28,507 - __main__ - INFO - Saved results to analysis/paper1/results/fits/18160_V.npz
2026-09-23 01:50:28,509 - __main__ - INFO - Saved diagnostics to analysis/paper1/results/fits/18160_V.json
2026-09-23 01:50:28,511 - __main__ - INFO - Saved the best attempt so far (attempt 1 of 1, divergences=3) before retuning
2026-09-23 01:50:28,512 - __main__ - INFO - Attempt 2/3: target_accept 0.95, warmup 150, diagonal mass
2026-09-23 01:50:32,464 - tengri.inference.backends.mcmc.nuts - INFO - NUTS: 5 parameters, 150 warmup, 300 samples, target_accept=0.95
2026-09-23 02:10:38,225 - tengri.inference.backends.mcmc.nuts - INFO -   Warmup complete (1205.8s). Step size: 0.0113. Divergent in the final warmup window: 0%
2026-09-23 03:37:44,738 - tengri.inference.backends.mcmc.nuts - INFO -   NUTS complete in 6432.1s. Divergences: 0/1200 (0.0%). Tree depth: mean 7.9, at cap on 7% of iterations (max_num_doublings=10)
2026-09-23 03:37:44,745 - tengri.inference.mass_profile - INFO - profile_mass reinsertion: waiting for lock analysis/paper1/results/fits/.reinsert.lock
2026-09-23 03:37:44,745 - tengri.inference.mass_profile - INFO - profile_mass reinsertion: lock acquired
2026-09-23 03:39:49,847 - __main__ - WARNING - ✗ Fit failed adoption bar: divergences=0, rhat_max=1.0561, ess_min=60
2026-09-23 03:40:39,901 - __main__ - INFO - Saved results to analysis/paper1/results/fits/18160_V.npz
2026-09-23 03:40:39,906 - __main__ - INFO - Saved diagnostics to analysis/paper1/results/fits/18160_V.json
2026-09-23 03:40:39,911 - __main__ - INFO - Saved the best attempt so far (attempt 2 of 2, divergences=0) before retuning
2026-09-23 03:40:39,912 - __main__ - INFO - Attempt 3/3: target_accept 0.99, warmup 150, diagonal mass
2026-09-23 03:40:44,321 - tengri.inference.backends.mcmc.nuts - INFO - NUTS: 5 parameters, 150 warmup, 300 samples, target_accept=0.99
2026-09-23 04:30:42,395 - tengri.inference.backends.mcmc.nuts - INFO -   Warmup complete (2998.1s). Step size: 0.0056. Divergent in the final warmup window: 0%
2026-09-23 06:45:44,416 - tengri.inference.backends.mcmc.nuts - INFO -   NUTS complete in 11100.0s. Divergences: 0/1200 (0.0%). Tree depth: mean 8.6, at cap on 25% of iterations (max_num_doublings=10)
2026-09-23 06:45:44,423 - tengri.inference.mass_profile - INFO - profile_mass reinsertion: waiting for lock analysis/paper1/results/fits/.reinsert.lock
2026-09-23 06:45:44,424 - tengri.inference.mass_profile - INFO - profile_mass reinsertion: lock acquired
2026-09-23 06:47:13,615 - __main__ - WARNING - ✗ Fit failed adoption bar: divergences=0, rhat_max=1.0167, ess_min=40
2026-09-23 06:47:42,322 - __main__ - INFO - Saved results to analysis/paper1/results/fits/18160_V.npz
2026-09-23 06:47:42,324 - __main__ - INFO - Saved diagnostics to analysis/paper1/results/fits/18160_V.json
2026-09-23 06:47:42,326 - __main__ - WARNING - No attempt cleared the adoption bar for galaxy 18160 config V; keeping attempt 3 of 3 (divergences=0, rhat_max=1.0167) with adoption_pass=False
2026-09-23 06:47:42,329 - __main__ - INFO - ✓ Fit complete for galaxy 18160 config V
  MAP initialization (1000 steps)...
  MAP init done (loss=22.06)
  MAP initialization: reusing cached MAP point
  MAP initialization: reusing cached MAP point
