2026-09-22 16:48:49,943 - __main__ - INFO - Applied 5.0% systematic error floor in quadrature. Mean floor contribution: 6.443e-31 erg/s/cm2/Hz
2026-09-22 16:49:02,809 - __main__ - INFO - Galaxy 1826 (z=1.065): 15 detected bands
2026-09-22 16:49:02,810 - __main__ - INFO - Config V: 6 free parameters
2026-09-22 16:49:02,810 - __main__ - INFO - Attempt 1/3: target_accept 0.85, warmup 150, diagonal mass
2026-09-22 16:52:52,218 - tengri.inference.backends.mcmc.nuts - INFO - NUTS: 5 parameters, 150 warmup, 300 samples, target_accept=0.85
2026-09-22 16:58:33,620 - tengri.inference.backends.mcmc.nuts - INFO -   Warmup complete (341.4s). Step size: 0.3206. Divergent in the final warmup window: 0%
2026-09-22 17:03:28,020 - tengri.inference.backends.mcmc.nuts - INFO -   NUTS complete in 635.2s. Divergences: 67/1200 (5.6%). Tree depth: mean 4.1, at cap on 0% of iterations (max_num_doublings=10)
2026-09-22 17:03:28,460 - tengri.inference.mass_profile - INFO - profile_mass reinsertion: waiting for lock analysis/paper1/results/fits/.reinsert.lock
2026-09-22 17:03:28,460 - tengri.inference.mass_profile - INFO - profile_mass reinsertion: lock acquired
E0922 17:03:44.218151 2064788 slow_operation_alarm.cc:73] Constant folding an instruction is taking > 1s:

  %sort.87 = f64[9384]{0} sort(%constant.5672), dimensions={0}, is_stable=true, to_apply=%region_82.314, metadata={op_name="jit(_reference_chunk)/vmap(jit(_impl))/jit(lnu_filter_integral)/jit(sort)/sort" stack_frame_id=1882}

This isn't necessarily a bug; constant-folding is inherently a trade-off between compilation time and speed at runtime. XLA has some guards that attempt to keep constant folding from taking too long, but fundamentally you'll always be able to come up with an input program that takes a long time.

If you'd like to file a bug, run with envvar XLA_FLAGS=--xla_dump_to=/tmp/foo and attach the results.
E0922 17:03:44.271556 2064688 slow_operation_alarm.cc:140] The operation took 1.054308091s
Constant folding an instruction is taking > 1s:

  %sort.87 = f64[9384]{0} sort(%constant.5672), dimensions={0}, is_stable=true, to_apply=%region_82.314, metadata={op_name="jit(_reference_chunk)/vmap(jit(_impl))/jit(lnu_filter_integral)/jit(sort)/sort" stack_frame_id=1882}

This isn't necessarily a bug; constant-folding is inherently a trade-off between compilation time and speed at runtime. XLA has some guards that attempt to keep constant folding from taking too long, but fundamentally you'll always be able to come up with an input program that takes a long time.

If you'd like to file a bug, run with envvar XLA_FLAGS=--xla_dump_to=/tmp/foo and attach the results.
2026-09-22 17:06:57,343 - __main__ - WARNING - ✗ Fit failed adoption bar: divergences=67, rhat_max=1.0112, ess_min=4
2026-09-22 17:07:40,959 - __main__ - INFO - Saved results to analysis/paper1/results/fits/1826_V.npz
2026-09-22 17:07:40,962 - __main__ - INFO - Saved diagnostics to analysis/paper1/results/fits/1826_V.json
2026-09-22 17:07:40,967 - __main__ - INFO - Saved the best attempt so far (attempt 1 of 1, divergences=67) before retuning
2026-09-22 17:07:40,968 - __main__ - INFO - Attempt 2/3: target_accept 0.95, warmup 150, diagonal mass
2026-09-22 17:07:44,410 - tengri.inference.backends.mcmc.nuts - INFO - NUTS: 5 parameters, 150 warmup, 300 samples, target_accept=0.95
2026-09-22 17:23:07,039 - tengri.inference.backends.mcmc.nuts - INFO -   Warmup complete (922.6s). Step size: 0.0554. Divergent in the final warmup window: 0%
2026-09-22 17:41:03,949 - tengri.inference.backends.mcmc.nuts - INFO -   NUTS complete in 1999.4s. Divergences: 2/1200 (0.2%). Tree depth: mean 5.7, at cap on 0% of iterations (max_num_doublings=10)
2026-09-22 17:41:03,954 - tengri.inference.mass_profile - INFO - profile_mass reinsertion: waiting for lock analysis/paper1/results/fits/.reinsert.lock
2026-09-22 17:41:03,955 - tengri.inference.mass_profile - INFO - profile_mass reinsertion: lock acquired
2026-09-22 17:42:33,551 - __main__ - WARNING - ✗ Fit failed adoption bar: divergences=2, rhat_max=1.0167, ess_min=133
2026-09-22 17:43:01,573 - __main__ - INFO - Saved results to analysis/paper1/results/fits/1826_V.npz
2026-09-22 17:43:01,575 - __main__ - INFO - Saved diagnostics to analysis/paper1/results/fits/1826_V.json
2026-09-22 17:43:01,577 - __main__ - INFO - Saved the best attempt so far (attempt 2 of 2, divergences=2) before retuning
2026-09-22 17:43:01,578 - __main__ - INFO - Attempt 3/3: target_accept 0.99, warmup 150, diagonal mass
2026-09-22 17:43:04,746 - tengri.inference.backends.mcmc.nuts - INFO - NUTS: 5 parameters, 150 warmup, 300 samples, target_accept=0.99
2026-09-22 17:59:33,642 - tengri.inference.backends.mcmc.nuts - INFO -   Warmup complete (988.9s). Step size: 0.0421. Divergent in the final warmup window: 0%
2026-09-22 18:18:43,491 - tengri.inference.backends.mcmc.nuts - INFO -   NUTS complete in 2138.7s. Divergences: 0/1200 (0.0%). Tree depth: mean 6.6, at cap on 0% of iterations (max_num_doublings=10)
2026-09-22 18:18:43,496 - tengri.inference.mass_profile - INFO - profile_mass reinsertion: waiting for lock analysis/paper1/results/fits/.reinsert.lock
2026-09-22 18:18:43,496 - tengri.inference.mass_profile - INFO - profile_mass reinsertion: lock acquired
2026-09-22 18:20:12,010 - __main__ - WARNING - ✗ Fit failed adoption bar: divergences=0, rhat_max=1.0200, ess_min=138
2026-09-22 18:20:42,385 - __main__ - INFO - Saved results to analysis/paper1/results/fits/1826_V.npz
2026-09-22 18:20:42,387 - __main__ - INFO - Saved diagnostics to analysis/paper1/results/fits/1826_V.json
2026-09-22 18:20:42,390 - __main__ - WARNING - No attempt cleared the adoption bar for galaxy 1826 config V; keeping attempt 3 of 3 (divergences=0, rhat_max=1.0200) with adoption_pass=False
2026-09-22 18:20:42,396 - __main__ - INFO - ✓ Fit complete for galaxy 1826 config V
  MAP initialization (1000 steps)...
  MAP init done (loss=74.66)
  MAP initialization: reusing cached MAP point
  MAP initialization: reusing cached MAP point
