2026-09-21 00:51:56,431 - __main__ - INFO - Applied 5.0% systematic error floor in quadrature. Mean floor contribution: 6.443e-31 erg/s/cm2/Hz
2026-09-21 00:55:21,256 - __main__ - INFO - Galaxy 1826 (z=1.065): 15 detected bands
2026-09-21 00:55:21,257 - __main__ - INFO - Config III: 6 free parameters
2026-09-21 00:55:21,257 - __main__ - INFO - Attempt 1/3: target_accept 0.85, warmup 150, diagonal mass
E0921 00:55:33.222121 3233008 slow_operation_alarm.cc:73] Constant folding an instruction is taking > 1s:

  %sort.164 = f64[12844]{0} sort(%constant.7579), dimensions={0}, is_stable=true, to_apply=%region_74.278.clone, metadata={op_name="jit(_impl)/jit(lnu_filter_integral)/jit(sort)/sort" stack_frame_id=1684}

This isn't necessarily a bug; constant-folding is inherently a trade-off between compilation time and speed at runtime. XLA has some guards that attempt to keep constant folding from taking too long, but fundamentally you'll always be able to come up with an input program that takes a long time.

If you'd like to file a bug, run with envvar XLA_FLAGS=--xla_dump_to=/tmp/foo and attach the results.
E0921 00:55:33.477108 3232920 slow_operation_alarm.cc:140] The operation took 1.255554318s
Constant folding an instruction is taking > 1s:

  %sort.164 = f64[12844]{0} sort(%constant.7579), dimensions={0}, is_stable=true, to_apply=%region_74.278.clone, metadata={op_name="jit(_impl)/jit(lnu_filter_integral)/jit(sort)/sort" stack_frame_id=1684}

This isn't necessarily a bug; constant-folding is inherently a trade-off between compilation time and speed at runtime. XLA has some guards that attempt to keep constant folding from taking too long, but fundamentally you'll always be able to come up with an input program that takes a long time.

If you'd like to file a bug, run with envvar XLA_FLAGS=--xla_dump_to=/tmp/foo and attach the results.
2026-09-21 00:58:27,206 - tengri.inference.backends.mcmc.nuts - INFO - NUTS: 5 parameters, 150 warmup, 300 samples, target_accept=0.85
2026-09-21 01:02:07,615 - tengri.inference.backends.mcmc.nuts - INFO -   Warmup complete (220.4s). Step size: 0.5680. Divergent in the final warmup window: 0%
2026-09-21 01:07:44,435 - tengri.inference.backends.mcmc.nuts - INFO -   NUTS complete in 552.5s. Divergences: 0/1200 (0.0%). Tree depth: mean 3.4, at cap on 0% of iterations (max_num_doublings=10)
2026-09-21 01:16:12,200 - __main__ - INFO - ✓ Fit passed adoption bar: divergences=0, rhat_max=1.0016
2026-09-21 01:44:10,999 - __main__ - INFO - Saved results to analysis/paper1/results/fits/1826_III.npz
2026-09-21 01:44:11,000 - __main__ - INFO - Saved diagnostics to analysis/paper1/results/fits/1826_III.json
2026-09-21 01:44:11,005 - __main__ - INFO - ✓ Fit complete for galaxy 1826 config III
  MAP initialization (1000 steps)...
  MAP init done (loss=99.32)
