2026-09-22 09:56:55,088 - __main__ - INFO - Applied 5.0% systematic error floor in quadrature. Mean floor contribution: 7.028e-30 erg/s/cm2/Hz
2026-09-22 09:57:10,266 - __main__ - INFO - Galaxy 22173 (z=1.037): 14 detected bands
2026-09-22 09:57:10,266 - __main__ - INFO - Config V: 6 free parameters
2026-09-22 09:57:10,266 - __main__ - INFO - Attempt 1/3: target_accept 0.85, warmup 150, diagonal mass
2026-09-22 10:01:02,683 - tengri.inference.backends.mcmc.nuts - INFO - NUTS: 5 parameters, 150 warmup, 300 samples, target_accept=0.85
2026-09-22 10:05:44,133 - tengri.inference.backends.mcmc.nuts - INFO -   Warmup complete (281.4s). Step size: 0.3664. Divergent in the final warmup window: 0%
E0922 10:06:06.356846  920550 slow_operation_alarm.cc:73] Constant folding an instruction is taking > 1s:

  %sort.212 = f64[9384]{0} sort(%constant.7649), dimensions={0}, is_stable=true, to_apply=%region_82.83, metadata={op_name="jit(_fun)/shard_map/jvp(jit(logdensity))/jit(loss_fn)/jit(_impl)/jit(lnu_filter_integral)/jit(sort)/sort" stack_frame_id=1587}

This isn't necessarily a bug; constant-folding is inherently a trade-off between compilation time and speed at runtime. XLA has some guards that attempt to keep constant folding from taking too long, but fundamentally you'll always be able to come up with an input program that takes a long time.

If you'd like to file a bug, run with envvar XLA_FLAGS=--xla_dump_to=/tmp/foo and attach the results.
E0922 10:06:06.394180  920460 slow_operation_alarm.cc:140] The operation took 1.037989526s
Constant folding an instruction is taking > 1s:

  %sort.212 = f64[9384]{0} sort(%constant.7649), dimensions={0}, is_stable=true, to_apply=%region_82.83, metadata={op_name="jit(_fun)/shard_map/jvp(jit(logdensity))/jit(loss_fn)/jit(_impl)/jit(lnu_filter_integral)/jit(sort)/sort" stack_frame_id=1587}

This isn't necessarily a bug; constant-folding is inherently a trade-off between compilation time and speed at runtime. XLA has some guards that attempt to keep constant folding from taking too long, but fundamentally you'll always be able to come up with an input program that takes a long time.

If you'd like to file a bug, run with envvar XLA_FLAGS=--xla_dump_to=/tmp/foo and attach the results.
2026-09-22 10:11:09,499 - tengri.inference.backends.mcmc.nuts - INFO -   NUTS complete in 606.0s. Divergences: 0/1200 (0.0%). Tree depth: mean 3.9, at cap on 0% of iterations (max_num_doublings=10)
2026-09-22 10:11:09,962 - tengri.inference.mass_profile - INFO - profile_mass reinsertion: waiting for lock analysis/paper1/results/fits/.reinsert.lock
2026-09-22 10:11:09,962 - tengri.inference.mass_profile - INFO - profile_mass reinsertion: lock acquired
2026-09-22 10:14:34,056 - __main__ - INFO - ✓ Fit passed adoption bar: divergences=0, rhat_max=1.0009, ess_min=403
2026-09-22 10:15:15,551 - __main__ - INFO - Saved results to analysis/paper1/results/fits/22173_V.npz
2026-09-22 10:15:15,554 - __main__ - INFO - Saved diagnostics to analysis/paper1/results/fits/22173_V.json
2026-09-22 10:15:15,564 - __main__ - INFO - ✓ Fit complete for galaxy 22173 config V
  MAP initialization (1000 steps)...
  MAP init done (loss=268.29)
