2026-09-21 14:26:40,802 - __main__ - INFO - Applied 5.0% systematic error floor in quadrature. Mean floor contribution: 2.251e-30 erg/s/cm2/Hz
2026-09-21 14:28:18,686 - __main__ - INFO - Galaxy 24786 (z=1.043): 15 detected bands
2026-09-21 14:28:18,686 - __main__ - INFO - Config III: 6 free parameters
2026-09-21 14:28:18,687 - __main__ - INFO - Attempt 1/3: target_accept 0.85, warmup 150, diagonal mass
E0921 14:28:32.528098 1581506 slow_operation_alarm.cc:73] Constant folding an instruction is taking > 1s:

  %sort.164 = f64[12844]{0} sort(%constant.7579), dimensions={0}, is_stable=true, to_apply=%region_74.278.clone, metadata={op_name="jit(_impl)/jit(lnu_filter_integral)/jit(sort)/sort" stack_frame_id=1684}

This isn't necessarily a bug; constant-folding is inherently a trade-off between compilation time and speed at runtime. XLA has some guards that attempt to keep constant folding from taking too long, but fundamentally you'll always be able to come up with an input program that takes a long time.

If you'd like to file a bug, run with envvar XLA_FLAGS=--xla_dump_to=/tmp/foo and attach the results.
E0921 14:28:32.999152 1581418 slow_operation_alarm.cc:140] The operation took 1.471290815s
Constant folding an instruction is taking > 1s:

  %sort.164 = f64[12844]{0} sort(%constant.7579), dimensions={0}, is_stable=true, to_apply=%region_74.278.clone, metadata={op_name="jit(_impl)/jit(lnu_filter_integral)/jit(sort)/sort" stack_frame_id=1684}

This isn't necessarily a bug; constant-folding is inherently a trade-off between compilation time and speed at runtime. XLA has some guards that attempt to keep constant folding from taking too long, but fundamentally you'll always be able to come up with an input program that takes a long time.

If you'd like to file a bug, run with envvar XLA_FLAGS=--xla_dump_to=/tmp/foo and attach the results.
2026-09-21 14:32:26,310 - tengri.inference.backends.mcmc.nuts - INFO - NUTS: 5 parameters, 150 warmup, 300 samples, target_accept=0.85
E0921 14:33:05.483436 1581506 slow_operation_alarm.cc:73] Constant folding an instruction is taking > 2s:

  %sort.292 = f64[12844]{0} sort(%constant.22980), dimensions={0}, is_stable=true, to_apply=%region_80.325, metadata={op_name="jit(_nuts_warmup_only)/jvp(jit(logdensity))/jit(loss_fn)/jit(_impl)/jit(lnu_filter_integral)/jit(sort)/sort" stack_frame_id=7573}

This isn't necessarily a bug; constant-folding is inherently a trade-off between compilation time and speed at runtime. XLA has some guards that attempt to keep constant folding from taking too long, but fundamentally you'll always be able to come up with an input program that takes a long time.

If you'd like to file a bug, run with envvar XLA_FLAGS=--xla_dump_to=/tmp/foo and attach the results.
E0921 14:33:05.678916 1581418 slow_operation_alarm.cc:140] The operation took 2.195659887s
Constant folding an instruction is taking > 2s:

  %sort.292 = f64[12844]{0} sort(%constant.22980), dimensions={0}, is_stable=true, to_apply=%region_80.325, metadata={op_name="jit(_nuts_warmup_only)/jvp(jit(logdensity))/jit(loss_fn)/jit(_impl)/jit(lnu_filter_integral)/jit(sort)/sort" stack_frame_id=7573}

This isn't necessarily a bug; constant-folding is inherently a trade-off between compilation time and speed at runtime. XLA has some guards that attempt to keep constant folding from taking too long, but fundamentally you'll always be able to come up with an input program that takes a long time.

If you'd like to file a bug, run with envvar XLA_FLAGS=--xla_dump_to=/tmp/foo and attach the results.
2026-09-21 14:43:48,799 - tengri.inference.backends.mcmc.nuts - INFO -   Warmup complete (682.5s). Step size: 0.3548. Divergent in the final warmup window: 0%
2026-09-21 14:53:21,048 - tengri.inference.backends.mcmc.nuts - INFO -   NUTS complete in 1253.2s. Divergences: 0/1200 (0.0%). Tree depth: mean 3.7, at cap on 0% of iterations (max_num_doublings=10)
2026-09-21 14:53:21,522 - tengri.inference.mass_profile - INFO - profile_mass reinsertion: waiting for lock analysis/paper1/results/fits/.reinsert.lock
2026-09-21 14:56:59,951 - tengri.inference.mass_profile - INFO - profile_mass reinsertion: lock acquired
2026-09-21 15:02:24,819 - __main__ - INFO - ✓ Fit passed adoption bar: divergences=0, rhat_max=1.0011
2026-09-21 15:03:21,473 - __main__ - INFO - Saved results to analysis/paper1/results/fits/24786_III.npz
2026-09-21 15:03:21,475 - __main__ - INFO - Saved diagnostics to analysis/paper1/results/fits/24786_III.json
2026-09-21 15:03:21,481 - __main__ - INFO - ✓ Fit complete for galaxy 24786 config III
  MAP initialization (1000 steps)...
  MAP init done (loss=161.17)
