2026-09-23 01:14:13,187 - __main__ - INFO - Applied 5.0% systematic error floor in quadrature. Mean floor contribution: 1.871e-29 erg/s/cm2/Hz
2026-09-23 01:14:28,248 - __main__ - INFO - Galaxy 25206 (z=1.042): 14 detected bands
2026-09-23 01:14:28,249 - __main__ - INFO - Config V: 6 free parameters
2026-09-23 01:14:28,249 - __main__ - INFO - Attempt 1/3: target_accept 0.85, warmup 150, diagonal mass
2026-09-23 01:18:05,150 - tengri.inference.backends.mcmc.nuts - INFO - NUTS: 5 parameters, 150 warmup, 300 samples, target_accept=0.85
2026-09-23 01:38:36,074 - tengri.inference.backends.mcmc.nuts - INFO -   Warmup complete (1230.9s). Step size: 0.1174. Divergent in the final warmup window: 0%
2026-09-23 01:49:30,992 - tengri.inference.backends.mcmc.nuts - INFO -   NUTS complete in 1885.6s. Divergences: 10/1200 (0.8%). Tree depth: mean 5.2, at cap on 0% of iterations (max_num_doublings=10)
2026-09-23 01:49:31,614 - tengri.inference.mass_profile - INFO - profile_mass reinsertion: waiting for lock analysis/paper1/results/fits/.reinsert.lock
2026-09-23 01:49:50,187 - tengri.inference.mass_profile - INFO - profile_mass reinsertion: lock acquired
2026-09-23 01:52:03,206 - __main__ - WARNING - ✗ Fit failed adoption bar: divergences=10, rhat_max=1.0040, ess_min=70
2026-09-23 01:52:42,746 - __main__ - INFO - Saved results to analysis/paper1/results/fits/25206_V.npz
2026-09-23 01:52:42,752 - __main__ - INFO - Saved diagnostics to analysis/paper1/results/fits/25206_V.json
2026-09-23 01:52:42,758 - __main__ - INFO - Saved the best attempt so far (attempt 1 of 1, divergences=10) before retuning
2026-09-23 01:52:42,759 - __main__ - INFO - Attempt 2/3: target_accept 0.95, warmup 150, diagonal mass
2026-09-23 01:52:46,326 - tengri.inference.backends.mcmc.nuts - INFO - NUTS: 5 parameters, 150 warmup, 300 samples, target_accept=0.95
2026-09-23 02:12:26,369 - tengri.inference.backends.mcmc.nuts - INFO -   Warmup complete (1180.0s). Step size: 0.0098. Divergent in the final warmup window: 0%
2026-09-23 03:41:25,845 - tengri.inference.backends.mcmc.nuts - INFO -   NUTS complete in 6519.4s. Divergences: 0/1200 (0.0%). Tree depth: mean 8.0, at cap on 5% of iterations (max_num_doublings=10)
2026-09-23 03:41:25,849 - tengri.inference.mass_profile - INFO - profile_mass reinsertion: waiting for lock analysis/paper1/results/fits/.reinsert.lock
2026-09-23 03:41:25,849 - tengri.inference.mass_profile - INFO - profile_mass reinsertion: lock acquired
2026-09-23 03:43:27,533 - __main__ - WARNING - ✗ Fit failed adoption bar: divergences=0, rhat_max=1.0072, ess_min=22
2026-09-23 03:44:16,277 - __main__ - INFO - Saved results to analysis/paper1/results/fits/25206_V.npz
2026-09-23 03:44:16,282 - __main__ - INFO - Saved diagnostics to analysis/paper1/results/fits/25206_V.json
2026-09-23 03:44:16,287 - __main__ - INFO - Saved the best attempt so far (attempt 2 of 2, divergences=0) before retuning
2026-09-23 03:44:16,289 - __main__ - INFO - Attempt 3/3: target_accept 0.99, warmup 150, diagonal mass
2026-09-23 03:44:20,667 - tengri.inference.backends.mcmc.nuts - INFO - NUTS: 5 parameters, 150 warmup, 300 samples, target_accept=0.99
2026-09-23 04:20:40,002 - tengri.inference.backends.mcmc.nuts - INFO -   Warmup complete (2179.3s). Step size: 0.0112. Divergent in the final warmup window: 0%
2026-09-23 06:18:35,769 - tengri.inference.backends.mcmc.nuts - INFO -   NUTS complete in 9255.0s. Divergences: 0/1200 (0.0%). Tree depth: mean 8.3, at cap on 9% of iterations (max_num_doublings=10)
2026-09-23 06:18:35,777 - tengri.inference.mass_profile - INFO - profile_mass reinsertion: waiting for lock analysis/paper1/results/fits/.reinsert.lock
2026-09-23 06:18:35,777 - tengri.inference.mass_profile - INFO - profile_mass reinsertion: lock acquired
2026-09-23 06:20:27,033 - __main__ - WARNING - ✗ Fit failed adoption bar: divergences=0, rhat_max=1.0239, ess_min=3
2026-09-23 06:21:06,450 - __main__ - INFO - Saved results to analysis/paper1/results/fits/25206_V.npz
2026-09-23 06:21:06,452 - __main__ - INFO - Saved diagnostics to analysis/paper1/results/fits/25206_V.json
2026-09-23 06:21:06,454 - __main__ - WARNING - No attempt cleared the adoption bar for galaxy 25206 config V; keeping attempt 2 of 3 (divergences=0, rhat_max=1.0072) with adoption_pass=False
2026-09-23 06:21:06,457 - __main__ - INFO - ✓ Fit complete for galaxy 25206 config V
  MAP initialization (1000 steps)...
  MAP init done (loss=17.10)
  MAP initialization: reusing cached MAP point
  MAP initialization: reusing cached MAP point
