2026-09-21 13:49:46,955 - __main__ - INFO - Applied 5.0% systematic error floor in quadrature. Mean floor contribution: 1.871e-29 erg/s/cm2/Hz
2026-09-21 13:51:44,411 - __main__ - INFO - Galaxy 25206 (z=1.042): 14 detected bands
2026-09-21 13:51:44,411 - __main__ - INFO - Config III: 6 free parameters
2026-09-21 13:51:44,412 - __main__ - INFO - Attempt 1/3: target_accept 0.85, warmup 150, diagonal mass
E0921 13:51:58.282347 1461147 slow_operation_alarm.cc:73] Constant folding an instruction is taking > 1s:

  %sort.153 = f64[9476]{0} sort(%constant.7058), dimensions={0}, is_stable=true, to_apply=%region_62.226.clone, metadata={op_name="jit(_impl)/jit(lnu_filter_integral)/jit(sort)/sort" stack_frame_id=1684}

This isn't necessarily a bug; constant-folding is inherently a trade-off between compilation time and speed at runtime. XLA has some guards that attempt to keep constant folding from taking too long, but fundamentally you'll always be able to come up with an input program that takes a long time.

If you'd like to file a bug, run with envvar XLA_FLAGS=--xla_dump_to=/tmp/foo and attach the results.
E0921 13:51:58.319461 1461059 slow_operation_alarm.cc:140] The operation took 1.038522311s
Constant folding an instruction is taking > 1s:

  %sort.153 = f64[9476]{0} sort(%constant.7058), dimensions={0}, is_stable=true, to_apply=%region_62.226.clone, metadata={op_name="jit(_impl)/jit(lnu_filter_integral)/jit(sort)/sort" stack_frame_id=1684}

This isn't necessarily a bug; constant-folding is inherently a trade-off between compilation time and speed at runtime. XLA has some guards that attempt to keep constant folding from taking too long, but fundamentally you'll always be able to come up with an input program that takes a long time.

If you'd like to file a bug, run with envvar XLA_FLAGS=--xla_dump_to=/tmp/foo and attach the results.
2026-09-21 13:58:57,636 - tengri.inference.backends.mcmc.nuts - INFO - NUTS: 5 parameters, 150 warmup, 300 samples, target_accept=0.85
2026-09-21 14:29:08,624 - tengri.inference.backends.mcmc.nuts - INFO -   Warmup complete (1811.0s). Step size: 0.0453. Divergent in the final warmup window: 0%
2026-09-21 15:00:08,632 - tengri.inference.backends.mcmc.nuts - INFO -   NUTS complete in 3670.1s. Divergences: 0/1200 (0.0%). Tree depth: mean 6.1, at cap on 0% of iterations (max_num_doublings=10)
2026-09-21 15:00:09,104 - tengri.inference.mass_profile - INFO - profile_mass reinsertion: waiting for lock analysis/paper1/results/fits/.reinsert.lock
2026-09-21 15:02:23,457 - tengri.inference.mass_profile - INFO - profile_mass reinsertion: lock acquired
2026-09-21 15:06:58,715 - __main__ - WARNING - ✗ Fit failed adoption bar: divergences=0, rhat_max=1.0103
2026-09-21 15:08:11,071 - __main__ - INFO - Saved results to analysis/paper1/results/fits/25206_III.npz
2026-09-21 15:08:11,073 - __main__ - INFO - Saved diagnostics to analysis/paper1/results/fits/25206_III.json
2026-09-21 15:08:11,075 - __main__ - INFO - Saved the best attempt so far (attempt 1 of 1, divergences=0) before retuning
2026-09-21 15:08:11,076 - __main__ - INFO - Attempt 2/3: target_accept 0.95, warmup 150, diagonal mass
2026-09-21 15:08:15,011 - tengri.inference.backends.mcmc.nuts - INFO - NUTS: 5 parameters, 150 warmup, 300 samples, target_accept=0.95
2026-09-21 15:44:43,887 - tengri.inference.backends.mcmc.nuts - INFO -   Warmup complete (2188.9s). Step size: 0.0351. Divergent in the final warmup window: 0%
E0921 15:45:11.915161 1461147 slow_operation_alarm.cc:73] Constant folding an instruction is taking > 2s:

  %sort.288 = f64[12844]{0} sort(%constant.9751), dimensions={0}, is_stable=true, to_apply=%region_116.114, metadata={op_name="jit(_fun)/shard_map/jit(_nuts_chain_scan)/while/body/closed_call/while/body/while/body/jvp(jit(logdensity))/jit(loss_fn)/jit(_impl)/jit(lnu_filter_integral)/jit(sort)/sort" stack_frame_id=2270}

This isn't necessarily a bug; constant-folding is inherently a trade-off between compilation time and speed at runtime. XLA has some guards that attempt to keep constant folding from taking too long, but fundamentally you'll always be able to come up with an input program that takes a long time.

If you'd like to file a bug, run with envvar XLA_FLAGS=--xla_dump_to=/tmp/foo and attach the results.
E0921 15:45:11.943704 1461059 slow_operation_alarm.cc:140] The operation took 2.029972822s
Constant folding an instruction is taking > 2s:

  %sort.288 = f64[12844]{0} sort(%constant.9751), dimensions={0}, is_stable=true, to_apply=%region_116.114, metadata={op_name="jit(_fun)/shard_map/jit(_nuts_chain_scan)/while/body/closed_call/while/body/while/body/jvp(jit(logdensity))/jit(loss_fn)/jit(_impl)/jit(lnu_filter_integral)/jit(sort)/sort" stack_frame_id=2270}

This isn't necessarily a bug; constant-folding is inherently a trade-off between compilation time and speed at runtime. XLA has some guards that attempt to keep constant folding from taking too long, but fundamentally you'll always be able to come up with an input program that takes a long time.

If you'd like to file a bug, run with envvar XLA_FLAGS=--xla_dump_to=/tmp/foo and attach the results.
2026-09-21 16:19:35,963 - tengri.inference.backends.mcmc.nuts - INFO -   NUTS complete in 4280.8s. Divergences: 0/1200 (0.0%). Tree depth: mean 6.4, at cap on 0% of iterations (max_num_doublings=10)
2026-09-21 16:19:35,980 - tengri.inference.mass_profile - INFO - profile_mass reinsertion: waiting for lock analysis/paper1/results/fits/.reinsert.lock
2026-09-21 16:19:35,980 - tengri.inference.mass_profile - INFO - profile_mass reinsertion: lock acquired
2026-09-21 16:24:25,724 - __main__ - INFO - ✓ Fit passed adoption bar: divergences=0, rhat_max=1.0031
2026-09-21 16:26:04,562 - __main__ - INFO - Saved results to analysis/paper1/results/fits/25206_III.npz
2026-09-21 16:26:04,569 - __main__ - INFO - Saved diagnostics to analysis/paper1/results/fits/25206_III.json
2026-09-21 16:26:04,577 - __main__ - INFO - ✓ Fit complete for galaxy 25206 config III
  MAP initialization (1000 steps)...
  MAP init done (loss=29.61)
  MAP initialization: reusing cached MAP point
