2026-09-21 13:43:46,117 - __main__ - INFO - Applied 5.0% systematic error floor in quadrature. Mean floor contribution: 6.065e-30 erg/s/cm2/Hz
2026-09-21 13:46:22,979 - __main__ - INFO - Galaxy 25489 (z=1.071): 12 detected bands
2026-09-21 13:46:22,980 - __main__ - INFO - Config III: 6 free parameters
2026-09-21 13:46:22,980 - __main__ - INFO - Attempt 1/3: target_accept 0.85, warmup 150, diagonal mass
E0921 13:46:38.854433 1441558 slow_operation_alarm.cc:73] Constant folding an instruction is taking > 1s:

  %sort.135 = f64[9025]{0} sort(%constant.6319), dimensions={0}, is_stable=true, to_apply=%region_62.226.clone, metadata={op_name="jit(_impl)/jit(lnu_filter_integral)/jit(sort)/sort" stack_frame_id=1684}

This isn't necessarily a bug; constant-folding is inherently a trade-off between compilation time and speed at runtime. XLA has some guards that attempt to keep constant folding from taking too long, but fundamentally you'll always be able to come up with an input program that takes a long time.

If you'd like to file a bug, run with envvar XLA_FLAGS=--xla_dump_to=/tmp/foo and attach the results.
E0921 13:46:38.904196 1441468 slow_operation_alarm.cc:140] The operation took 1.049933603s
Constant folding an instruction is taking > 1s:

  %sort.135 = f64[9025]{0} sort(%constant.6319), dimensions={0}, is_stable=true, to_apply=%region_62.226.clone, metadata={op_name="jit(_impl)/jit(lnu_filter_integral)/jit(sort)/sort" stack_frame_id=1684}

This isn't necessarily a bug; constant-folding is inherently a trade-off between compilation time and speed at runtime. XLA has some guards that attempt to keep constant folding from taking too long, but fundamentally you'll always be able to come up with an input program that takes a long time.

If you'd like to file a bug, run with envvar XLA_FLAGS=--xla_dump_to=/tmp/foo and attach the results.
2026-09-21 13:52:00,588 - tengri.inference.backends.mcmc.nuts - INFO - NUTS: 5 parameters, 150 warmup, 300 samples, target_accept=0.85
2026-09-21 14:08:15,724 - tengri.inference.backends.mcmc.nuts - INFO -   Warmup complete (975.1s). Step size: 0.0910. Divergent in the final warmup window: 0%
2026-09-21 14:22:23,622 - tengri.inference.backends.mcmc.nuts - INFO -   NUTS complete in 1822.9s. Divergences: 0/1200 (0.0%). Tree depth: mean 5.5, at cap on 0% of iterations (max_num_doublings=10)
2026-09-21 14:22:23,922 - tengri.inference.mass_profile - INFO - profile_mass reinsertion: waiting for lock analysis/paper1/results/fits/.reinsert.lock
2026-09-21 14:22:23,923 - tengri.inference.mass_profile - INFO - profile_mass reinsertion: lock acquired
2026-09-21 14:25:41,491 - __main__ - INFO - ✓ Fit passed adoption bar: divergences=0, rhat_max=1.0008
2026-09-21 14:26:22,816 - __main__ - INFO - Saved results to analysis/paper1/results/fits/25489_III.npz
2026-09-21 14:26:22,819 - __main__ - INFO - Saved diagnostics to analysis/paper1/results/fits/25489_III.json
2026-09-21 14:26:22,826 - __main__ - INFO - ✓ Fit complete for galaxy 25489 config III
  MAP initialization (1000 steps)...
  MAP init done (loss=19.37)
