2026-09-22 12:40:56,292 - __main__ - INFO - Applied 5.0% systematic error floor in quadrature. Mean floor contribution: 6.065e-30 erg/s/cm2/Hz
2026-09-22 12:41:18,457 - __main__ - INFO - Galaxy 25489 (z=1.071): 12 detected bands
2026-09-22 12:41:18,458 - __main__ - INFO - Config V: 6 free parameters
2026-09-22 12:41:18,458 - __main__ - INFO - Attempt 1/3: target_accept 0.85, warmup 150, diagonal mass
2026-09-22 12:45:04,510 - tengri.inference.backends.mcmc.nuts - INFO - NUTS: 5 parameters, 150 warmup, 300 samples, target_accept=0.85
E0922 12:45:32.545389 1357547 slow_operation_alarm.cc:73] Constant folding an instruction is taking > 1s:

  %sort.300 = f64[6447]{0} sort(%constant.21650), dimensions={0}, is_stable=true, to_apply=%region_400.1258, metadata={op_name="jit(_nuts_warmup_only)/while/body/closed_call/while/body/while/body/jvp(jit(logdensity))/jit(loss_fn)/jit(_impl)/jit(lnu_filter_integral)/jit(sort)/sort" stack_frame_id=5595}

This isn't necessarily a bug; constant-folding is inherently a trade-off between compilation time and speed at runtime. XLA has some guards that attempt to keep constant folding from taking too long, but fundamentally you'll always be able to come up with an input program that takes a long time.

If you'd like to file a bug, run with envvar XLA_FLAGS=--xla_dump_to=/tmp/foo and attach the results.
E0922 12:45:32.616276 1357449 slow_operation_alarm.cc:140] The operation took 1.073498586s
Constant folding an instruction is taking > 1s:

  %sort.300 = f64[6447]{0} sort(%constant.21650), dimensions={0}, is_stable=true, to_apply=%region_400.1258, metadata={op_name="jit(_nuts_warmup_only)/while/body/closed_call/while/body/while/body/jvp(jit(logdensity))/jit(loss_fn)/jit(_impl)/jit(lnu_filter_integral)/jit(sort)/sort" stack_frame_id=5595}

This isn't necessarily a bug; constant-folding is inherently a trade-off between compilation time and speed at runtime. XLA has some guards that attempt to keep constant folding from taking too long, but fundamentally you'll always be able to come up with an input program that takes a long time.

If you'd like to file a bug, run with envvar XLA_FLAGS=--xla_dump_to=/tmp/foo and attach the results.
2026-09-22 12:56:39,672 - tengri.inference.backends.mcmc.nuts - INFO -   Warmup complete (695.2s). Step size: 0.0496. Divergent in the final warmup window: 0%
2026-09-22 13:19:50,661 - tengri.inference.backends.mcmc.nuts - INFO -   NUTS complete in 2085.1s. Divergences: 0/1200 (0.0%). Tree depth: mean 6.3, at cap on 0% of iterations (max_num_doublings=10)
2026-09-22 13:19:51,329 - tengri.inference.mass_profile - INFO - profile_mass reinsertion: waiting for lock analysis/paper1/results/fits/.reinsert.lock
2026-09-22 13:19:51,330 - tengri.inference.mass_profile - INFO - profile_mass reinsertion: lock acquired
2026-09-22 13:23:48,215 - __main__ - WARNING - ✗ Fit failed adoption bar: divergences=0, rhat_max=1.0061, ess_min=55
2026-09-22 13:24:33,801 - __main__ - INFO - Saved results to analysis/paper1/results/fits/25489_V.npz
2026-09-22 13:24:33,804 - __main__ - INFO - Saved diagnostics to analysis/paper1/results/fits/25489_V.json
2026-09-22 13:24:33,810 - __main__ - INFO - Saved the best attempt so far (attempt 1 of 1, divergences=0) before retuning
2026-09-22 13:24:33,811 - __main__ - INFO - Attempt 2/3: target_accept 0.95, warmup 150, diagonal mass
2026-09-22 13:24:37,711 - tengri.inference.backends.mcmc.nuts - INFO - NUTS: 5 parameters, 150 warmup, 300 samples, target_accept=0.95
2026-09-22 13:42:44,449 - tengri.inference.backends.mcmc.nuts - INFO -   Warmup complete (1086.7s). Step size: 0.0195. Divergent in the final warmup window: 0%
2026-09-22 14:18:48,103 - tengri.inference.backends.mcmc.nuts - INFO -   NUTS complete in 3250.3s. Divergences: 0/1200 (0.0%). Tree depth: mean 7.0, at cap on 0% of iterations (max_num_doublings=10)
2026-09-22 14:18:48,107 - tengri.inference.mass_profile - INFO - profile_mass reinsertion: waiting for lock analysis/paper1/results/fits/.reinsert.lock
2026-09-22 14:18:48,107 - tengri.inference.mass_profile - INFO - profile_mass reinsertion: lock acquired
2026-09-22 14:20:45,279 - __main__ - INFO - ✓ Fit passed adoption bar: divergences=0, rhat_max=1.0042, ess_min=133
2026-09-22 14:21:25,265 - __main__ - INFO - Saved results to analysis/paper1/results/fits/25489_V.npz
2026-09-22 14:21:25,267 - __main__ - INFO - Saved diagnostics to analysis/paper1/results/fits/25489_V.json
2026-09-22 14:21:25,273 - __main__ - INFO - ✓ Fit complete for galaxy 25489 config V
  MAP initialization (1000 steps)...
  MAP init done (loss=24.95)
  MAP initialization: reusing cached MAP point
