2026-09-22 14:21:58,674 - __main__ - INFO - Applied 5.0% systematic error floor in quadrature. Mean floor contribution: 3.720e-30 erg/s/cm2/Hz
2026-09-22 14:22:51,300 - __main__ - INFO - Galaxy 26398 (z=1.036): 11 detected bands
2026-09-22 14:22:51,302 - __main__ - INFO - Config V: 6 free parameters
2026-09-22 14:22:51,303 - __main__ - INFO - Attempt 1/3: target_accept 0.85, warmup 150, diagonal mass
E0922 14:23:10.193379 1628710 slow_operation_alarm.cc:73] Constant folding an instruction is taking > 1s:

  %sort.116 = f64[6447]{0} sort(%constant.5860), dimensions={0}, is_stable=true, to_apply=%region_65.235.clone, metadata={op_name="jit(_impl)/jit(lnu_filter_integral)/jit(sort)/sort" stack_frame_id=1588}

This isn't necessarily a bug; constant-folding is inherently a trade-off between compilation time and speed at runtime. XLA has some guards that attempt to keep constant folding from taking too long, but fundamentally you'll always be able to come up with an input program that takes a long time.

If you'd like to file a bug, run with envvar XLA_FLAGS=--xla_dump_to=/tmp/foo and attach the results.
E0922 14:23:10.717798 1628617 slow_operation_alarm.cc:140] The operation took 1.525196158s
Constant folding an instruction is taking > 1s:

  %sort.116 = f64[6447]{0} sort(%constant.5860), dimensions={0}, is_stable=true, to_apply=%region_65.235.clone, metadata={op_name="jit(_impl)/jit(lnu_filter_integral)/jit(sort)/sort" stack_frame_id=1588}

This isn't necessarily a bug; constant-folding is inherently a trade-off between compilation time and speed at runtime. XLA has some guards that attempt to keep constant folding from taking too long, but fundamentally you'll always be able to come up with an input program that takes a long time.

If you'd like to file a bug, run with envvar XLA_FLAGS=--xla_dump_to=/tmp/foo and attach the results.
2026-09-22 14:27:22,909 - tengri.inference.backends.mcmc.nuts - INFO - NUTS: 5 parameters, 150 warmup, 300 samples, target_accept=0.85
2026-09-22 14:41:58,091 - tengri.inference.backends.mcmc.nuts - INFO -   Warmup complete (875.2s). Step size: 0.1715. Divergent in the final warmup window: 0%
2026-09-22 14:51:34,711 - tengri.inference.backends.mcmc.nuts - INFO -   NUTS complete in 1451.1s. Divergences: 3/1200 (0.2%). Tree depth: mean 4.8, at cap on 0% of iterations (max_num_doublings=10)
2026-09-22 14:51:35,200 - tengri.inference.mass_profile - INFO - profile_mass reinsertion: waiting for lock analysis/paper1/results/fits/.reinsert.lock
2026-09-22 14:51:35,201 - tengri.inference.mass_profile - INFO - profile_mass reinsertion: lock acquired
2026-09-22 14:54:33,945 - __main__ - WARNING - ✗ Fit failed adoption bar: divergences=3, rhat_max=1.0125, ess_min=306
2026-09-22 14:55:08,399 - __main__ - INFO - Saved results to analysis/paper1/results/fits/26398_V.npz
2026-09-22 14:55:08,400 - __main__ - INFO - Saved diagnostics to analysis/paper1/results/fits/26398_V.json
2026-09-22 14:55:08,403 - __main__ - INFO - Saved the best attempt so far (attempt 1 of 1, divergences=3) before retuning
2026-09-22 14:55:08,404 - __main__ - INFO - Attempt 2/3: target_accept 0.95, warmup 150, diagonal mass
2026-09-22 14:55:11,370 - tengri.inference.backends.mcmc.nuts - INFO - NUTS: 5 parameters, 150 warmup, 300 samples, target_accept=0.95
2026-09-22 15:10:40,838 - tengri.inference.backends.mcmc.nuts - INFO -   Warmup complete (929.5s). Step size: 0.0241. Divergent in the final warmup window: 0%
2026-09-22 15:23:20,520 - tengri.inference.backends.mcmc.nuts - INFO -   NUTS complete in 1689.1s. Divergences: 0/1200 (0.0%). Tree depth: mean 6.7, at cap on 0% of iterations (max_num_doublings=10)
2026-09-22 15:23:20,523 - tengri.inference.mass_profile - INFO - profile_mass reinsertion: waiting for lock analysis/paper1/results/fits/.reinsert.lock
2026-09-22 15:23:20,524 - tengri.inference.mass_profile - INFO - profile_mass reinsertion: lock acquired
2026-09-22 15:24:02,255 - __main__ - INFO - ✓ Fit passed adoption bar: divergences=0, rhat_max=1.0018, ess_min=219
2026-09-22 15:24:14,124 - __main__ - INFO - Saved results to analysis/paper1/results/fits/26398_V.npz
2026-09-22 15:24:14,125 - __main__ - INFO - Saved diagnostics to analysis/paper1/results/fits/26398_V.json
2026-09-22 15:24:14,128 - __main__ - INFO - ✓ Fit complete for galaxy 26398 config V
  MAP initialization (1000 steps)...
  MAP init done (loss=36.01)
  MAP initialization: reusing cached MAP point
