2026-09-21 13:18:41,328 - __main__ - INFO - Applied 5.0% systematic error floor in quadrature. Mean floor contribution: 3.720e-30 erg/s/cm2/Hz
2026-09-21 13:22:34,617 - __main__ - INFO - Galaxy 26398 (z=1.036): 11 detected bands
2026-09-21 13:22:34,618 - __main__ - INFO - Config III: 6 free parameters
2026-09-21 13:22:34,618 - __main__ - INFO - Attempt 1/3: target_accept 0.85, warmup 150, diagonal mass
E0921 13:22:51.576345 1364078 slow_operation_alarm.cc:73] Constant folding an instruction is taking > 1s:

  %sort.123 = f64[7127]{0} sort(%constant.5723), dimensions={0}, is_stable=true, to_apply=%region_44.148.clone, metadata={op_name="jit(_impl)/jit(lnu_filter_integral)/jit(sort)/sort" stack_frame_id=1684}

This isn't necessarily a bug; constant-folding is inherently a trade-off between compilation time and speed at runtime. XLA has some guards that attempt to keep constant folding from taking too long, but fundamentally you'll always be able to come up with an input program that takes a long time.

If you'd like to file a bug, run with envvar XLA_FLAGS=--xla_dump_to=/tmp/foo and attach the results.
E0921 13:22:51.682455 1363990 slow_operation_alarm.cc:140] The operation took 1.106400286s
Constant folding an instruction is taking > 1s:

  %sort.123 = f64[7127]{0} sort(%constant.5723), dimensions={0}, is_stable=true, to_apply=%region_44.148.clone, metadata={op_name="jit(_impl)/jit(lnu_filter_integral)/jit(sort)/sort" stack_frame_id=1684}

This isn't necessarily a bug; constant-folding is inherently a trade-off between compilation time and speed at runtime. XLA has some guards that attempt to keep constant folding from taking too long, but fundamentally you'll always be able to come up with an input program that takes a long time.

If you'd like to file a bug, run with envvar XLA_FLAGS=--xla_dump_to=/tmp/foo and attach the results.
2026-09-21 13:29:13,707 - tengri.inference.backends.mcmc.nuts - INFO - NUTS: 5 parameters, 150 warmup, 300 samples, target_accept=0.85
2026-09-21 13:37:16,983 - tengri.inference.backends.mcmc.nuts - INFO -   Warmup complete (483.3s). Step size: 0.2973. Divergent in the final warmup window: 0%
2026-09-21 13:44:38,460 - tengri.inference.backends.mcmc.nuts - INFO -   NUTS complete in 923.5s. Divergences: 0/1200 (0.0%). Tree depth: mean 4.1, at cap on 0% of iterations (max_num_doublings=10)
2026-09-21 13:44:40,402 - tengri.inference.mass_profile - INFO - profile_mass reinsertion: waiting for lock analysis/paper1/results/fits/.reinsert.lock
2026-09-21 13:44:40,404 - tengri.inference.mass_profile - INFO - profile_mass reinsertion: lock acquired
2026-09-21 13:48:35,393 - __main__ - INFO - ✓ Fit passed adoption bar: divergences=0, rhat_max=1.0022
2026-09-21 13:49:27,328 - __main__ - INFO - Saved results to analysis/paper1/results/fits/26398_III.npz
2026-09-21 13:49:27,336 - __main__ - INFO - Saved diagnostics to analysis/paper1/results/fits/26398_III.json
2026-09-21 13:49:27,350 - __main__ - INFO - ✓ Fit complete for galaxy 26398 config III
  MAP initialization (1000 steps)...
  MAP init done (loss=33.11)
