2026-09-25 00:56:00,200 - __main__ - INFO - Applied 5.0% systematic error floor in quadrature. Mean floor contribution: 3.720e-30 erg/s/cm2/Hz
2026-09-25 00:56:34,197 - __main__ - INFO - Galaxy 26398 (z=1.036): 11 detected bands
2026-09-25 00:56:34,197 - __main__ - INFO - Config I: 10 free parameters
2026-09-25 00:56:34,197 - __main__ - INFO - Attempt 1/3: target_accept 0.85, warmup 150, diagonal mass
E0925 00:56:43.599940 117863023 slow_operation_alarm.cc:73] Constant folding an instruction is taking > 1s:

  %sort.130 = f64[16176]{0} sort(%constant.6266), dimensions={0}, is_stable=true, to_apply=%region_67.242.clone, metadata={op_name="jit(_impl)/jit(lnu_filter_integral)/jit(sort)/sort" stack_frame_id=1881}

This isn't necessarily a bug; constant-folding is inherently a trade-off between compilation time and speed at runtime. XLA has some guards that attempt to keep constant folding from taking too long, but fundamentally you'll always be able to come up with an input program that takes a long time.

If you'd like to file a bug, run with envvar XLA_FLAGS=--xla_dump_to=/tmp/foo and attach the results.
E0925 00:56:43.616840 117862970 slow_operation_alarm.cc:140] The operation took 1.026951s
Constant folding an instruction is taking > 1s:

  %sort.130 = f64[16176]{0} sort(%constant.6266), dimensions={0}, is_stable=true, to_apply=%region_67.242.clone, metadata={op_name="jit(_impl)/jit(lnu_filter_integral)/jit(sort)/sort" stack_frame_id=1881}

This isn't necessarily a bug; constant-folding is inherently a trade-off between compilation time and speed at runtime. XLA has some guards that attempt to keep constant folding from taking too long, but fundamentally you'll always be able to come up with an input program that takes a long time.

If you'd like to file a bug, run with envvar XLA_FLAGS=--xla_dump_to=/tmp/foo and attach the results.
2026-09-25 00:58:30,998 - tengri.inference.backends.mcmc.nuts - INFO - NUTS: 9 parameters, 150 warmup, 300 samples, target_accept=0.85
2026-09-25 01:02:04,337 - tengri.inference.backends.mcmc.nuts - INFO -   Warmup complete (213.3s). Step size: 0.0821. Divergent in the final warmup window: 0%
2026-09-25 01:21:25,752 - tengri.inference.backends.mcmc.nuts - INFO -   NUTS complete in 1374.6s. Divergences: 16/1200 (1.3%). Tree depth: mean 5.9, at cap on 0% of iterations (max_num_doublings=10)
2026-09-25 01:21:25,852 - tengri.inference.mass_profile - INFO - profile_mass reinsertion: waiting for lock analysis/paper1/results/fits/.reinsert.lock
2026-09-25 01:21:25,852 - tengri.inference.mass_profile - INFO - profile_mass reinsertion: lock acquired
2026-09-25 01:22:09,354 - tengri.inference.mass_profile - INFO - reinsertion chunk size derived: 99 draws (10.04 MB/draw, target=1.0 GB), ceiling 64
2026-09-25 01:22:09,437 - tengri.inference.mass_profile - INFO - profile_mass reinsertion: 1200 draws in 19 chunks of 64 (peak scratch is set by the chunk width, not the draw count)
2026-09-25 01:24:07,224 - __main__ - INFO - ✓ Fit passed adoption bar: divergence rate=0.0133 (n=16), rhat_max=1.0006, ess_min=167 [relaxed bar, configuration I]
2026-09-25 01:24:29,824 - __main__ - INFO - Saved results to analysis/paper1/results/fits/26398_I.npz
2026-09-25 01:24:29,826 - __main__ - INFO - Saved diagnostics to analysis/paper1/results/fits/26398_I.json
2026-09-25 01:24:29,827 - __main__ - INFO - ✓ Fit complete for galaxy 26398 config I
  MAP initialization (1000 steps)...
  MAP init done (loss=12.38)
