2026-09-21 00:45:22,118 - __main__ - INFO - Applied 5.0% systematic error floor in quadrature. Mean floor contribution: 1.634e-30 erg/s/cm2/Hz
2026-09-21 00:48:20,639 - __main__ - INFO - Galaxy 267 (z=1.084): 14 detected bands
2026-09-21 00:48:20,640 - __main__ - INFO - Config III: 6 free parameters
2026-09-21 00:48:20,640 - __main__ - INFO - Attempt 1/3: target_accept 0.85, warmup 150, diagonal mass
E0921 00:48:35.251402 3220502 slow_operation_alarm.cc:73] Constant folding an instruction is taking > 1s:

  %sort.155 = f64[12844]{0} sort(%constant.7210), dimensions={0}, is_stable=true, to_apply=%region_74.278.clone, metadata={op_name="jit(_impl)/jit(lnu_filter_integral)/jit(sort)/sort" stack_frame_id=1684}

This isn't necessarily a bug; constant-folding is inherently a trade-off between compilation time and speed at runtime. XLA has some guards that attempt to keep constant folding from taking too long, but fundamentally you'll always be able to come up with an input program that takes a long time.

If you'd like to file a bug, run with envvar XLA_FLAGS=--xla_dump_to=/tmp/foo and attach the results.
E0921 00:48:35.848314 3220410 slow_operation_alarm.cc:140] The operation took 1.597226757s
Constant folding an instruction is taking > 1s:

  %sort.155 = f64[12844]{0} sort(%constant.7210), dimensions={0}, is_stable=true, to_apply=%region_74.278.clone, metadata={op_name="jit(_impl)/jit(lnu_filter_integral)/jit(sort)/sort" stack_frame_id=1684}

This isn't necessarily a bug; constant-folding is inherently a trade-off between compilation time and speed at runtime. XLA has some guards that attempt to keep constant folding from taking too long, but fundamentally you'll always be able to come up with an input program that takes a long time.

If you'd like to file a bug, run with envvar XLA_FLAGS=--xla_dump_to=/tmp/foo and attach the results.
2026-09-21 00:50:10,803 - tengri.inference._registration - INFO - mcmc_nuts_fast: 1 JAX device(s) for 4 chains, so the chains run under vmap; export TENGRI_HOST_DEVICES=4 before importing tengri to pmap them.
2026-09-21 00:52:22,432 - tengri.inference.backends.mcmc.nuts - INFO - NUTS: 5 parameters, 150 warmup, 300 samples, target_accept=0.85
2026-09-21 00:57:20,955 - tengri.inference.backends.mcmc.nuts - INFO -   Warmup complete (298.5s). Step size: 0.1893. Divergent in the final warmup window: 0%
2026-09-21 01:24:28,819 - tengri.inference.backends.mcmc.nuts - INFO -   NUTS complete in 1923.2s. Divergences: 0/1200 (0.0%). Tree depth: mean 4.6, at cap on 0% of iterations (max_num_doublings=10)
2026-09-21 01:29:09,725 - __main__ - INFO - ✓ Fit passed adoption bar: divergences=0, rhat_max=1.0008
2026-09-21 01:45:28,635 - __main__ - INFO - Saved results to analysis/paper1/results/fits/267_III.npz
2026-09-21 01:45:28,635 - __main__ - INFO - Saved diagnostics to analysis/paper1/results/fits/267_III.json
2026-09-21 01:45:28,638 - __main__ - INFO - ✓ Fit complete for galaxy 267 config III
  MAP initialization (1000 steps)...
  MAP init done (loss=22.68)
