2026-09-22 15:46:01,202 - __main__ - INFO - Applied 5.0% systematic error floor in quadrature. Mean floor contribution: 1.634e-30 erg/s/cm2/Hz
2026-09-22 15:46:30,439 - __main__ - INFO - Galaxy 267 (z=1.084): 14 detected bands
2026-09-22 15:46:30,439 - __main__ - INFO - Config V: 6 free parameters
2026-09-22 15:46:30,440 - __main__ - INFO - Attempt 1/3: target_accept 0.85, warmup 150, diagonal mass
E0922 15:46:48.266590 1887813 slow_operation_alarm.cc:73] Constant folding an instruction is taking > 1s:

  %sort.146 = f64[6447]{0} sort(%constant.7195), dimensions={0}, is_stable=true, to_apply=%region_83.313.clone, metadata={op_name="jit(_impl)/jit(lnu_filter_integral)/jit(sort)/sort" stack_frame_id=1588}

This isn't necessarily a bug; constant-folding is inherently a trade-off between compilation time and speed at runtime. XLA has some guards that attempt to keep constant folding from taking too long, but fundamentally you'll always be able to come up with an input program that takes a long time.

If you'd like to file a bug, run with envvar XLA_FLAGS=--xla_dump_to=/tmp/foo and attach the results.
E0922 15:46:48.819751 1886877 slow_operation_alarm.cc:140] The operation took 1.556163621s
Constant folding an instruction is taking > 1s:

  %sort.146 = f64[6447]{0} sort(%constant.7195), dimensions={0}, is_stable=true, to_apply=%region_83.313.clone, metadata={op_name="jit(_impl)/jit(lnu_filter_integral)/jit(sort)/sort" stack_frame_id=1588}

This isn't necessarily a bug; constant-folding is inherently a trade-off between compilation time and speed at runtime. XLA has some guards that attempt to keep constant folding from taking too long, but fundamentally you'll always be able to come up with an input program that takes a long time.

If you'd like to file a bug, run with envvar XLA_FLAGS=--xla_dump_to=/tmp/foo and attach the results.
2026-09-22 15:51:42,801 - tengri.inference.backends.mcmc.nuts - INFO - NUTS: 5 parameters, 150 warmup, 300 samples, target_accept=0.85
2026-09-22 16:06:00,280 - tengri.inference.backends.mcmc.nuts - INFO -   Warmup complete (857.5s). Step size: 0.2100. Divergent in the final warmup window: 0%
2026-09-22 16:16:00,698 - tengri.inference.backends.mcmc.nuts - INFO -   NUTS complete in 1457.0s. Divergences: 2/1200 (0.2%). Tree depth: mean 4.6, at cap on 0% of iterations (max_num_doublings=10)
2026-09-22 16:16:01,419 - tengri.inference.mass_profile - INFO - profile_mass reinsertion: waiting for lock analysis/paper1/results/fits/.reinsert.lock
2026-09-22 16:16:01,419 - tengri.inference.mass_profile - INFO - profile_mass reinsertion: lock acquired
2026-09-22 16:20:29,168 - __main__ - WARNING - ✗ Fit failed adoption bar: divergences=2, rhat_max=1.0015, ess_min=342
2026-09-22 16:21:16,931 - __main__ - INFO - Saved results to analysis/paper1/results/fits/267_V.npz
2026-09-22 16:21:16,932 - __main__ - INFO - Saved diagnostics to analysis/paper1/results/fits/267_V.json
2026-09-22 16:21:16,935 - __main__ - INFO - Saved the best attempt so far (attempt 1 of 1, divergences=2) before retuning
2026-09-22 16:21:16,935 - __main__ - INFO - Attempt 2/3: target_accept 0.95, warmup 150, diagonal mass
2026-09-22 16:21:20,777 - tengri.inference.backends.mcmc.nuts - INFO - NUTS: 5 parameters, 150 warmup, 300 samples, target_accept=0.95
2026-09-22 16:34:12,702 - tengri.inference.backends.mcmc.nuts - INFO -   Warmup complete (771.9s). Step size: 0.0368. Divergent in the final warmup window: 0%
2026-09-22 16:46:25,911 - tengri.inference.backends.mcmc.nuts - INFO -   NUTS complete in 1505.0s. Divergences: 0/1200 (0.0%). Tree depth: mean 6.2, at cap on 0% of iterations (max_num_doublings=10)
2026-09-22 16:46:25,917 - tengri.inference.mass_profile - INFO - profile_mass reinsertion: waiting for lock analysis/paper1/results/fits/.reinsert.lock
2026-09-22 16:46:25,917 - tengri.inference.mass_profile - INFO - profile_mass reinsertion: lock acquired
2026-09-22 16:47:54,463 - __main__ - INFO - ✓ Fit passed adoption bar: divergences=0, rhat_max=1.0081, ess_min=291
2026-09-22 16:48:25,910 - __main__ - INFO - Saved results to analysis/paper1/results/fits/267_V.npz
2026-09-22 16:48:25,912 - __main__ - INFO - Saved diagnostics to analysis/paper1/results/fits/267_V.json
2026-09-22 16:48:25,919 - __main__ - INFO - ✓ Fit complete for galaxy 267 config V
  MAP initialization (1000 steps)...
  MAP init done (loss=28.33)
  MAP initialization: reusing cached MAP point
