2026-09-22 17:02:13,604 - __main__ - INFO - Applied 5.0% systematic error floor in quadrature. Mean floor contribution: 3.906e-31 erg/s/cm2/Hz
2026-09-22 17:02:28,669 - __main__ - INFO - Galaxy 4056 (z=1.071): 14 detected bands
2026-09-22 17:02:28,670 - __main__ - INFO - Config V: 6 free parameters
2026-09-22 17:02:28,670 - __main__ - INFO - Attempt 1/3: target_accept 0.85, warmup 150, diagonal mass
E0922 17:02:46.514118 2105639 slow_operation_alarm.cc:73] Constant folding an instruction is taking > 1s:

  %sort.143 = f64[6016]{0} sort(%constant.6967), dimensions={0}, is_stable=true, to_apply=%region_65.235.clone, metadata={op_name="jit(_impl)/jit(lnu_filter_integral)/jit(sort)/sort" stack_frame_id=1588}

This isn't necessarily a bug; constant-folding is inherently a trade-off between compilation time and speed at runtime. XLA has some guards that attempt to keep constant folding from taking too long, but fundamentally you'll always be able to come up with an input program that takes a long time.

If you'd like to file a bug, run with envvar XLA_FLAGS=--xla_dump_to=/tmp/foo and attach the results.
E0922 17:02:46.697947 2105540 slow_operation_alarm.cc:140] The operation took 1.18409111s
Constant folding an instruction is taking > 1s:

  %sort.143 = f64[6016]{0} sort(%constant.6967), dimensions={0}, is_stable=true, to_apply=%region_65.235.clone, metadata={op_name="jit(_impl)/jit(lnu_filter_integral)/jit(sort)/sort" stack_frame_id=1588}

This isn't necessarily a bug; constant-folding is inherently a trade-off between compilation time and speed at runtime. XLA has some guards that attempt to keep constant folding from taking too long, but fundamentally you'll always be able to come up with an input program that takes a long time.

If you'd like to file a bug, run with envvar XLA_FLAGS=--xla_dump_to=/tmp/foo and attach the results.
2026-09-22 17:07:53,977 - tengri.inference.backends.mcmc.nuts - INFO - NUTS: 5 parameters, 150 warmup, 300 samples, target_accept=0.85
2026-09-22 17:17:03,027 - tengri.inference.backends.mcmc.nuts - INFO -   Warmup complete (549.0s). Step size: 0.1052. Divergent in the final warmup window: 0%
2026-09-22 17:31:14,055 - tengri.inference.backends.mcmc.nuts - INFO -   NUTS complete in 1399.8s. Divergences: 0/1200 (0.0%). Tree depth: mean 5.3, at cap on 0% of iterations (max_num_doublings=10)
2026-09-22 17:31:14,736 - tengri.inference.mass_profile - INFO - profile_mass reinsertion: waiting for lock analysis/paper1/results/fits/.reinsert.lock
2026-09-22 17:31:14,736 - tengri.inference.mass_profile - INFO - profile_mass reinsertion: lock acquired
2026-09-22 17:36:30,209 - __main__ - INFO - ✓ Fit passed adoption bar: divergences=0, rhat_max=1.0017, ess_min=106
2026-09-22 17:37:30,650 - __main__ - INFO - Saved results to analysis/paper1/results/fits/4056_V.npz
2026-09-22 17:37:30,652 - __main__ - INFO - Saved diagnostics to analysis/paper1/results/fits/4056_V.json
2026-09-22 17:37:30,660 - __main__ - INFO - ✓ Fit complete for galaxy 4056 config V
  MAP initialization (1000 steps)...
  MAP init done (loss=28.52)
