2026-09-23 22:48:35,247 - __main__ - INFO - Applied 5.0% systematic error floor in quadrature. Mean floor contribution: 3.906e-31 erg/s/cm2/Hz
2026-09-23 22:49:03,001 - __main__ - INFO - Galaxy 4056 (z=1.071): 14 detected bands
2026-09-23 22:49:03,001 - __main__ - INFO - Config VI: 11 free parameters
2026-09-23 22:49:03,001 - __main__ - INFO - Attempt 1/3: target_accept 0.85, warmup 150, diagonal mass
E0923 22:49:10.579999 114241947 slow_operation_alarm.cc:73] Constant folding an instruction is taking > 1s:

  %sort.292 = f64[15878]{0} sort(%constant.14967), dimensions={0}, is_stable=true, to_apply=%region_67.243.clone, metadata={op_name="jit(_impl)/jit(lnu_filter_integral)/jit(sort)/sort" stack_frame_id=2723}

This isn't necessarily a bug; constant-folding is inherently a trade-off between compilation time and speed at runtime. XLA has some guards that attempt to keep constant folding from taking too long, but fundamentally you'll always be able to come up with an input program that takes a long time.

If you'd like to file a bug, run with envvar XLA_FLAGS=--xla_dump_to=/tmp/foo and attach the results.
E0923 22:49:10.707435 114241462 slow_operation_alarm.cc:140] The operation took 1.132861s
Constant folding an instruction is taking > 1s:

  %sort.292 = f64[15878]{0} sort(%constant.14967), dimensions={0}, is_stable=true, to_apply=%region_67.243.clone, metadata={op_name="jit(_impl)/jit(lnu_filter_integral)/jit(sort)/sort" stack_frame_id=2723}

This isn't necessarily a bug; constant-folding is inherently a trade-off between compilation time and speed at runtime. XLA has some guards that attempt to keep constant folding from taking too long, but fundamentally you'll always be able to come up with an input program that takes a long time.

If you'd like to file a bug, run with envvar XLA_FLAGS=--xla_dump_to=/tmp/foo and attach the results.
2026-09-23 22:55:15,513 - tengri.inference.backends.mcmc.nuts - INFO - NUTS: 11 parameters, 150 warmup, 300 samples, target_accept=0.85
2026-09-23 23:48:38,181 - tengri.inference.backends.mcmc.nuts - INFO -   Warmup complete (3202.7s). Step size: 0.0189. Divergent in the final warmup window: 0%
E0923 23:49:35.522635 114241947 slow_operation_alarm.cc:73] Constant folding an instruction is taking > 2s:

  %sort.231 = f64[15878]{0} sort(%constant.14242), dimensions={0}, is_stable=true, to_apply=%region_71.275, metadata={op_name="jit(logdensity)/jit(loss_fn)/jit(_impl)/jit(lnu_filter_integral)/jit(sort)/sort" stack_frame_id=6321}

This isn't necessarily a bug; constant-folding is inherently a trade-off between compilation time and speed at runtime. XLA has some guards that attempt to keep constant folding from taking too long, but fundamentally you'll always be able to come up with an input program that takes a long time.

If you'd like to file a bug, run with envvar XLA_FLAGS=--xla_dump_to=/tmp/foo and attach the results.
E0923 23:49:35.603885 114241462 slow_operation_alarm.cc:140] The operation took 2.08556s
Constant folding an instruction is taking > 2s:

  %sort.231 = f64[15878]{0} sort(%constant.14242), dimensions={0}, is_stable=true, to_apply=%region_71.275, metadata={op_name="jit(logdensity)/jit(loss_fn)/jit(_impl)/jit(lnu_filter_integral)/jit(sort)/sort" stack_frame_id=6321}

This isn't necessarily a bug; constant-folding is inherently a trade-off between compilation time and speed at runtime. XLA has some guards that attempt to keep constant folding from taking too long, but fundamentally you'll always be able to come up with an input program that takes a long time.

If you'd like to file a bug, run with envvar XLA_FLAGS=--xla_dump_to=/tmp/foo and attach the results.
