2026-09-21 18:11:41,637 - __main__ - INFO - Applied 5.0% systematic error floor in quadrature. Mean floor contribution: 3.906e-31 erg/s/cm2/Hz
2026-09-21 18:13:47,614 - __main__ - INFO - Galaxy 4056 (z=1.071): 14 detected bands
2026-09-21 18:13:47,615 - __main__ - INFO - Config III: 6 free parameters
2026-09-21 18:13:47,615 - __main__ - INFO - Attempt 1/3: target_accept 0.85, warmup 150, diagonal mass
2026-09-21 18:17:35,073 - tengri.inference.backends.mcmc.nuts - INFO - NUTS: 5 parameters, 150 warmup, 300 samples, target_accept=0.85
2026-09-21 18:23:45,454 - tengri.inference.backends.mcmc.nuts - INFO -   Warmup complete (370.4s). Step size: 0.1916. Divergent in the final warmup window: 0%
2026-09-21 18:33:50,650 - tengri.inference.backends.mcmc.nuts - INFO -   NUTS complete in 975.4s. Divergences: 1/1200 (0.1%). Tree depth: mean 4.5, at cap on 0% of iterations (max_num_doublings=10)
2026-09-21 18:33:51,111 - tengri.inference.mass_profile - INFO - profile_mass reinsertion: waiting for lock analysis/paper1/results/fits/.reinsert.lock
2026-09-21 18:33:51,111 - tengri.inference.mass_profile - INFO - profile_mass reinsertion: lock acquired
2026-09-21 18:38:08,012 - __main__ - WARNING - ✗ Fit failed adoption bar: divergences=1, rhat_max=1.0029, ess_min=365
2026-09-21 18:39:42,476 - __main__ - INFO - Saved results to analysis/paper1/results/fits/4056_III.npz
2026-09-21 18:39:42,478 - __main__ - INFO - Saved diagnostics to analysis/paper1/results/fits/4056_III.json
2026-09-21 18:39:42,480 - __main__ - INFO - Saved the best attempt so far (attempt 1 of 1, divergences=1) before retuning
2026-09-21 18:39:42,481 - __main__ - INFO - Attempt 2/3: target_accept 0.95, warmup 150, diagonal mass
2026-09-21 18:39:47,219 - tengri.inference.backends.mcmc.nuts - INFO - NUTS: 5 parameters, 150 warmup, 300 samples, target_accept=0.95
2026-09-21 18:46:59,870 - tengri.inference.backends.mcmc.nuts - INFO -   Warmup complete (432.7s). Step size: 0.1557. Divergent in the final warmup window: 0%
2026-09-21 19:00:17,747 - tengri.inference.backends.mcmc.nuts - INFO -   NUTS complete in 1230.4s. Divergences: 0/1200 (0.0%). Tree depth: mean 4.6, at cap on 0% of iterations (max_num_doublings=10)
2026-09-21 19:00:17,755 - tengri.inference.mass_profile - INFO - profile_mass reinsertion: waiting for lock analysis/paper1/results/fits/.reinsert.lock
2026-09-21 19:00:17,756 - tengri.inference.mass_profile - INFO - profile_mass reinsertion: lock acquired
2026-09-21 19:04:37,489 - __main__ - INFO - ✓ Fit passed adoption bar: divergences=0, rhat_max=1.0001, ess_min=352
2026-09-21 19:06:06,847 - __main__ - INFO - Saved results to analysis/paper1/results/fits/4056_III.npz
2026-09-21 19:06:06,855 - __main__ - INFO - Saved diagnostics to analysis/paper1/results/fits/4056_III.json
2026-09-21 19:06:06,865 - __main__ - INFO - ✓ Fit complete for galaxy 4056 config III
  MAP initialization (1000 steps)...
  MAP init done (loss=32.59)
  MAP initialization: reusing cached MAP point
