2026-09-23 22:48:35,401 - __main__ - INFO - Applied 5.0% systematic error floor in quadrature. Mean floor contribution: 6.451e-30 erg/s/cm2/Hz
2026-09-23 22:49:02,794 - __main__ - INFO - Galaxy 4171 (z=1.032): 13 detected bands
2026-09-23 22:49:02,795 - __main__ - INFO - Config VI: 11 free parameters
2026-09-23 22:49:02,795 - __main__ - INFO - Attempt 1/3: target_accept 0.85, warmup 150, diagonal mass
E0923 22:49:11.499301 114241918 slow_operation_alarm.cc:73] Constant folding an instruction is taking > 1s:

  %sort.276 = f64[19246]{0} sort(%constant.14383), dimensions={0}, is_stable=true, to_apply=%region_79.295.clone, metadata={op_name="jit(_impl)/jit(lnu_filter_integral)/jit(sort)/sort" stack_frame_id=2723}

This isn't necessarily a bug; constant-folding is inherently a trade-off between compilation time and speed at runtime. XLA has some guards that attempt to keep constant folding from taking too long, but fundamentally you'll always be able to come up with an input program that takes a long time.

If you'd like to file a bug, run with envvar XLA_FLAGS=--xla_dump_to=/tmp/foo and attach the results.
E0923 22:49:11.798956 114241467 slow_operation_alarm.cc:140] The operation took 1.304703s
Constant folding an instruction is taking > 1s:

  %sort.276 = f64[19246]{0} sort(%constant.14383), dimensions={0}, is_stable=true, to_apply=%region_79.295.clone, metadata={op_name="jit(_impl)/jit(lnu_filter_integral)/jit(sort)/sort" stack_frame_id=2723}

This isn't necessarily a bug; constant-folding is inherently a trade-off between compilation time and speed at runtime. XLA has some guards that attempt to keep constant folding from taking too long, but fundamentally you'll always be able to come up with an input program that takes a long time.

If you'd like to file a bug, run with envvar XLA_FLAGS=--xla_dump_to=/tmp/foo and attach the results.
2026-09-23 22:53:56,681 - tengri.inference.backends.mcmc.nuts - INFO - NUTS: 11 parameters, 150 warmup, 300 samples, target_accept=0.85
2026-09-23 23:49:11,358 - tengri.inference.backends.mcmc.nuts - INFO -   Warmup complete (3314.7s). Step size: 0.0116. Divergent in the final warmup window: 7%
E0923 23:49:34.314490 114241918 slow_operation_alarm.cc:73] Constant folding an instruction is taking > 2s:

  %sort.204 = f64[14617]{0} sort(%constant.12609), dimensions={0}, is_stable=true, to_apply=%region_64.241.clone, metadata={op_name="jit(logdensity)/jit(loss_fn)/jit(_impl)/jit(lnu_filter_integral)/jit(sort)/sort" stack_frame_id=5457}

This isn't necessarily a bug; constant-folding is inherently a trade-off between compilation time and speed at runtime. XLA has some guards that attempt to keep constant folding from taking too long, but fundamentally you'll always be able to come up with an input program that takes a long time.

If you'd like to file a bug, run with envvar XLA_FLAGS=--xla_dump_to=/tmp/foo and attach the results.
E0923 23:49:34.426096 114241467 slow_operation_alarm.cc:140] The operation took 2.116072s
Constant folding an instruction is taking > 2s:

  %sort.204 = f64[14617]{0} sort(%constant.12609), dimensions={0}, is_stable=true, to_apply=%region_64.241.clone, metadata={op_name="jit(logdensity)/jit(loss_fn)/jit(_impl)/jit(lnu_filter_integral)/jit(sort)/sort" stack_frame_id=5457}

This isn't necessarily a bug; constant-folding is inherently a trade-off between compilation time and speed at runtime. XLA has some guards that attempt to keep constant folding from taking too long, but fundamentally you'll always be able to come up with an input program that takes a long time.

If you'd like to file a bug, run with envvar XLA_FLAGS=--xla_dump_to=/tmp/foo and attach the results.
