2026-09-21 10:34:27,173 - __main__ - INFO - Applied 5.0% systematic error floor in quadrature. Mean floor contribution: 6.451e-30 erg/s/cm2/Hz
2026-09-21 10:37:02,114 - __main__ - INFO - Galaxy 4171 (z=1.032): 13 detected bands
2026-09-21 10:37:02,114 - __main__ - INFO - Config III: 6 free parameters
2026-09-21 10:37:02,115 - __main__ - INFO - Attempt 1/3: target_accept 0.85, warmup 150, diagonal mass
2026-09-21 10:41:42,822 - tengri.inference.backends.mcmc.nuts - INFO - NUTS: 5 parameters, 150 warmup, 300 samples, target_accept=0.85
2026-09-21 10:54:53,004 - tengri.inference.backends.mcmc.nuts - INFO -   Warmup complete (790.2s). Step size: 0.2117. Divergent in the final warmup window: 0%
2026-09-21 11:08:01,099 - tengri.inference.backends.mcmc.nuts - INFO -   NUTS complete in 1576.9s. Divergences: 0/1200 (0.0%). Tree depth: mean 4.5, at cap on 0% of iterations (max_num_doublings=10)
E0921 11:08:58.377993  869385 slow_operation_alarm.cc:73] Constant folding an instruction is taking > 1s:

  %sort.219 = (f64[1841]{0}, s64[1841]{0}) sort(%constant.8604, %iota.1334), dimensions={0}, is_stable=true, to_apply=%region_37.124, metadata={op_name="jit(_reinsert)/while/body/closed_call/vmap(jit(_impl))/jit(argsort)/sort" stack_frame_id=3049}

This isn't necessarily a bug; constant-folding is inherently a trade-off between compilation time and speed at runtime. XLA has some guards that attempt to keep constant folding from taking too long, but fundamentally you'll always be able to come up with an input program that takes a long time.

If you'd like to file a bug, run with envvar XLA_FLAGS=--xla_dump_to=/tmp/foo and attach the results.
E0921 11:08:58.796076  869291 slow_operation_alarm.cc:140] The operation took 1.420165722s
Constant folding an instruction is taking > 1s:

  %sort.219 = (f64[1841]{0}, s64[1841]{0}) sort(%constant.8604, %iota.1334), dimensions={0}, is_stable=true, to_apply=%region_37.124, metadata={op_name="jit(_reinsert)/while/body/closed_call/vmap(jit(_impl))/jit(argsort)/sort" stack_frame_id=3049}

This isn't necessarily a bug; constant-folding is inherently a trade-off between compilation time and speed at runtime. XLA has some guards that attempt to keep constant folding from taking too long, but fundamentally you'll always be able to come up with an input program that takes a long time.

If you'd like to file a bug, run with envvar XLA_FLAGS=--xla_dump_to=/tmp/foo and attach the results.
2026-09-21 11:15:43,525 - __main__ - INFO - ✓ Fit passed adoption bar: divergences=0, rhat_max=1.0043
2026-09-21 11:17:02,243 - __main__ - INFO - Saved results to analysis/paper1/results/fits/4171_III.npz
2026-09-21 11:17:02,247 - __main__ - INFO - Saved diagnostics to analysis/paper1/results/fits/4171_III.json
2026-09-21 11:17:02,255 - __main__ - INFO - ✓ Fit complete for galaxy 4171 config III
  MAP initialization (1000 steps)...
  MAP init done (loss=24.69)
