2026-09-22 21:04:15,058 - __main__ - INFO - Applied 5.0% systematic error floor in quadrature. Mean floor contribution: 6.451e-30 erg/s/cm2/Hz
2026-09-22 21:07:57,608 - __main__ - INFO - Galaxy 4171 (z=1.032): 13 detected bands
2026-09-22 21:07:57,608 - __main__ - INFO - Config I: 10 free parameters
2026-09-22 21:07:57,608 - __main__ - INFO - Attempt 1/3: target_accept 0.85, warmup 150, diagonal mass
E0922 21:08:15.943654 2575994 slow_operation_alarm.cc:73] Constant folding an instruction is taking > 1s:

  %sort.145 = f64[13356]{0} sort(%constant.6667), dimensions={0}, is_stable=true, to_apply=%region_49.162.clone, metadata={op_name="jit(_impl)/jit(lnu_filter_integral)/jit(sort)/sort" stack_frame_id=1847}

This isn't necessarily a bug; constant-folding is inherently a trade-off between compilation time and speed at runtime. XLA has some guards that attempt to keep constant folding from taking too long, but fundamentally you'll always be able to come up with an input program that takes a long time.

If you'd like to file a bug, run with envvar XLA_FLAGS=--xla_dump_to=/tmp/foo and attach the results.
E0922 21:08:16.464876 2575890 slow_operation_alarm.cc:140] The operation took 1.521377739s
Constant folding an instruction is taking > 1s:

  %sort.145 = f64[13356]{0} sort(%constant.6667), dimensions={0}, is_stable=true, to_apply=%region_49.162.clone, metadata={op_name="jit(_impl)/jit(lnu_filter_integral)/jit(sort)/sort" stack_frame_id=1847}

This isn't necessarily a bug; constant-folding is inherently a trade-off between compilation time and speed at runtime. XLA has some guards that attempt to keep constant folding from taking too long, but fundamentally you'll always be able to come up with an input program that takes a long time.

If you'd like to file a bug, run with envvar XLA_FLAGS=--xla_dump_to=/tmp/foo and attach the results.
E0922 21:08:20.155173 2575994 slow_operation_alarm.cc:73] Constant folding an instruction is taking > 2s:

  %sort.147 = f64[14444]{0} sort(%constant.6819), dimensions={0}, is_stable=true, to_apply=%region_61.214.clone, metadata={op_name="jit(_impl)/jit(lnu_filter_integral)/jit(sort)/sort" stack_frame_id=1847}

This isn't necessarily a bug; constant-folding is inherently a trade-off between compilation time and speed at runtime. XLA has some guards that attempt to keep constant folding from taking too long, but fundamentally you'll always be able to come up with an input program that takes a long time.

If you'd like to file a bug, run with envvar XLA_FLAGS=--xla_dump_to=/tmp/foo and attach the results.
E0922 21:08:20.167393 2575890 slow_operation_alarm.cc:140] The operation took 2.013750965s
Constant folding an instruction is taking > 2s:

  %sort.147 = f64[14444]{0} sort(%constant.6819), dimensions={0}, is_stable=true, to_apply=%region_61.214.clone, metadata={op_name="jit(_impl)/jit(lnu_filter_integral)/jit(sort)/sort" stack_frame_id=1847}

This isn't necessarily a bug; constant-folding is inherently a trade-off between compilation time and speed at runtime. XLA has some guards that attempt to keep constant folding from taking too long, but fundamentally you'll always be able to come up with an input program that takes a long time.

If you'd like to file a bug, run with envvar XLA_FLAGS=--xla_dump_to=/tmp/foo and attach the results.
2026-09-22 21:16:39,276 - tengri.inference.backends.mcmc.nuts - INFO - NUTS: 9 parameters, 150 warmup, 300 samples, target_accept=0.85
2026-09-22 21:58:31,545 - tengri.inference.backends.mcmc.nuts - INFO -   Warmup complete (2512.3s). Step size: 0.0385. Divergent in the final warmup window: 0%
2026-09-22 23:20:30,498 - tengri.inference.backends.mcmc.nuts - INFO -   NUTS complete in 7430.6s. Divergences: 19/1200 (1.6%). Tree depth: mean 6.9, at cap on 0% of iterations (max_num_doublings=10)
2026-09-22 23:20:30,860 - tengri.inference.mass_profile - INFO - profile_mass reinsertion: waiting for lock analysis/paper1/results/fits/.reinsert.lock
2026-09-22 23:20:30,860 - tengri.inference.mass_profile - INFO - profile_mass reinsertion: lock acquired
2026-09-22 23:27:30,394 - __main__ - WARNING - ✗ Fit failed adoption bar: divergences=19, rhat_max=1.0339, ess_min=22
2026-09-22 23:28:56,624 - __main__ - INFO - Saved results to analysis/paper1/results/fits/4171_I.npz
2026-09-22 23:28:56,628 - __main__ - INFO - Saved diagnostics to analysis/paper1/results/fits/4171_I.json
2026-09-22 23:28:56,632 - __main__ - INFO - Saved the best attempt so far (attempt 1 of 1, divergences=19) before retuning
2026-09-22 23:28:56,634 - __main__ - INFO - Attempt 2/3: target_accept 0.95, warmup 150, diagonal mass
2026-09-22 23:29:00,630 - tengri.inference.backends.mcmc.nuts - INFO - NUTS: 9 parameters, 150 warmup, 300 samples, target_accept=0.95
2026-09-23 00:08:21,649 - tengri.inference.backends.mcmc.nuts - INFO -   Warmup complete (2361.0s). Step size: 0.0154. Divergent in the final warmup window: 0%
2026-09-23 02:03:04,443 - tengri.inference.backends.mcmc.nuts - INFO -   NUTS complete in 9243.7s. Divergences: 0/1200 (0.0%). Tree depth: mean 8.0, at cap on 0% of iterations (max_num_doublings=10)
2026-09-23 02:03:04,449 - tengri.inference.mass_profile - INFO - profile_mass reinsertion: waiting for lock analysis/paper1/results/fits/.reinsert.lock
2026-09-23 02:03:04,449 - tengri.inference.mass_profile - INFO - profile_mass reinsertion: lock acquired
2026-09-23 02:07:24,989 - __main__ - INFO - ✓ Fit passed adoption bar: divergences=0, rhat_max=1.0009, ess_min=378
2026-09-23 02:08:19,759 - __main__ - INFO - Saved results to analysis/paper1/results/fits/4171_I.npz
2026-09-23 02:08:19,762 - __main__ - INFO - Saved diagnostics to analysis/paper1/results/fits/4171_I.json
2026-09-23 02:08:19,768 - __main__ - INFO - ✓ Fit complete for galaxy 4171 config I
  MAP initialization (1000 steps)...
  MAP init done (loss=10.83)
  MAP initialization: reusing cached MAP point
