2026-09-22 18:21:10,937 - __main__ - INFO - Applied 5.0% systematic error floor in quadrature. Mean floor contribution: 6.157e-30 erg/s/cm2/Hz
2026-09-22 18:21:25,081 - __main__ - INFO - Galaxy 7837 (z=1.095): 15 detected bands
2026-09-22 18:21:25,083 - __main__ - INFO - Config V: 6 free parameters
2026-09-22 18:21:25,084 - __main__ - INFO - Attempt 1/3: target_accept 0.85, warmup 150, diagonal mass
2026-09-22 18:24:49,386 - tengri.inference.backends.mcmc.nuts - INFO - NUTS: 5 parameters, 150 warmup, 300 samples, target_accept=0.85
2026-09-22 18:36:06,939 - tengri.inference.backends.mcmc.nuts - INFO -   Warmup complete (677.6s). Step size: 0.1257. Divergent in the final warmup window: 0%
2026-09-22 18:45:59,056 - tengri.inference.backends.mcmc.nuts - INFO -   NUTS complete in 1269.5s. Divergences: 7/1200 (0.6%). Tree depth: mean 5.1, at cap on 0% of iterations (max_num_doublings=10)
2026-09-22 18:45:59,452 - tengri.inference.mass_profile - INFO - profile_mass reinsertion: waiting for lock analysis/paper1/results/fits/.reinsert.lock
2026-09-22 18:45:59,453 - tengri.inference.mass_profile - INFO - profile_mass reinsertion: lock acquired
2026-09-22 18:47:56,328 - __main__ - WARNING - ✗ Fit failed adoption bar: divergences=7, rhat_max=1.0001, ess_min=146
2026-09-22 18:48:23,523 - __main__ - INFO - Saved results to analysis/paper1/results/fits/7837_V.npz
2026-09-22 18:48:23,527 - __main__ - INFO - Saved diagnostics to analysis/paper1/results/fits/7837_V.json
2026-09-22 18:48:23,534 - __main__ - INFO - Saved the best attempt so far (attempt 1 of 1, divergences=7) before retuning
2026-09-22 18:48:23,537 - __main__ - INFO - Attempt 2/3: target_accept 0.95, warmup 150, diagonal mass
2026-09-22 18:48:26,394 - tengri.inference.backends.mcmc.nuts - INFO - NUTS: 5 parameters, 150 warmup, 300 samples, target_accept=0.95
2026-09-22 19:03:53,530 - tengri.inference.backends.mcmc.nuts - INFO -   Warmup complete (927.1s). Step size: 0.0529. Divergent in the final warmup window: 0%
E0922 19:04:22.876589 2287848 slow_operation_alarm.cc:73] Constant folding an instruction is taking > 1s:

  %sort.289 = f64[6016]{0} sort(%constant.9950), dimensions={0}, is_stable=true, to_apply=%region_90.88, metadata={op_name="jit(_fun)/shard_map/jit(_nuts_chain_scan)/while/body/closed_call/while/body/while/body/jvp(jit(logdensity))/jit(loss_fn)/jit(_impl)/jit(lnu_filter_integral)/jit(sort)/sort" stack_frame_id=1856}

This isn't necessarily a bug; constant-folding is inherently a trade-off between compilation time and speed at runtime. XLA has some guards that attempt to keep constant folding from taking too long, but fundamentally you'll always be able to come up with an input program that takes a long time.

If you'd like to file a bug, run with envvar XLA_FLAGS=--xla_dump_to=/tmp/foo and attach the results.
E0922 19:04:22.880029 2287746 slow_operation_alarm.cc:140] The operation took 1.003727486s
Constant folding an instruction is taking > 1s:

  %sort.289 = f64[6016]{0} sort(%constant.9950), dimensions={0}, is_stable=true, to_apply=%region_90.88, metadata={op_name="jit(_fun)/shard_map/jit(_nuts_chain_scan)/while/body/closed_call/while/body/while/body/jvp(jit(logdensity))/jit(loss_fn)/jit(_impl)/jit(lnu_filter_integral)/jit(sort)/sort" stack_frame_id=1856}

This isn't necessarily a bug; constant-folding is inherently a trade-off between compilation time and speed at runtime. XLA has some guards that attempt to keep constant folding from taking too long, but fundamentally you'll always be able to come up with an input program that takes a long time.

If you'd like to file a bug, run with envvar XLA_FLAGS=--xla_dump_to=/tmp/foo and attach the results.
2026-09-22 19:24:20,626 - tengri.inference.backends.mcmc.nuts - INFO -   NUTS complete in 2154.1s. Divergences: 0/1200 (0.0%). Tree depth: mean 6.0, at cap on 0% of iterations (max_num_doublings=10)
2026-09-22 19:24:20,629 - tengri.inference.mass_profile - INFO - profile_mass reinsertion: waiting for lock analysis/paper1/results/fits/.reinsert.lock
2026-09-22 19:24:20,630 - tengri.inference.mass_profile - INFO - profile_mass reinsertion: lock acquired
2026-09-22 19:26:23,821 - __main__ - INFO - ✓ Fit passed adoption bar: divergences=0, rhat_max=1.0010, ess_min=217
2026-09-22 19:27:18,946 - __main__ - INFO - Saved results to analysis/paper1/results/fits/7837_V.npz
2026-09-22 19:27:18,958 - __main__ - INFO - Saved diagnostics to analysis/paper1/results/fits/7837_V.json
2026-09-22 19:27:18,966 - __main__ - INFO - ✓ Fit complete for galaxy 7837 config V
  MAP initialization (1000 steps)...
  MAP init done (loss=32.13)
  MAP initialization: reusing cached MAP point
