2026-09-22 15:45:41,909 - __main__ - INFO - Applied 5.0% systematic error floor in quadrature. Mean floor contribution: 1.071e-29 erg/s/cm2/Hz
2026-09-22 15:46:15,450 - __main__ - INFO - Galaxy 79 (z=1.012): 13 detected bands
2026-09-22 15:46:15,450 - __main__ - INFO - Config V: 6 free parameters
2026-09-22 15:46:15,451 - __main__ - INFO - Attempt 1/3: target_accept 0.85, warmup 150, diagonal mass
E0922 15:46:31.715556 1886561 slow_operation_alarm.cc:73] Constant folding an instruction is taking > 1s:

  %sort.134 = f64[6016]{0} sort(%constant.6598), dimensions={0}, is_stable=true, to_apply=%region_65.235.clone, metadata={op_name="jit(_impl)/jit(lnu_filter_integral)/jit(sort)/sort" stack_frame_id=1588}

This isn't necessarily a bug; constant-folding is inherently a trade-off between compilation time and speed at runtime. XLA has some guards that attempt to keep constant folding from taking too long, but fundamentally you'll always be able to come up with an input program that takes a long time.

If you'd like to file a bug, run with envvar XLA_FLAGS=--xla_dump_to=/tmp/foo and attach the results.
E0922 15:46:31.865493 1886467 slow_operation_alarm.cc:140] The operation took 1.150504778s
Constant folding an instruction is taking > 1s:

  %sort.134 = f64[6016]{0} sort(%constant.6598), dimensions={0}, is_stable=true, to_apply=%region_65.235.clone, metadata={op_name="jit(_impl)/jit(lnu_filter_integral)/jit(sort)/sort" stack_frame_id=1588}

This isn't necessarily a bug; constant-folding is inherently a trade-off between compilation time and speed at runtime. XLA has some guards that attempt to keep constant folding from taking too long, but fundamentally you'll always be able to come up with an input program that takes a long time.

If you'd like to file a bug, run with envvar XLA_FLAGS=--xla_dump_to=/tmp/foo and attach the results.
2026-09-22 15:51:33,137 - tengri.inference.backends.mcmc.nuts - INFO - NUTS: 5 parameters, 150 warmup, 300 samples, target_accept=0.85
2026-09-22 16:09:49,285 - tengri.inference.backends.mcmc.nuts - INFO -   Warmup complete (1096.1s). Step size: 0.2005. Divergent in the final warmup window: 7%
2026-09-22 16:19:39,441 - tengri.inference.backends.mcmc.nuts - INFO -   NUTS complete in 1685.2s. Divergences: 24/1200 (2.0%). Tree depth: mean 4.4, at cap on 0% of iterations (max_num_doublings=10)
2026-09-22 16:19:40,251 - tengri.inference.mass_profile - INFO - profile_mass reinsertion: waiting for lock analysis/paper1/results/fits/.reinsert.lock
2026-09-22 16:20:28,286 - tengri.inference.mass_profile - INFO - profile_mass reinsertion: lock acquired
2026-09-22 16:24:34,546 - __main__ - WARNING - ✗ Fit failed adoption bar: divergences=24, rhat_max=1.0015, ess_min=238
2026-09-22 16:25:14,126 - __main__ - INFO - Saved results to analysis/paper1/results/fits/79_V.npz
2026-09-22 16:25:14,128 - __main__ - INFO - Saved diagnostics to analysis/paper1/results/fits/79_V.json
2026-09-22 16:25:14,131 - __main__ - INFO - Saved the best attempt so far (attempt 1 of 1, divergences=24) before retuning
2026-09-22 16:25:14,132 - __main__ - INFO - Attempt 2/3: target_accept 0.95, warmup 150, diagonal mass
2026-09-22 16:25:17,263 - tengri.inference.backends.mcmc.nuts - INFO - NUTS: 5 parameters, 150 warmup, 300 samples, target_accept=0.95
2026-09-22 16:40:43,552 - tengri.inference.backends.mcmc.nuts - INFO -   Warmup complete (926.3s). Step size: 0.0252. Divergent in the final warmup window: 0%
2026-09-22 16:59:56,027 - tengri.inference.backends.mcmc.nuts - INFO -   NUTS complete in 2078.7s. Divergences: 0/1200 (0.0%). Tree depth: mean 6.8, at cap on 0% of iterations (max_num_doublings=10)
2026-09-22 16:59:56,036 - tengri.inference.mass_profile - INFO - profile_mass reinsertion: waiting for lock analysis/paper1/results/fits/.reinsert.lock
2026-09-22 16:59:56,037 - tengri.inference.mass_profile - INFO - profile_mass reinsertion: lock acquired
2026-09-22 17:01:32,334 - __main__ - INFO - ✓ Fit passed adoption bar: divergences=0, rhat_max=1.0012, ess_min=158
2026-09-22 17:01:57,498 - __main__ - INFO - Saved results to analysis/paper1/results/fits/79_V.npz
2026-09-22 17:01:57,500 - __main__ - INFO - Saved diagnostics to analysis/paper1/results/fits/79_V.json
2026-09-22 17:01:57,505 - __main__ - INFO - ✓ Fit complete for galaxy 79 config V
  MAP initialization (1000 steps)...
  MAP init done (loss=47.87)
  MAP initialization: reusing cached MAP point
