2026-09-22 19:27:50,171 - __main__ - INFO - Applied 5.0% systematic error floor in quadrature. Mean floor contribution: 2.178e-30 erg/s/cm2/Hz
2026-09-22 19:28:11,093 - __main__ - INFO - Galaxy 9884 (z=1.048): 15 detected bands
2026-09-22 19:28:11,094 - __main__ - INFO - Config V: 6 free parameters
2026-09-22 19:28:11,095 - __main__ - INFO - Attempt 1/3: target_accept 0.85, warmup 150, diagonal mass
E0922 19:28:31.447123 2407610 slow_operation_alarm.cc:73] Constant folding an instruction is taking > 1s:

  %sort.152 = f64[6016]{0} sort(%constant.7336), dimensions={0}, is_stable=true, to_apply=%region_65.235.clone, metadata={op_name="jit(_impl)/jit(lnu_filter_integral)/jit(sort)/sort" stack_frame_id=1588}

This isn't necessarily a bug; constant-folding is inherently a trade-off between compilation time and speed at runtime. XLA has some guards that attempt to keep constant folding from taking too long, but fundamentally you'll always be able to come up with an input program that takes a long time.

If you'd like to file a bug, run with envvar XLA_FLAGS=--xla_dump_to=/tmp/foo and attach the results.
E0922 19:28:31.691873 2407504 slow_operation_alarm.cc:140] The operation took 1.245036028s
Constant folding an instruction is taking > 1s:

  %sort.152 = f64[6016]{0} sort(%constant.7336), dimensions={0}, is_stable=true, to_apply=%region_65.235.clone, metadata={op_name="jit(_impl)/jit(lnu_filter_integral)/jit(sort)/sort" stack_frame_id=1588}

This isn't necessarily a bug; constant-folding is inherently a trade-off between compilation time and speed at runtime. XLA has some guards that attempt to keep constant folding from taking too long, but fundamentally you'll always be able to come up with an input program that takes a long time.

If you'd like to file a bug, run with envvar XLA_FLAGS=--xla_dump_to=/tmp/foo and attach the results.
2026-09-22 19:34:39,005 - tengri.inference.backends.mcmc.nuts - INFO - NUTS: 5 parameters, 150 warmup, 300 samples, target_accept=0.85
2026-09-22 19:49:45,278 - tengri.inference.backends.mcmc.nuts - INFO -   Warmup complete (906.3s). Step size: 0.0775. Divergent in the final warmup window: 0%
2026-09-22 20:19:24,144 - tengri.inference.backends.mcmc.nuts - INFO -   NUTS complete in 2684.0s. Divergences: 0/1200 (0.0%). Tree depth: mean 5.8, at cap on 0% of iterations (max_num_doublings=10)
2026-09-22 20:19:24,942 - tengri.inference.mass_profile - INFO - profile_mass reinsertion: waiting for lock analysis/paper1/results/fits/.reinsert.lock
2026-09-22 20:19:24,942 - tengri.inference.mass_profile - INFO - profile_mass reinsertion: lock acquired
2026-09-22 20:24:40,905 - __main__ - INFO - ✓ Fit passed adoption bar: divergences=0, rhat_max=1.0017, ess_min=221
2026-09-22 20:25:38,298 - __main__ - INFO - Saved results to analysis/paper1/results/fits/9884_V.npz
2026-09-22 20:25:38,304 - __main__ - INFO - Saved diagnostics to analysis/paper1/results/fits/9884_V.json
2026-09-22 20:25:38,312 - __main__ - INFO - ✓ Fit complete for galaxy 9884 config V
  MAP initialization (1000 steps)...
  MAP init done (loss=23.07)
