2026-09-24 01:49:10,871 - __main__ - INFO - Applied 5.0% systematic error floor in quadrature. Mean floor contribution: 2.178e-30 erg/s/cm2/Hz
2026-09-24 01:49:30,477 - __main__ - INFO - Galaxy 9884 (z=1.048): 15 detected bands
2026-09-24 01:49:30,478 - __main__ - INFO - Config II: 7 free parameters
2026-09-24 01:49:30,478 - __main__ - INFO - Attempt 1/3: target_accept 0.85, warmup 150, diagonal mass
E0924 01:49:42.705312 114723254 slow_operation_alarm.cc:73] Constant folding an instruction is taking > 1s:

  %sort.151 = f64[15817]{0} sort(%constant.7226), dimensions={0}, is_stable=true, to_apply=%region_59.209.clone, metadata={op_name="jit(_impl)/jit(lnu_filter_integral)/jit(sort)/sort" stack_frame_id=1582}

This isn't necessarily a bug; constant-folding is inherently a trade-off between compilation time and speed at runtime. XLA has some guards that attempt to keep constant folding from taking too long, but fundamentally you'll always be able to come up with an input program that takes a long time.

If you'd like to file a bug, run with envvar XLA_FLAGS=--xla_dump_to=/tmp/foo and attach the results.
E0924 01:49:43.062913 114723152 slow_operation_alarm.cc:140] The operation took 1.361683s
Constant folding an instruction is taking > 1s:

  %sort.151 = f64[15817]{0} sort(%constant.7226), dimensions={0}, is_stable=true, to_apply=%region_59.209.clone, metadata={op_name="jit(_impl)/jit(lnu_filter_integral)/jit(sort)/sort" stack_frame_id=1582}

This isn't necessarily a bug; constant-folding is inherently a trade-off between compilation time and speed at runtime. XLA has some guards that attempt to keep constant folding from taking too long, but fundamentally you'll always be able to come up with an input program that takes a long time.

If you'd like to file a bug, run with envvar XLA_FLAGS=--xla_dump_to=/tmp/foo and attach the results.
E0924 01:50:25.544165 114723254 slow_operation_alarm.cc:73] Constant folding an instruction is taking > 2s:

  %sort.154 = f64[20446]{0} sort(%constant.7454), dimensions={0}, is_stable=true, to_apply=%region_77.289.clone, metadata={op_name="jit(_impl)/jit(lnu_filter_integral)/jit(sort)/sort" stack_frame_id=1582}

This isn't necessarily a bug; constant-folding is inherently a trade-off between compilation time and speed at runtime. XLA has some guards that attempt to keep constant folding from taking too long, but fundamentally you'll always be able to come up with an input program that takes a long time.

If you'd like to file a bug, run with envvar XLA_FLAGS=--xla_dump_to=/tmp/foo and attach the results.
E0924 01:50:25.957670 114723152 slow_operation_alarm.cc:140] The operation took 2.418557s
Constant folding an instruction is taking > 2s:

  %sort.154 = f64[20446]{0} sort(%constant.7454), dimensions={0}, is_stable=true, to_apply=%region_77.289.clone, metadata={op_name="jit(_impl)/jit(lnu_filter_integral)/jit(sort)/sort" stack_frame_id=1582}

This isn't necessarily a bug; constant-folding is inherently a trade-off between compilation time and speed at runtime. XLA has some guards that attempt to keep constant folding from taking too long, but fundamentally you'll always be able to come up with an input program that takes a long time.

If you'd like to file a bug, run with envvar XLA_FLAGS=--xla_dump_to=/tmp/foo and attach the results.
2026-09-24 01:53:12,768 - tengri.inference.backends.mcmc.nuts - INFO - NUTS: 6 parameters, 150 warmup, 300 samples, target_accept=0.85
