2026-09-24 12:48:07,058 - __main__ - INFO - Applied 5.0% systematic error floor in quadrature. Mean floor contribution: 1.871e-29 erg/s/cm2/Hz
2026-09-24 12:49:10,923 - __main__ - INFO - Galaxy 25206 (z=1.042): 14 detected bands
2026-09-24 12:49:10,923 - __main__ - INFO - Config I: 10 free parameters
2026-09-24 12:49:10,923 - __main__ - INFO - Attempt 1/3: target_accept 0.85, warmup 150, diagonal mass
E0924 12:49:30.480474 116412297 slow_operation_alarm.cc:73] Constant folding an instruction is taking > 1s:

  %sort.154 = f64[13396]{0} sort(%constant.7145), dimensions={0}, is_stable=true, to_apply=%region_49.164.clone, metadata={op_name="jit(_impl)/jit(lnu_filter_integral)/jit(sort)/sort" stack_frame_id=1881}

This isn't necessarily a bug; constant-folding is inherently a trade-off between compilation time and speed at runtime. XLA has some guards that attempt to keep constant folding from taking too long, but fundamentally you'll always be able to come up with an input program that takes a long time.

If you'd like to file a bug, run with envvar XLA_FLAGS=--xla_dump_to=/tmp/foo and attach the results.
E0924 12:49:30.941520 116412189 slow_operation_alarm.cc:140] The operation took 1.469822s
Constant folding an instruction is taking > 1s:

  %sort.154 = f64[13396]{0} sort(%constant.7145), dimensions={0}, is_stable=true, to_apply=%region_49.164.clone, metadata={op_name="jit(_impl)/jit(lnu_filter_integral)/jit(sort)/sort" stack_frame_id=1881}

This isn't necessarily a bug; constant-folding is inherently a trade-off between compilation time and speed at runtime. XLA has some guards that attempt to keep constant folding from taking too long, but fundamentally you'll always be able to come up with an input program that takes a long time.

If you'd like to file a bug, run with envvar XLA_FLAGS=--xla_dump_to=/tmp/foo and attach the results.
E0924 12:50:23.914567 116412297 slow_operation_alarm.cc:73] Constant folding an instruction is taking > 2s:

  %sort.156 = f64[14484]{0} sort(%constant.7297), dimensions={0}, is_stable=true, to_apply=%region_61.217.clone, metadata={op_name="jit(_impl)/jit(lnu_filter_integral)/jit(sort)/sort" stack_frame_id=1881}

This isn't necessarily a bug; constant-folding is inherently a trade-off between compilation time and speed at runtime. XLA has some guards that attempt to keep constant folding from taking too long, but fundamentally you'll always be able to come up with an input program that takes a long time.

If you'd like to file a bug, run with envvar XLA_FLAGS=--xla_dump_to=/tmp/foo and attach the results.
E0924 12:50:23.977577 116412189 slow_operation_alarm.cc:140] The operation took 2.071003s
Constant folding an instruction is taking > 2s:

  %sort.156 = f64[14484]{0} sort(%constant.7297), dimensions={0}, is_stable=true, to_apply=%region_61.217.clone, metadata={op_name="jit(_impl)/jit(lnu_filter_integral)/jit(sort)/sort" stack_frame_id=1881}

This isn't necessarily a bug; constant-folding is inherently a trade-off between compilation time and speed at runtime. XLA has some guards that attempt to keep constant folding from taking too long, but fundamentally you'll always be able to come up with an input program that takes a long time.

If you'd like to file a bug, run with envvar XLA_FLAGS=--xla_dump_to=/tmp/foo and attach the results.
