2026-09-24 11:49:37,806 - __main__ - INFO - Applied 5.0% systematic error floor in quadrature. Mean floor contribution: 7.028e-30 erg/s/cm2/Hz
2026-09-24 11:51:44,244 - __main__ - INFO - Galaxy 22173 (z=1.037): 14 detected bands
2026-09-24 11:51:44,245 - __main__ - INFO - Config I: 10 free parameters
2026-09-24 11:51:44,245 - __main__ - INFO - Attempt 1/3: target_accept 0.85, warmup 150, diagonal mass
E0924 11:52:21.482187 116294000 slow_operation_alarm.cc:73] Constant folding an instruction is taking > 1s:

  %sort.154 = f64[13396]{0} sort(%constant.7145), dimensions={0}, is_stable=true, to_apply=%region_49.164.clone, metadata={op_name="jit(_impl)/jit(lnu_filter_integral)/jit(sort)/sort" stack_frame_id=1881}

This isn't necessarily a bug; constant-folding is inherently a trade-off between compilation time and speed at runtime. XLA has some guards that attempt to keep constant folding from taking too long, but fundamentally you'll always be able to come up with an input program that takes a long time.

If you'd like to file a bug, run with envvar XLA_FLAGS=--xla_dump_to=/tmp/foo and attach the results.
E0924 11:52:22.989900 116293786 slow_operation_alarm.cc:140] The operation took 2.517554s
Constant folding an instruction is taking > 1s:

  %sort.154 = f64[13396]{0} sort(%constant.7145), dimensions={0}, is_stable=true, to_apply=%region_49.164.clone, metadata={op_name="jit(_impl)/jit(lnu_filter_integral)/jit(sort)/sort" stack_frame_id=1881}

This isn't necessarily a bug; constant-folding is inherently a trade-off between compilation time and speed at runtime. XLA has some guards that attempt to keep constant folding from taking too long, but fundamentally you'll always be able to come up with an input program that takes a long time.

If you'd like to file a bug, run with envvar XLA_FLAGS=--xla_dump_to=/tmp/foo and attach the results.
E0924 11:52:25.019055 116294000 slow_operation_alarm.cc:73] Constant folding an instruction is taking > 2s:

  %sort.155 = f64[13159]{0} sort(%constant.7221), dimensions={0}, is_stable=true, to_apply=%region_55.190.clone, metadata={op_name="jit(_impl)/jit(lnu_filter_integral)/jit(sort)/sort" stack_frame_id=1881}

This isn't necessarily a bug; constant-folding is inherently a trade-off between compilation time and speed at runtime. XLA has some guards that attempt to keep constant folding from taking too long, but fundamentally you'll always be able to come up with an input program that takes a long time.

If you'd like to file a bug, run with envvar XLA_FLAGS=--xla_dump_to=/tmp/foo and attach the results.
E0924 11:52:25.996696 116293786 slow_operation_alarm.cc:140] The operation took 2.987113s
Constant folding an instruction is taking > 2s:

  %sort.155 = f64[13159]{0} sort(%constant.7221), dimensions={0}, is_stable=true, to_apply=%region_55.190.clone, metadata={op_name="jit(_impl)/jit(lnu_filter_integral)/jit(sort)/sort" stack_frame_id=1881}

This isn't necessarily a bug; constant-folding is inherently a trade-off between compilation time and speed at runtime. XLA has some guards that attempt to keep constant folding from taking too long, but fundamentally you'll always be able to come up with an input program that takes a long time.

If you'd like to file a bug, run with envvar XLA_FLAGS=--xla_dump_to=/tmp/foo and attach the results.
E0924 11:52:36.870684 116294000 slow_operation_alarm.cc:73] Constant folding an instruction is taking > 4s:

  %sort.158 = f64[19113]{0} sort(%constant.7449), dimensions={0}, is_stable=true, to_apply=%region_73.268.clone, metadata={op_name="jit(_impl)/jit(lnu_filter_integral)/jit(sort)/sort" stack_frame_id=1881}

This isn't necessarily a bug; constant-folding is inherently a trade-off between compilation time and speed at runtime. XLA has some guards that attempt to keep constant folding from taking too long, but fundamentally you'll always be able to come up with an input program that takes a long time.

If you'd like to file a bug, run with envvar XLA_FLAGS=--xla_dump_to=/tmp/foo and attach the results.
E0924 11:52:37.647533 116293786 slow_operation_alarm.cc:140] The operation took 4.785719s
Constant folding an instruction is taking > 4s:

  %sort.158 = f64[19113]{0} sort(%constant.7449), dimensions={0}, is_stable=true, to_apply=%region_73.268.clone, metadata={op_name="jit(_impl)/jit(lnu_filter_integral)/jit(sort)/sort" stack_frame_id=1881}

This isn't necessarily a bug; constant-folding is inherently a trade-off between compilation time and speed at runtime. XLA has some guards that attempt to keep constant folding from taking too long, but fundamentally you'll always be able to come up with an input program that takes a long time.

If you'd like to file a bug, run with envvar XLA_FLAGS=--xla_dump_to=/tmp/foo and attach the results.
2026-09-24 12:05:45,145 - tengri.inference.backends.mcmc.nuts - INFO - NUTS: 9 parameters, 150 warmup, 300 samples, target_accept=0.85
2026-09-24 12:25:55,283 - tengri.inference.backends.mcmc.nuts - INFO -   Warmup complete (1210.1s). Step size: 0.0461. Divergent in the final warmup window: 7%
